Component: ARM Compiler 5.06 update 4 (build 422) Tool: armlink [4d35d2]

==============================================================================

Section Cross References

    hello.o(i.main) refers to noretval__2fprintf.o(.text) for __2fprintf
    hello.o(i.main) refers to stdio_streams.o(.bss) for __stdout
    startup_mk64f12.o(RESET) refers to startup_mk64f12.o(.text) for Reset_Handler
    startup_mk64f12.o(.text) refers to startup_mk64f12.o(FlashConfig) for FlashConfig
    startup_mk64f12.o(.text) refers to system_mk64f12.o(i.SystemInit) for SystemInit
    startup_mk64f12.o(.text) refers to startup.o(i.init_data_bss) for init_data_bss
    startup_mk64f12.o(.text) refers to __main.o(!!!main) for __main
    system_mk64f12.o(i.SystemCoreClockUpdate) refers to system_mk64f12.o(.data) for SystemCoreClock
    __2fprintf.o(.text) refers to _printf_char_file.o(.text) for _printf_char_file
    noretval__2fprintf.o(.text) refers to _printf_char_file.o(.text) for _printf_char_file
    stdio_streams.o(.bss) refers (Special) to initio.o(.text) for _initio
    stdio_streams.o(.bss) refers (Special) to initio.o(.text) for _initio
    stdio_streams.o(.bss) refers (Special) to initio.o(.text) for _initio
    stdio_streams.o(.data) refers (Special) to initio.o(.text) for _initio
    stdio_streams.o(.data) refers (Special) to initio.o(.text) for _initio
    stdio_streams.o(.data) refers (Special) to initio.o(.text) for _initio
    __main.o(!!!main) refers to __rtentry.o(.ARM.Collect$$rtentry$$00000000) for __rt_entry
    __rtentry.o(.ARM.Collect$$rtentry$$00000000) refers (Special) to __rtentry2.o(.ARM.Collect$$rtentry$$0000000A) for __rt_entry_li
    __rtentry.o(.ARM.Collect$$rtentry$$00000000) refers (Special) to __rtentry2.o(.ARM.Collect$$rtentry$$0000000D) for __rt_entry_main
    __rtentry.o(.ARM.Collect$$rtentry$$00000000) refers (Special) to __rtentry2.o(.ARM.Collect$$rtentry$$0000000C) for __rt_entry_postli_1
    __rtentry.o(.ARM.Collect$$rtentry$$00000000) refers (Special) to __rtentry2.o(.ARM.Collect$$rtentry$$00000009) for __rt_entry_postsh_1
    __rtentry.o(.ARM.Collect$$rtentry$$00000000) refers (Special) to __rtentry2.o(.ARM.Collect$$rtentry$$00000002) for __rt_entry_presh_1
    __rtentry.o(.ARM.Collect$$rtentry$$00000000) refers (Special) to __rtentry7.o(.ARM.Collect$$rtentry$$00000007) for __rt_entry_sh
    _printf_char_file.o(.text) refers to _printf_char_common.o(.text) for _printf_char_common
    _printf_char_file.o(.text) refers to ferror.o(.text) for ferror
    _printf_char_file.o(.text) refers to fputc.o(i.fputc) for fputc
    initio.o(.text) refers (Special) to libinit2.o(.ARM.Collect$$libinit$$00000024) for __rt_lib_init_stdio_2
    initio.o(.text) refers (Special) to libshutdown2.o(.ARM.Collect$$libshutdown$$00000003) for __rt_lib_shutdown_stdio_2
    initio.o(.text) refers to rt_memclr_w.o(.text) for __aeabi_memclr4
    initio.o(.text) refers to fopen.o(.text) for freopen
    initio.o(.text) refers to defsig_rtred_outer.o(.text) for __rt_SIGRTRED
    initio.o(.text) refers to setvbuf.o(.text) for setvbuf
    initio.o(.text) refers to fclose.o(.text) for _fclose_internal
    initio.o(.text) refers to h1_free.o(.text) for free
    initio.o(.text) refers to stdio_streams.o(.bss) for __stdin
    initio.o(.text) refers to stdio_streams.o(.bss) for __stdout
    initio.o(.text) refers to stdio_streams.o(.bss) for __stderr
    initio.o(.text) refers to stdio_streams.o(.data) for __aeabi_stdin
    initio.o(.text) refers to stdio_streams.o(.data) for __aeabi_stdout
    initio.o(.text) refers to stdio_streams.o(.data) for __aeabi_stderr
    initio.o(.text) refers to sys_io.o(.constdata) for __stdin_name
    initio.o(.text) refers to sys_io.o(.constdata) for __stdout_name
    initio.o(.text) refers to sys_io.o(.constdata) for __stderr_name
    initio_locked.o(.text) refers (Special) to libinit2.o(.ARM.Collect$$libinit$$00000024) for __rt_lib_init_stdio_2
    initio_locked.o(.text) refers (Special) to libshutdown2.o(.ARM.Collect$$libshutdown$$00000003) for __rt_lib_shutdown_stdio_2
    initio_locked.o(.text) refers to rt_memclr_w.o(.text) for __aeabi_memclr4
    initio_locked.o(.text) refers to fopen.o(.text) for freopen
    initio_locked.o(.text) refers to defsig_rtred_outer.o(.text) for __rt_SIGRTRED
    initio_locked.o(.text) refers to setvbuf.o(.text) for setvbuf
    initio_locked.o(.text) refers to fclose.o(.text) for _fclose_internal
    initio_locked.o(.text) refers to h1_free.o(.text) for free
    initio_locked.o(.text) refers to stdio_streams.o(.bss) for __stdin
    initio_locked.o(.text) refers to stdio_streams.o(.bss) for __stdout
    initio_locked.o(.text) refers to stdio_streams.o(.bss) for __stderr
    initio_locked.o(.text) refers to stdio_streams.o(.data) for __aeabi_stdin
    initio_locked.o(.text) refers to stdio_streams.o(.data) for __aeabi_stdout
    initio_locked.o(.text) refers to stdio_streams.o(.data) for __aeabi_stderr
[...]
    h1_free.o(.text) refers to rt_heap_descriptor_intlibspace.o(.text) for __rt_heap_descriptor
    h1_free_mt.o(.text) refers to rt_heap_descriptor_intlibspace.o(.text) for __rt_heap_descriptor
    heap2.o(i._FDIterate) refers to heap2.o(.conststring) for .conststring
    heap2.o(i.___Heap_ProvideMemory$realtime) refers to fdtree.o(i._FDTree_Delete) for _FDTree_Delete
    heap2.o(i.___Heap_ProvideMemory$realtime) refers to fdtree.o(i._FDTree_Insert) for _FDTree_Insert
    heap2.o(i.___Heap_Stats$realtime) refers to heap2.o(i._Heap2_StatsIterate) for _Heap2_StatsIterate
    heap2.o(i.___Heap_Valid$realtime) refers to heap2.o(i._FDIterate) for _FDIterate
    heap2.o(i.___Heap_Valid$realtime) refers to heap2.o(.conststring) for .conststring
    heap2.o(i._free$realtime) refers to rt_heap_descriptor_intlibspace.o(.text) for __rt_heap_descriptor
    heap2.o(i._free$realtime) refers to fdtree.o(i._FDTree_Delete) for _FDTree_Delete
    heap2.o(i._free$realtime) refers to fdtree.o(i._FDTree_Insert) for _FDTree_Insert
    heap2.o(i._malloc$realtime) refers to rt_heap_descriptor_intlibspace.o(.text) for __rt_heap_descriptor
    heap2.o(i._malloc$realtime) refers to fdtree.o(i._FDTree_FindFirst) for _FDTree_FindFirst
    heap2.o(i._malloc$realtime) refers to init_alloc.o(.text) for __Heap_Full
    heap2.o(i._malloc$realtime) refers to fdtree.o(i._FDTree_RemoveNode) for _FDTree_RemoveNode
    heap2.o(i._malloc$realtime) refers to fdtree.o(i._FDTree_Insert) for _FDTree_Insert
    heap2.o(i._posix_memalign$realtime) refers to rt_heap_descriptor_intlibspace.o(.text) for __rt_heap_descriptor
    heap2.o(i._posix_memalign$realtime) refers to fdtree.o(i._FDTree_FindFirst) for _FDTree_FindFirst
    heap2.o(i._posix_memalign$realtime) refers to init_alloc.o(.text) for __Heap_Full
    heap2.o(i._posix_memalign$realtime) refers to fdtree.o(i._FDTree_RemoveNode) for _FDTree_RemoveNode
    heap2.o(i._posix_memalign$realtime) refers to fdtree.o(i._FDTree_Insert) for _FDTree_Insert
    heap2.o(i._realloc$realtime) refers to rt_heap_descriptor_intlibspace.o(.text) for __rt_heap_descriptor
    heap2.o(i._realloc$realtime) refers to fdtree.o(i._FDTree_Insert) for _FDTree_Insert
    heap2.o(i._realloc$realtime) refers to h1_free.o(.text) for free
    heap2.o(i._realloc$realtime) refers to h1_alloc.o(.text) for malloc
    heap2.o(i._realloc$realtime) refers to fdtree.o(i._FDTree_Delete) for _FDTree_Delete
    heap2.o(i._realloc$realtime) refers to rt_memcpy_w.o(.text) for __aeabi_memcpy4
    heap2mt.o(i._FDIterate) refers to heap2mt.o(.conststring) for .conststring
    heap2mt.o(i.___Heap_Initialize$realtime$concurrent) refers to mutex_dummy.o(.text) for _mutex_initialize
    heap2mt.o(i.___Heap_ProvideMemory$realtime$concurrent) refers to fdtree.o(i._FDTree_Delete) for _FDTree_Delete
    heap2mt.o(i.___Heap_ProvideMemory$realtime$concurrent) refers to fdtree.o(i._FDTree_Insert) for _FDTree_Insert
    heap2mt.o(i.___Heap_Stats$realtime$concurrent) refers to heap2mt.o(i._Heap2_StatsIterate) for _Heap2_StatsIterate
    heap2mt.o(i.___Heap_Valid$realtime$concurrent) refers to heap2mt.o(i._FDIterate) for _FDIterate
    heap2mt.o(i.___Heap_Valid$realtime$concurrent) refers to heap2mt.o(.conststring) for .conststring
    heap2mt.o(i._free$realtime$concurrent) refers to rt_heap_descriptor_intlibspace.o(.text) for __rt_heap_descriptor
    heap2mt.o(i._free$realtime$concurrent) refers to fdtree.o(i._FDTree_Delete) for _FDTree_Delete
    heap2mt.o(i._free$realtime$concurrent) refers to fdtree.o(i._FDTree_Insert) for _FDTree_Insert
    heap2mt.o(i._malloc$realtime$concurrent) refers to rt_heap_descriptor_intlibspace.o(.text) for __rt_heap_descriptor
    heap2mt.o(i._malloc$realtime$concurrent) refers to fdtree.o(i._FDTree_FindFirst) for _FDTree_FindFirst
    heap2mt.o(i._malloc$realtime$concurrent) refers to init_alloc.o(.text) for __Heap_Full
    heap2mt.o(i._malloc$realtime$concurrent) refers to fdtree.o(i._FDTree_RemoveNode) for _FDTree_RemoveNode
    heap2mt.o(i._malloc$realtime$concurrent) refers to fdtree.o(i._FDTree_Insert) for _FDTree_Insert
    heap2mt.o(i._posix_memalign$realtime$concurrent) refers to rt_heap_descriptor_intlibspace.o(.text) for __rt_heap_descriptor
    heap2mt.o(i._posix_memalign$realtime$concurrent) refers to fdtree.o(i._FDTree_FindFirst) for _FDTree_FindFirst
    heap2mt.o(i._posix_memalign$realtime$concurrent) refers to init_alloc.o(.text) for __Heap_Full
    heap2mt.o(i._posix_memalign$realtime$concurrent) refers to fdtree.o(i._FDTree_RemoveNode) for _FDTree_RemoveNode
    heap2mt.o(i._posix_memalign$realtime$concurrent) refers to fdtree.o(i._FDTree_Insert) for _FDTree_Insert
    heap2mt.o(i._realloc$realtime$concurrent) refers to rt_heap_descriptor_intlibspace.o(.text) for __rt_heap_descriptor
    heap2mt.o(i._realloc$realtime$concurrent) refers to fdtree.o(i._FDTree_Insert) for _FDTree_Insert
    heap2mt.o(i._realloc$realtime$concurrent) refers to h1_free.o(.text) for free
    heap2mt.o(i._realloc$realtime$concurrent) refers to h1_alloc.o(.text) for malloc
    heap2mt.o(i._realloc$realtime$concurrent) refers to fdtree.o(i._FDTree_Delete) for _FDTree_Delete
    heap2mt.o(i._realloc$realtime$concurrent) refers to rt_memcpy_w.o(.text) for __aeabi_memcpy4
    _printf_char_common.o(.text) refers to __printf_nopercent.o(.text) for __printf
    fputc.o(i.fputc) refers to flsbuf.o(.text) for __flsbuf_byte
    streamlock.o(.data) refers (Special) to initio.o(.text) for _initio
    fopen.o(.text) refers to fclose.o(.text) for _fclose_internal
    fopen.o(.text) refers to sys_io.o(.text) for _sys_open
    fopen.o(.text) refers to fseek.o(.text) for _fseek
    fopen.o(.text) refers to h1_alloc.o(.text) for malloc
    fopen.o(.text) refers to rt_memclr_w.o(.text) for __aeabi_memclr4
    fopen.o(.text) refers to stdio_streams.o(.bss) for __stdin
    fclose.o(.text) refers to stdio.o(.text) for _fflush
    fclose.o(.text) refers to sys_io.o(.text) for _sys_close
    fclose.o(.text) refers to h1_free.o(.text) for free
    fclose.o(.text) refers to rt_memclr_w.o(.text) for __aeabi_memclr4
    fopen_locked.o(.text) refers to fclose.o(.text) for _fclose_internal
    fopen_locked.o(.text) refers to sys_io.o(.text) for _sys_open
    fopen_locked.o(.text) refers to fseek.o(.text) for _fseek
    fopen_locked.o(.text) refers to h1_alloc.o(.text) for malloc
    fopen_locked.o(.text) refers to rt_memclr_w.o(.text) for __aeabi_memclr4
    fopen_locked.o(.text) refers to streamlock.o(.data) for _stream_list_lock
    fopen_locked.o(.text) refers to stdio_streams.o(.bss) for __stdin
    defsig_rtred_outer.o(.text) refers to defsig_rtred_inner.o(.text) for __rt_SIGRTRED_inner
    defsig_rtred_outer.o(.text) refers to defsig_exit.o(.text) for __sig_exit
    defsig_rtred_formal.o(.text) refers to rt_raise.o(.text) for __rt_raise
    libinit2.o(.ARM.Collect$$libinit$$00000001) refers to fpinit.o(x$fpl$fpinit) for _fp_init
    libinit2.o(.ARM.Collect$$libinit$$00000005) refers (Weak) to init_alloc.o(.text) for _init_alloc
    libinit2.o(.ARM.Collect$$libinit$$00000010) refers to libinit2.o(.ARM.Collect$$libinit$$0000000F) for .ARM.Collect$$libinit$$0000000F
    libinit2.o(.ARM.Collect$$libinit$$00000012) refers to libinit2.o(.ARM.Collect$$libinit$$0000000F) for .ARM.Collect$$libinit$$0000000F
    libinit2.o(.ARM.Collect$$libinit$$00000014) refers to libinit2.o(.ARM.Collect$$libinit$$0000000F) for .ARM.Collect$$libinit$$0000000F
    libinit2.o(.ARM.Collect$$libinit$$00000016) refers to libinit2.o(.ARM.Collect$$libinit$$0000000F) for .ARM.Collect$$libinit$$0000000F
    libinit2.o(.ARM.Collect$$libinit$$00000018) refers to libinit2.o(.ARM.Collect$$libinit$$0000000F) for .ARM.Collect$$libinit$$0000000F
    libinit2.o(.ARM.Collect$$libinit$$00000024) refers (Weak) to initio.o(.text) for _initio
    libinit2.o(.ARM.Collect$$libinit$$00000026) refers to argv_veneer.o(.emb_text) for __ARM_argv_veneer
    libinit2.o(.ARM.Collect$$libinit$$00000027) refers to argv_veneer.o(.emb_text) for __ARM_argv_veneer
    libshutdown2.o(.ARM.Collect$$libshutdown$$00000003) refers (Weak) to initio.o(.text) for _terminateio
    libshutdown2.o(.ARM.Collect$$libshutdown$$0000000D) refers (Weak) to term_alloc.o(.text) for _terminate_alloc
    sys_stackheap_outer.o(.text) refers to libspace.o(.text) for __user_perproc_libspace
    sys_stackheap_outer.o(.text) refers to sys_stackheap.o(.text) for __user_initial_stackheap
    rt_raise.o(.text) refers to __raise.o(.text) for __raise
    rt_raise.o(.text) refers to sys_exit.o(.text) for _sys_exit
    rt_heap_descriptor.o(.text) refers to rt_heap_descriptor.o(.bss) for __rt_heap_descriptor_data
    rt_heap_descriptor_intlibspace.o(.text) refers to libspace.o(.bss) for __libspace_start
    init_alloc.o(.text) refers (Special) to hguard.o(.text) for __heap$guard
    init_alloc.o(.text) refers (Special) to libinit5.o(.ARM.Collect$$libinit$$00000008) for __rt_lib_init_heap_2
    init_alloc.o(.text) refers (Special) to maybetermalloc1.o(.emb_text) for _maybe_terminate_alloc
    init_alloc.o(.text) refers to h1_extend.o(.text) for __Heap_ProvideMemory
    init_alloc.o(.text) refers to defsig_rtmem_outer.o(.text) for __rt_SIGRTMEM
    init_alloc.o(.text) refers to rt_heap_descriptor_intlibspace.o(.text) for __rt_heap_descriptor
    init_alloc.o(.text) refers to h1_init.o(.text) for __Heap_Initialize
    malloc.o(.text) refers (Special) to hguard.o(.text) for __heap$guard
    malloc.o(.text) refers (Special) to init_alloc.o(.text) for _init_alloc
    malloc.o(.text) refers to rt_heap_descriptor_intlibspace.o(.text) for __rt_heap_descriptor
    malloc.o(.text) refers to heapstubs.o(.text) for __Heap_Alloc
    h1_alloc.o(.text) refers (Special) to h1_init.o(.text) for __Heap_Initialize
    h1_alloc.o(.text) refers to rt_heap_descriptor_intlibspace.o(.text) for __rt_heap_descriptor
    h1_alloc.o(.text) refers to init_alloc.o(.text) for __Heap_Full
    h1_alloc_mt.o(.text) refers (Special) to h1_init.o(.text) for __Heap_Initialize
    h1_alloc_mt.o(.text) refers to init_alloc.o(.text) for __Heap_Full
    h1_alloc_mt.o(.text) refers to rt_heap_descriptor_intlibspace.o(.text) for __rt_heap_descriptor
    flsbuf.o(.text) refers to stdio.o(.text) for _deferredlazyseek
    flsbuf.o(.text) refers to sys_io.o(.text) for _sys_flen
    flsbuf.o(.text) refers to h1_alloc.o(.text) for malloc
    fseek.o(.text) refers to sys_io.o(.text) for _sys_istty
    fseek.o(.text) refers to ftell.o(.text) for _ftell_internal
    fseek.o(.text) refers to stdio.o(.text) for _seterr
    stdio.o(.text) refers to sys_io.o(.text) for _sys_seek
    exit.o(.text) refers to rtexit.o(.ARM.Collect$$rtexit$$00000000) for __rt_exit
    defsig_exit.o(.text) refers to sys_exit.o(.text) for _sys_exit
    defsig_rtred_inner.o(.text) refers to defsig_general.o(.text) for __default_signal_display
    argv_veneer.o(.emb_text) refers to no_argv.o(.text) for __ARM_get_argv
    libinit.o(.ARM.Collect$$libinit$$00000000) refers (Special) to libinit2.o(.ARM.Collect$$libinit$$0000002E) for __rt_lib_init_alloca_1
    libinit.o(.ARM.Collect$$libinit$$00000000) refers (Special) to libinit2.o(.ARM.Collect$$libinit$$0000002C) for __rt_lib_init_argv_1
    libinit.o(.ARM.Collect$$libinit$$00000000) refers (Special) to libinit2.o(.ARM.Collect$$libinit$$0000001B) for __rt_lib_init_atexit_1
    libinit.o(.ARM.Collect$$libinit$$00000000) refers (Special) to libinit2.o(.ARM.Collect$$libinit$$00000021) for __rt_lib_init_clock_1
    libinit.o(.ARM.Collect$$libinit$$00000000) refers (Special) to libinit2.o(.ARM.Collect$$libinit$$00000032) for __rt_lib_init_cpp_1
    libinit.o(.ARM.Collect$$libinit$$00000000) refers (Special) to libinit2.o(.ARM.Collect$$libinit$$00000030) for __rt_lib_init_exceptions_1
    libinit.o(.ARM.Collect$$libinit$$00000000) refers (Special) to libinit2.o(.ARM.Collect$$libinit$$00000001) for __rt_lib_init_fp_1
    libinit.o(.ARM.Collect$$libinit$$00000000) refers (Special) to libinit2.o(.ARM.Collect$$libinit$$0000001F) for __rt_lib_init_fp_trap_1
    libinit.o(.ARM.Collect$$libinit$$00000000) refers (Special) to libinit2.o(.ARM.Collect$$libinit$$00000023) for __rt_lib_init_getenv_1
    libinit.o(.ARM.Collect$$libinit$$00000000) refers (Special) to libinit2.o(.ARM.Collect$$libinit$$0000000A) for __rt_lib_init_heap_1
    libinit.o(.ARM.Collect$$libinit$$00000000) refers (Special) to libinit2.o(.ARM.Collect$$libinit$$00000011) for __rt_lib_init_lc_collate_1
    libinit.o(.ARM.Collect$$libinit$$00000000) refers (Special) to libinit2.o(.ARM.Collect$$libinit$$00000013) for __rt_lib_init_lc_ctype_1
    libinit.o(.ARM.Collect$$libinit$$00000000) refers (Special) to libinit2.o(.ARM.Collect$$libinit$$00000015) for __rt_lib_init_lc_monetary_1
    libinit.o(.ARM.Collect$$libinit$$00000000) refers (Special) to libinit2.o(.ARM.Collect$$libinit$$00000017) for __rt_lib_init_lc_numeric_1
    libinit.o(.ARM.Collect$$libinit$$00000000) refers (Special) to libinit2.o(.ARM.Collect$$libinit$$00000019) for __rt_lib_init_lc_time_1
    libinit.o(.ARM.Collect$$libinit$$00000000) refers (Special) to libinit2.o(.ARM.Collect$$libinit$$00000004) for __rt_lib_init_preinit_1
    libinit.o(.ARM.Collect$$libinit$$00000000) refers (Special) to libinit2.o(.ARM.Collect$$libinit$$0000000E) for __rt_lib_init_rand_1
    libinit.o(.ARM.Collect$$libinit$$00000000) refers (Special) to libinit2.o(.ARM.Collect$$libinit$$00000033) for __rt_lib_init_return
    libinit.o(.ARM.Collect$$libinit$$00000000) refers (Special) to libinit2.o(.ARM.Collect$$libinit$$0000001D) for __rt_lib_init_signal_1
    libinit.o(.ARM.Collect$$libinit$$00000000) refers (Special) to libinit2.o(.ARM.Collect$$libinit$$00000025) for __rt_lib_init_stdio_1
    libinit.o(.ARM.Collect$$libinit$$00000000) refers (Special) to libinit2.o(.ARM.Collect$$libinit$$0000000C) for __rt_lib_init_user_alloc_1
    flsbuf_fwide.o(.text) refers to flsbuf.o(.text) for __flsbuf
    sys_exit.o(.text) refers (Special) to use_no_semi.o(.text) for __I$use$semihosting
    sys_exit.o(.text) refers (Special) to indicate_semi.o(.text) for __semihosting_library_function
    libspace.o(.text) refers to libspace.o(.bss) for __libspace_start
    sys_stackheap.o(.text) refers (Special) to indicate_semi.o(.text) for __semihosting_library_function
    sys_stackheap.o(.text) refers to use_no_semi.o(.text) for __I$use$semihosting
    rtexit.o(.ARM.Collect$$rtexit$$00000000) refers (Special) to rtexit2.o(.ARM.Collect$$rtexit$$00000004) for __rt_exit_exit
    rtexit.o(.ARM.Collect$$rtexit$$00000000) refers (Special) to rtexit2.o(.ARM.Collect$$rtexit$$00000003) for __rt_exit_ls
    rtexit.o(.ARM.Collect$$rtexit$$00000000) refers (Special) to rtexit2.o(.ARM.Collect$$rtexit$$00000002) for __rt_exit_prels_1
    rtexit.o(.ARM.exidx) refers (Special) to rtexit2.o(.ARM.Collect$$rtexit$$00000004) for __rt_exit_exit
    rtexit.o(.ARM.exidx) refers (Special) to rtexit2.o(.ARM.Collect$$rtexit$$00000003) for __rt_exit_ls
    rtexit.o(.ARM.exidx) refers (Special) to rtexit2.o(.ARM.Collect$$rtexit$$00000002) for __rt_exit_prels_1
    rtexit.o(.ARM.exidx) refers to rtexit.o(.ARM.Collect$$rtexit$$00000000) for .ARM.Collect$$rtexit$$00000000
    maybetermalloc2.o(.emb_text) refers (Special) to term_alloc.o(.text) for _terminate_alloc
    h1_extend.o(.text) refers to h1_free.o(.text) for free
    h1_init_mt.o(.text) refers to mutex_dummy.o(.text) for _mutex_initialize
    h1_extend_mt.o(.text) refers to h1_free_mt.o(.text) for _free_internal
    _printf_char_file_locked.o(.text) refers to _printf_char_common.o(.text) for _printf_char_common
    _printf_char_file_locked.o(.text) refers to fputc.o(i._fputc$unlocked) for _fputc$unlocked
    ftell.o(.text) refers to rt_errno_addr_intlibspace.o(.text) for __aeabi_errno_addr
    fwritefast.o(.text) refers to stdio.o(.text) for _writebuf
    fwritefast.o(.text) refers to flsbuf.o(.text) for __flsbuf_byte
    fwritefast.o(.text) refers to rt_memcpy_v6.o(.text) for __aeabi_memcpy
    fwritefast_locked.o(.text) refers to stdio.o(.text) for _writebuf
    fwritefast_locked.o(.text) refers to flsbuf.o(.text) for __flsbuf_byte
    fwritefast_locked.o(.text) refers to rt_memcpy_v6.o(.text) for __aeabi_memcpy
    __raise.o(.text) refers to defsig.o(CL$$defsig) for __default_signal_handler
    defsig_general.o(.text) refers to sys_wrch.o(.text) for _ttywrch
    defsig_rtmem_outer.o(.text) refers to defsig_rtmem_inner.o(.text) for __rt_SIGRTMEM_inner
    defsig_rtmem_outer.o(.text) refers to defsig_exit.o(.text) for __sig_exit
    defsig_rtmem_formal.o(.text) refers to rt_raise.o(.text) for __rt_raise
    assert_stdio.o(.text) refers to fputs.o(.text) for fputs
    assert_stdio.o(.text) refers to fflush.o(.text) for fflush
    assert_stdio.o(.text) refers to stdio_streams.o(.bss) for __stderr
    heapauxa.o(.text) refers to heapauxa.o(.data) for .data
    _get_argv.o(.text) refers (Special) to hrguard.o(.text) for __heap_region$guard
    _get_argv.o(.text) refers to h1_alloc.o(.text) for malloc
    _get_argv.o(.text) refers to defsig_rtmem_outer.o(.text) for __rt_SIGRTMEM
    _get_argv.o(.text) refers to sys_command.o(.text) for _sys_command_string
    _get_argv_nomalloc.o(.text) refers (Special) to hrguard.o(.text) for __heap_region$guard
    _get_argv_nomalloc.o(.text) refers to defsig_rtmem_outer.o(.text) for __rt_SIGRTMEM
    _get_argv_nomalloc.o(.text) refers to sys_command.o(.text) for _sys_command_string
    libinit5.o(.ARM.Collect$$libinit$$00000008) refers to libinit5.o(.ARM.Collect$$libinit$$00002719) for __lit__00000000
    libinit5.o(.ARM.Collect$$libinit$$00000008) refers (Weak) to init_alloc.o(.text) for _init_alloc
    libinit5.o(.ARM.Collect$$libinit$$0000002A) refers to libinit5.o(.ARM.Collect$$libinit$$0000273B) for __lit__00000002
    libinit5.o(.ARM.Collect$$libinit$$0000002A) refers to argv_veneer.o(.emb_text) for __ARM_argv_veneer
    sys_wrch.o(.text) refers (Special) to use_no_semi.o(.text) for __I$use$semihosting
    sys_wrch.o(.text) refers (Special) to indicate_semi.o(.text) for __semihosting_library_function
    sys_command.o(.text) refers (Special) to use_no_semi.o(.text) for __I$use$semihosting
    sys_command.o(.text) refers (Special) to indicate_semi.o(.text) for __semihosting_library_function
    rtexit2.o(.ARM.Collect$$rtexit$$00000003) refers to libshutdown.o(.ARM.Collect$$libshutdown$$00000000) for __rt_lib_shutdown
    rtexit2.o(.ARM.Collect$$rtexit$$00000004) refers to sys_exit.o(.text) for _sys_exit
    rtexit2.o(.ARM.exidx) refers to rtexit2.o(.ARM.Collect$$rtexit$$00000001) for .ARM.Collect$$rtexit$$00000001
    rtexit2.o(.ARM.exidx) refers to rtexit2.o(.ARM.Collect$$rtexit$$00000003) for .ARM.Collect$$rtexit$$00000003
    rtexit2.o(.ARM.exidx) refers to rtexit2.o(.ARM.Collect$$rtexit$$00000004) for .ARM.Collect$$rtexit$$00000004
    rt_errno_addr.o(.text) refers to rt_errno_addr.o(.bss) for __aeabi_errno_addr_data
    rt_errno_addr_intlibspace.o(.text) refers to libspace.o(.bss) for __libspace_start
    term_alloc.o(.text) refers (Special) to libshutdown2.o(.ARM.Collect$$libshutdown$$0000000E) for __rt_lib_shutdown_heap_2
    term_alloc.o(.text) refers to rt_heap_descriptor_intlibspace.o(.text) for __rt_heap_descriptor
    term_alloc.o(.text) refers to h1_final.o(.text) for __Heap_Finalize
    fflush.o(.text) refers to stdio.o(.text) for _fflush
    fflush.o(.text) refers to fseek.o(.text) for _fseek
    fflush.o(.text) refers to stdio_streams.o(.bss) for __stdin
    fputs.o(.text) refers to fputc.o(i.fputc) for fputc
    fflush_locked.o(.text) refers to stdio.o(.text) for _fflush
    fflush_locked.o(.text) refers to fseek.o(.text) for _fseek
    fflush_locked.o(.text) refers to fflush.o(.text) for _do_fflush
    fflush_locked.o(.text) refers to streamlock.o(.data) for _stream_list_lock
    fflush_locked.o(.text) refers to stdio_streams.o(.bss) for __stdin
    defsig_rtmem_inner.o(.text) refers to defsig_general.o(.text) for __default_signal_display
    defsig.o(CL$$defsig) refers to defsig_rtred_inner.o(.text) for __rt_SIGRTRED_inner
    defsig.o(CL$$defsig) refers to defsig_rtmem_inner.o(.text) for __rt_SIGRTMEM_inner
    rt_memcpy_v6.o(.text) refers to rt_memcpy_w.o(.text) for __aeabi_memcpy4
    defsig_abrt_inner.o(.text) refers to defsig_general.o(.text) for __default_signal_display
    defsig_fpe_inner.o(.text) refers to defsig_general.o(.text) for __default_signal_display
    defsig_stak_inner.o(.text) refers to defsig_general.o(.text) for __default_signal_display
    defsig_pvfn_inner.o(.text) refers to defsig_general.o(.text) for __default_signal_display
    defsig_cppl_inner.o(.text) refers to defsig_general.o(.text) for __default_signal_display
    defsig_segv_inner.o(.text) refers to defsig_general.o(.text) for __default_signal_display
    defsig_other.o(.text) refers to defsig_general.o(.text) for __default_signal_display
    libshutdown.o(.ARM.Collect$$libshutdown$$00000000) refers (Special) to libshutdown2.o(.ARM.Collect$$libshutdown$$00000002) for __rt_lib_shutdown_cpp_1
    libshutdown.o(.ARM.Collect$$libshutdown$$00000000) refers (Special) to libshutdown2.o(.ARM.Collect$$libshutdown$$00000007) for __rt_lib_shutdown_fp_trap_1
    libshutdown.o(.ARM.Collect$$libshutdown$$00000000) refers (Special) to libshutdown2.o(.ARM.Collect$$libshutdown$$0000000F) for __rt_lib_shutdown_heap_1
    libshutdown.o(.ARM.Collect$$libshutdown$$00000000) refers (Special) to libshutdown2.o(.ARM.Collect$$libshutdown$$00000010) for __rt_lib_shutdown_return
    libshutdown.o(.ARM.Collect$$libshutdown$$00000000) refers (Special) to libshutdown2.o(.ARM.Collect$$libshutdown$$0000000A) for __rt_lib_shutdown_signal_1
    libshutdown.o(.ARM.Collect$$libshutdown$$00000000) refers (Special) to libshutdown2.o(.ARM.Collect$$libshutdown$$00000004) for __rt_lib_shutdown_stdio_1
    libshutdown.o(.ARM.Collect$$libshutdown$$00000000) refers (Special) to libshutdown2.o(.ARM.Collect$$libshutdown$$0000000C) for __rt_lib_shutdown_user_alloc_1


==============================================================================

Removing Unused input sections from the image.

    Removing hello.o(.rev16_text), (4 bytes).
    Removing hello.o(.revsh_text), (4 bytes).
    Removing hello.o(.rrx_text), (6 bytes).
    Removing startup.o(.rev16_text), (4 bytes).
    Removing startup.o(.revsh_text), (4 bytes).
    Removing startup.o(.rrx_text), (6 bytes).
    Removing system_mk64f12.o(.rev16_text), (4 bytes).
    Removing system_mk64f12.o(.revsh_text), (4 bytes).
    Removing system_mk64f12.o(.rrx_text), (6 bytes).
    Removing system_mk64f12.o(i.SystemCoreClockUpdate), (452 bytes).
    Removing system_mk64f12.o(.data), (4 bytes).

11 unused section(s) (total 498 bytes) removed from the image.

==============================================================================

Image Symbol Table

    Local Symbols

    Symbol Name                              Value     Ov Type        Size  Object(Section)

    RESET                                    0x00000000   Section     1024  startup_mk64f12.o(RESET)
    ../clib/angel/boardlib.s                 0x00000000   Number         0  boardinit1.o ABSOLUTE
    ../clib/angel/boardlib.s                 0x00000000   Number         0  boardinit3.o ABSOLUTE
    ../clib/angel/boardlib.s                 0x00000000   Number         0  boardinit2.o ABSOLUTE
    ../clib/angel/boardlib.s                 0x00000000   Number         0  boardshut.o ABSOLUTE
    ../clib/angel/handlers.s                 0x00000000   Number         0  __scatter_zi.o ABSOLUTE
    ../clib/angel/handlers.s                 0x00000000   Number         0  __scatter_copy.o ABSOLUTE
    ../clib/angel/kernel.s                   0x00000000   Number         0  rtexit.o ABSOLUTE
    ../clib/angel/kernel.s                   0x00000000   Number         0  __rtentry2.o ABSOLUTE
    ../clib/angel/kernel.s                   0x00000000   Number         0  __rtentry7.o ABSOLUTE
    ../clib/angel/kernel.s                   0x00000000   Number         0  __rtentry4.o ABSOLUTE
    ../clib/angel/kernel.s                   0x00000000   Number         0  __rtentry.o ABSOLUTE
    ../clib/angel/kernel.s                   0x00000000   Number         0  rtexit2.o ABSOLUTE
    ../clib/angel/rt.s                       0x00000000   Number         0  rt_heap_descriptor_intlibspace.o ABSOLUTE
    ../clib/angel/rt.s                       0x00000000   Number         0  rt_heap_descriptor.o ABSOLUTE
    ../clib/angel/rt.s                       0x00000000   Number         0  rt_errno_addr.o ABSOLUTE
    ../clib/angel/rt.s                       0x00000000   Number         0  rt_errno_addr_intlibspace.o ABSOLUTE
    ../clib/angel/rt.s                       0x00000000   Number         0  rt_raise.o ABSOLUTE
    ../clib/angel/scatter.s                  0x00000000   Number         0  __scatter.o ABSOLUTE
    ../clib/angel/startup.s                  0x00000000   Number         0  __main.o ABSOLUTE
    ../clib/angel/sys.s                      0x00000000   Number         0  sys_stackheap.o ABSOLUTE
    ../clib/angel/sys.s                      0x00000000   Number         0  libspace.o ABSOLUTE
    ../clib/angel/sys.s                      0x00000000   Number         0  sys_stackheap_outer.o ABSOLUTE
    ../clib/angel/sys.s                      0x00000000   Number         0  indicate_semi.o ABSOLUTE
    ../clib/angel/sys.s                      0x00000000   Number         0  mutex_dummy.o ABSOLUTE
    ../clib/angel/sys.s                      0x00000000   Number         0  use_no_semi.o ABSOLUTE
    ../clib/angel/sysapp.c                   0x00000000   Number         0  sys_exit.o ABSOLUTE
    ../clib/angel/sysapp.c                   0x00000000   Number         0  sys_wrch.o ABSOLUTE
    ../clib/angel/sysapp.c                   0x00000000   Number         0  sys_io.o ABSOLUTE
    ../clib/angel/sysapp.c                   0x00000000   Number         0  sys_command.o ABSOLUTE
    ../clib/armsys.c                         0x00000000   Number         0  argv_veneer.o ABSOLUTE
    ../clib/armsys.c                         0x00000000   Number         0  argv_veneer.o ABSOLUTE
    ../clib/armsys.c                         0x00000000   Number         0  _get_argv_nomalloc.o ABSOLUTE
    ../clib/armsys.c                         0x00000000   Number         0  _get_argv.o ABSOLUTE
    ../clib/armsys.c                         0x00000000   Number         0  no_argv.o ABSOLUTE
    ../clib/assert.c                         0x00000000   Number         0  assert_stdio.o ABSOLUTE
    ../clib/heap1.c                          0x00000000   Number         0  h1_free_mt.o ABSOLUTE
    ../clib/heap1.c                          0x00000000   Number         0  h1_free.o ABSOLUTE
    ../clib/heap1.c                          0x00000000   Number         0  h1_alloc_mt.o ABSOLUTE
    ../clib/heap1.c                          0x00000000   Number         0  h1_alloc.o ABSOLUTE
    ../clib/heap1.c                          0x00000000   Number         0  h1_final.o ABSOLUTE
    ../clib/heap1.c                          0x00000000   Number         0  h1_extend_mt.o ABSOLUTE
    ../clib/heap1.c                          0x00000000   Number         0  h1_init_mt.o ABSOLUTE
    ../clib/heap1.c                          0x00000000   Number         0  h1_extend.o ABSOLUTE
    ../clib/heap1.c                          0x00000000   Number         0  h1_init.o ABSOLUTE
    ../clib/heap1.c                          0x00000000   Number         0  h1_final_mt.o ABSOLUTE
    ../clib/heap2.c                          0x00000000   Number         0  heap2mt.o ABSOLUTE
    ../clib/heap2.c                          0x00000000   Number         0  heap2.o ABSOLUTE
    ../clib/heap2.c                          0x00000000   Number         0  fdtree.o ABSOLUTE
    ../clib/heapalloc.c                      0x00000000   Number         0  malloc.o ABSOLUTE
    ../clib/heapalloc.c                      0x00000000   Number         0  init_alloc.o ABSOLUTE
    ../clib/heapalloc.c                      0x00000000   Number         0  hguard.o ABSOLUTE
    ../clib/heapalloc.c                      0x00000000   Number         0  term_alloc.o ABSOLUTE
    ../clib/heapalloc.c                      0x00000000   Number         0  hrguard.o ABSOLUTE
    ../clib/heapalloc.c                      0x00000000   Number         0  maybetermalloc1.o ABSOLUTE
    ../clib/heapalloc.c                      0x00000000   Number         0  free.o ABSOLUTE
    ../clib/heapalloc.c                      0x00000000   Number         0  maybetermalloc2.o ABSOLUTE
    ../clib/heapalloc.c                      0x00000000   Number         0  maybetermalloc2.o ABSOLUTE
    ../clib/heapalloc.c                      0x00000000   Number         0  heapstubs.o ABSOLUTE
    ../clib/heapalloc.c                      0x00000000   Number         0  maybetermalloc1.o ABSOLUTE
    ../clib/heapaux.c                        0x00000000   Number         0  heapauxi.o ABSOLUTE
    ../clib/heapaux.c                        0x00000000   Number         0  heapauxa.o ABSOLUTE
    ../clib/libinit.s                        0x00000000   Number         0  libinit2.o ABSOLUTE
    ../clib/libinit.s                        0x00000000   Number         0  libshutdown.o ABSOLUTE
    ../clib/libinit.s                        0x00000000   Number         0  libinit5.o ABSOLUTE
    ../clib/libinit.s                        0x00000000   Number         0  libinit.o ABSOLUTE
    ../clib/libinit.s                        0x00000000   Number         0  libshutdown2.o ABSOLUTE
    ../clib/memcpset.s                       0x00000000   Number         0  rt_memcpy_w.o ABSOLUTE
    ../clib/memcpset.s                       0x00000000   Number         0  rt_memcpy_v6.o ABSOLUTE
    ../clib/memcpset.s                       0x00000000   Number         0  rt_memclr_w.o ABSOLUTE
    ../clib/printf.c                         0x00000000   Number         0  _printf_char_file.o ABSOLUTE
    ../clib/printf.c                         0x00000000   Number         0  _printf_char_common.o ABSOLUTE
    ../clib/printf.c                         0x00000000   Number         0  __printf_nopercent.o ABSOLUTE
    ../clib/printf.c                         0x00000000   Number         0  noretval__2fprintf.o ABSOLUTE
    ../clib/printf.c                         0x00000000   Number         0  _printf_char_file_locked.o ABSOLUTE
    ../clib/printf.c                         0x00000000   Number         0  __2fprintf.o ABSOLUTE
    ../clib/signal.c                         0x00000000   Number         0  defsig_fpe_inner.o ABSOLUTE
    ../clib/signal.c                         0x00000000   Number         0  defsig_rtmem_formal.o ABSOLUTE
    ../clib/signal.c                         0x00000000   Number         0  defsig_rtred_inner.o ABSOLUTE
    ../clib/signal.c                         0x00000000   Number         0  __raise.o ABSOLUTE
    ../clib/signal.c                         0x00000000   Number         0  defsig_general.o ABSOLUTE
    ../clib/signal.c                         0x00000000   Number         0  defsig_exit.o ABSOLUTE
    ../clib/signal.c                         0x00000000   Number         0  defsig_rtred_formal.o ABSOLUTE
    ../clib/signal.c                         0x00000000   Number         0  defsig_stak_inner.o ABSOLUTE
    ../clib/signal.c                         0x00000000   Number         0  defsig_rtmem_outer.o ABSOLUTE
    ../clib/signal.c                         0x00000000   Number         0  defsig_rtmem_inner.o ABSOLUTE
    ../clib/signal.c                         0x00000000   Number         0  defsig_pvfn_inner.o ABSOLUTE
    ../clib/signal.c                         0x00000000   Number         0  defsig_cppl_inner.o ABSOLUTE
    ../clib/signal.c                         0x00000000   Number         0  defsig_abrt_inner.o ABSOLUTE
    ../clib/signal.c                         0x00000000   Number         0  defsig_segv_inner.o ABSOLUTE
    ../clib/signal.c                         0x00000000   Number         0  defsig_other.o ABSOLUTE
    ../clib/signal.c                         0x00000000   Number         0  defsig_rtred_outer.o ABSOLUTE
    ../clib/signal.s                         0x00000000   Number         0  defsig.o ABSOLUTE
    ../clib/stdio.c                          0x00000000   Number         0  ferror_locked.o ABSOLUTE
    ../clib/stdio.c                          0x00000000   Number         0  setvbuf_locked.o ABSOLUTE
    ../clib/stdio.c                          0x00000000   Number         0  fopen_locked.o ABSOLUTE
    ../clib/stdio.c                          0x00000000   Number         0  ftell.o ABSOLUTE
    ../clib/stdio.c                          0x00000000   Number         0  flsbuf.o ABSOLUTE
    ../clib/stdio.c                          0x00000000   Number         0  fseek.o ABSOLUTE
    ../clib/stdio.c                          0x00000000   Number         0  stdio.o ABSOLUTE
    ../clib/stdio.c                          0x00000000   Number         0  fwritefast.o ABSOLUTE
    ../clib/stdio.c                          0x00000000   Number         0  fwritefast_locked.o ABSOLUTE
    ../clib/stdio.c                          0x00000000   Number         0  fflush.o ABSOLUTE
    ../clib/stdio.c                          0x00000000   Number         0  fputs.o ABSOLUTE
    ../clib/stdio.c                          0x00000000   Number         0  fputs_locked.o ABSOLUTE
    ../clib/stdio.c                          0x00000000   Number         0  fflush_locked.o ABSOLUTE
    ../clib/stdio.c                          0x00000000   Number         0  stdio_streams.o ABSOLUTE
    ../clib/stdio.c                          0x00000000   Number         0  initio.o ABSOLUTE
    ../clib/stdio.c                          0x00000000   Number         0  initio_locked.o ABSOLUTE
    ../clib/stdio.c                          0x00000000   Number         0  ferror.o ABSOLUTE
    ../clib/stdio.c                          0x00000000   Number         0  fputc.o ABSOLUTE
    ../clib/stdio.c                          0x00000000   Number         0  setvbuf.o ABSOLUTE
    ../clib/stdio.c                          0x00000000   Number         0  streamlock.o ABSOLUTE
    ../clib/stdio.c                          0x00000000   Number         0  fopen.o ABSOLUTE
    ../clib/stdio.c                          0x00000000   Number         0  fclose.o ABSOLUTE
    ../clib/stdio.c                          0x00000000   Number         0  fputc_locked.o ABSOLUTE
    ../clib/stdlib.c                         0x00000000   Number         0  exit.o ABSOLUTE
    ../clib/string.c                         0x00000000   Number         0  strlen.o ABSOLUTE
    ../clib/wchar.c                          0x00000000   Number         0  flsbuf_fwide.o ABSOLUTE
    ../fplib/fpinit.s                        0x00000000   Number         0  fpinit.o ABSOLUTE
    C:\Keil_v5\ARM\PACK\Keil\Kinetis_SDK_DFP\2.2.0\platform\devices\startup.c 0x00000000   Number         0  startup.o ABSOLUTE
    C:\\Keil_v5\\ARM\\PACK\\Keil\\Kinetis_SDK_DFP\\2.2.0\\platform\\devices\\startup.c 0x00000000   Number         0  startup.o ABSOLUTE
    RTE\Device\MK64FN1M0VLL12\startup_MK64F12.s 0x00000000   Number         0  startup_mk64f12.o ABSOLUTE
    RTE\Device\MK64FN1M0VLL12\system_MK64F12.c 0x00000000   Number         0  system_mk64f12.o ABSOLUTE
    RTE\\Device\\MK64FN1M0VLL12\\system_MK64F12.c 0x00000000   Number         0  system_mk64f12.o ABSOLUTE
    dc.s                                     0x00000000   Number         0  dc.o ABSOLUTE
    hello.c                                  0x00000000   Number         0  hello.o ABSOLUTE
    hello.c                                  0x00000000   Number         0  hello.o ABSOLUTE
    FlashConfig                              0x00000400   Section       16  startup_mk64f12.o(FlashConfig)
    !!!main                                  0x00000410   Section        8  __main.o(!!!main)
    !!!scatter                               0x00000418   Section       52  __scatter.o(!!!scatter)
    !!handler_copy                           0x0000044c   Section       26  __scatter_copy.o(!!handler_copy)
    !!handler_zi                             0x00000468   Section       28  __scatter_zi.o(!!handler_zi)
    .ARM.Collect$$libinit$$00000000          0x00000484   Section        2  libinit.o(.ARM.Collect$$libinit$$00000000)
    .ARM.Collect$$libinit$$00000001          0x00000486   Section        4  libinit2.o(.ARM.Collect$$libinit$$00000001)
    .ARM.Collect$$libinit$$00000004          0x0000048a   Section        0  libinit2.o(.ARM.Collect$$libinit$$00000004)
    .ARM.Collect$$libinit$$00000008          0x0000048a   Section        8  libinit5.o(.ARM.Collect$$libinit$$00000008)
    .ARM.Collect$$libinit$$0000000A          0x00000492   Section        0  libinit2.o(.ARM.Collect$$libinit$$0000000A)
    .ARM.Collect$$libinit$$0000000C          0x00000492   Section        0  libinit2.o(.ARM.Collect$$libinit$$0000000C)
    .ARM.Collect$$libinit$$0000000E          0x00000492   Section        0  libinit2.o(.ARM.Collect$$libinit$$0000000E)
    .ARM.Collect$$libinit$$00000011          0x00000492   Section        0  libinit2.o(.ARM.Collect$$libinit$$00000011)
    .ARM.Collect$$libinit$$00000013          0x00000492   Section        0  libinit2.o(.ARM.Collect$$libinit$$00000013)
    .ARM.Collect$$libinit$$00000015          0x00000492   Section        0  libinit2.o(.ARM.Collect$$libinit$$00000015)
    .ARM.Collect$$libinit$$00000017          0x00000492   Section        0  libinit2.o(.ARM.Collect$$libinit$$00000017)
    .ARM.Collect$$libinit$$00000019          0x00000492   Section        0  libinit2.o(.ARM.Collect$$libinit$$00000019)
    .ARM.Collect$$libinit$$0000001B          0x00000492   Section        0  libinit2.o(.ARM.Collect$$libinit$$0000001B)
    .ARM.Collect$$libinit$$0000001D          0x00000492   Section        0  libinit2.o(.ARM.Collect$$libinit$$0000001D)
    .ARM.Collect$$libinit$$0000001F          0x00000492   Section        0  libinit2.o(.ARM.Collect$$libinit$$0000001F)
    .ARM.Collect$$libinit$$00000021          0x00000492   Section        0  libinit2.o(.ARM.Collect$$libinit$$00000021)
    .ARM.Collect$$libinit$$00000023          0x00000492   Section        0  libinit2.o(.ARM.Collect$$libinit$$00000023)
    .ARM.Collect$$libinit$$00000024          0x00000492   Section        4  libinit2.o(.ARM.Collect$$libinit$$00000024)
    .ARM.Collect$$libinit$$00000025          0x00000496   Section        0  libinit2.o(.ARM.Collect$$libinit$$00000025)
    .ARM.Collect$$libinit$$0000002C          0x00000496   Section        0  libinit2.o(.ARM.Collect$$libinit$$0000002C)
    .ARM.Collect$$libinit$$0000002E          0x00000496   Section        0  libinit2.o(.ARM.Collect$$libinit$$0000002E)
    .ARM.Collect$$libinit$$00000030          0x00000496   Section        0  libinit2.o(.ARM.Collect$$libinit$$00000030)
    .ARM.Collect$$libinit$$00000032          0x00000496   Section        0  libinit2.o(.ARM.Collect$$libinit$$00000032)
    .ARM.Collect$$libinit$$00000033          0x00000496   Section        2  libinit2.o(.ARM.Collect$$libinit$$00000033)
    .ARM.Collect$$libinit$$00002719          0x00000498   Section        8  libinit5.o(.ARM.Collect$$libinit$$00002719)
    __lit__00000000                          0x00000498   Data           4  libinit5.o(.ARM.Collect$$libinit$$00002719)
    __lit__00000001                          0x0000049c   Data           4  libinit5.o(.ARM.Collect$$libinit$$00002719)
    .ARM.Collect$$libshutdown$$00000000      0x000004a0   Section        2  libshutdown.o(.ARM.Collect$$libshutdown$$00000000)
    .ARM.Collect$$libshutdown$$00000002      0x000004a2   Section        0  libshutdown2.o(.ARM.Collect$$libshutdown$$00000002)
    .ARM.Collect$$libshutdown$$00000003      0x000004a2   Section        4  libshutdown2.o(.ARM.Collect$$libshutdown$$00000003)
    .ARM.Collect$$libshutdown$$00000004      0x000004a6   Section        0  libshutdown2.o(.ARM.Collect$$libshutdown$$00000004)
    .ARM.Collect$$libshutdown$$00000007      0x000004a6   Section        0  libshutdown2.o(.ARM.Collect$$libshutdown$$00000007)
    .ARM.Collect$$libshutdown$$0000000A      0x000004a6   Section        0  libshutdown2.o(.ARM.Collect$$libshutdown$$0000000A)
    .ARM.Collect$$libshutdown$$0000000C      0x000004a6   Section        0  libshutdown2.o(.ARM.Collect$$libshutdown$$0000000C)
    .ARM.Collect$$libshutdown$$0000000F      0x000004a6   Section        0  libshutdown2.o(.ARM.Collect$$libshutdown$$0000000F)
    .ARM.Collect$$libshutdown$$00000010      0x000004a6   Section        2  libshutdown2.o(.ARM.Collect$$libshutdown$$00000010)
    .ARM.Collect$$rtentry$$00000000          0x000004a8   Section        0  __rtentry.o(.ARM.Collect$$rtentry$$00000000)
    .ARM.Collect$$rtentry$$00000002          0x000004a8   Section        0  __rtentry2.o(.ARM.Collect$$rtentry$$00000002)
    .ARM.Collect$$rtentry$$00000007          0x000004a8   Section        4  __rtentry7.o(.ARM.Collect$$rtentry$$00000007)
    .ARM.Collect$$rtentry$$00000009          0x000004ac   Section        0  __rtentry2.o(.ARM.Collect$$rtentry$$00000009)
    .ARM.Collect$$rtentry$$0000000A          0x000004ac   Section        4  __rtentry2.o(.ARM.Collect$$rtentry$$0000000A)
    .ARM.Collect$$rtentry$$0000000C          0x000004b0   Section        0  __rtentry2.o(.ARM.Collect$$rtentry$$0000000C)
    .ARM.Collect$$rtentry$$0000000D          0x000004b0   Section        8  __rtentry2.o(.ARM.Collect$$rtentry$$0000000D)
    .ARM.Collect$$rtentry$$00002718          0x000004b8   Section        4  __rtentry7.o(.ARM.Collect$$rtentry$$00002718)
    __lit__00000000                          0x000004b8   Data           4  __rtentry7.o(.ARM.Collect$$rtentry$$00002718)
    .ARM.Collect$$rtexit$$00000000           0x000004bc   Section        2  rtexit.o(.ARM.Collect$$rtexit$$00000000)
    .ARM.Collect$$rtexit$$00000002           0x000004be   Section        0  rtexit2.o(.ARM.Collect$$rtexit$$00000002)
    .ARM.Collect$$rtexit$$00000003           0x000004be   Section        4  rtexit2.o(.ARM.Collect$$rtexit$$00000003)
    .ARM.Collect$$rtexit$$00000004           0x000004c2   Section        6  rtexit2.o(.ARM.Collect$$rtexit$$00000004)
    .emb_text                                0x000004c8   Section        0  maybetermalloc1.o(.emb_text)
    .text                                    0x000004c8   Section       56  startup_mk64f12.o(.text)
    $v0                                      0x000004c8   Number         0  startup_mk64f12.o(.text)
    .text                                    0x00000500   Section        0  noretval__2fprintf.o(.text)
    .text                                    0x00000514   Section        0  _printf_char_file.o(.text)
    .text                                    0x00000538   Section        0  initio.o(.text)
    .text                                    0x00000670   Section        0  sys_io.o(.text)
    .text                                    0x000006d6   Section        0  h1_free.o(.text)
    .text                                    0x00000724   Section        0  _printf_char_common.o(.text)
    _printf_input_char                       0x00000725   Thumb Code    10  _printf_char_common.o(.text)
    .text                                    0x00000754   Section        0  ferror.o(.text)
    .text                                    0x0000075c   Section        0  setvbuf.o(.text)
    .text                                    0x000007a4   Section        0  fopen.o(.text)
    _freopen_locked                          0x000007a5   Thumb Code     0  fopen.o(.text)
    .text                                    0x00000890   Section        0  fclose.o(.text)
    .text                                    0x000008dc   Section        0  defsig_rtred_outer.o(.text)
    .text                                    0x000008ea   Section       78  rt_memclr_w.o(.text)
    .text                                    0x00000938   Section        2  use_no_semi.o(.text)
    .text                                    0x0000093a   Section        0  indicate_semi.o(.text)
    .text                                    0x0000093c   Section        8  rt_heap_descriptor_intlibspace.o(.text)
    .text                                    0x00000944   Section        0  hguard.o(.text)
    .text                                    0x00000948   Section        0  init_alloc.o(.text)
    .text                                    0x000009d2   Section        0  h1_alloc.o(.text)
    .text                                    0x00000a30   Section        0  __printf_nopercent.o(.text)
    .text                                    0x00000a58   Section        0  flsbuf.o(.text)
    .text                                    0x00000c30   Section        0  fseek.o(.text)
    .text                                    0x00000d28   Section        0  stdio.o(.text)
    .text                                    0x00000e18   Section        0  exit.o(.text)
    .text                                    0x00000e2a   Section        0  defsig_exit.o(.text)
    .text                                    0x00000e34   Section        0  defsig_rtred_inner.o(.text)
    .text                                    0x00000e68   Section        0  strlen.o(.text)
    .text                                    0x00000ea8   Section        0  sys_exit.o(.text)
    .text                                    0x00000eb4   Section        0  h1_init.o(.text)
    .text                                    0x00000ec2   Section        0  h1_extend.o(.text)
    .text                                    0x00000ef6   Section        0  ftell.o(.text)
    .text                                    0x00000f38   Section        0  defsig_general.o(.text)
    .text                                    0x00000f6a   Section        0  defsig_rtmem_outer.o(.text)
    .text                                    0x00000f78   Section        0  sys_wrch.o(.text)
    .text                                    0x00000f88   Section        8  rt_errno_addr_intlibspace.o(.text)
    .text                                    0x00000f90   Section        0  defsig_rtmem_inner.o(.text)
    i.SystemInit                             0x00000fe0   Section        0  system_mk64f12.o(i.SystemInit)
    i.fputc                                  0x0000100c   Section        0  fputc.o(i.fputc)
    i.init_data_bss                          0x00001028   Section        0  startup.o(i.init_data_bss)
    i.main                                   0x00001070   Section        0  hello.o(i.main)
    x$fpl$fpinit                             0x00001090   Section       10  fpinit.o(x$fpl$fpinit)
    $v0                                      0x00001090   Number         0  fpinit.o(x$fpl$fpinit)
    .constdata                               0x0000109a   Section        4  sys_io.o(.constdata)
    .constdata                               0x0000109e   Section        4  sys_io.o(.constdata)
    .constdata                               0x000010a2   Section        4  sys_io.o(.constdata)
    .data                                    0x20000000   Section        4  stdio_streams.o(.data)
    .data                                    0x20000004   Section        4  stdio_streams.o(.data)
    .data                                    0x20000008   Section        4  stdio_streams.o(.data)
    .bss                                     0x2000000c   Section       84  stdio_streams.o(.bss)
    .bss                                     0x20000060   Section       84  stdio_streams.o(.bss)
    .bss                                     0x200000b4   Section       84  stdio_streams.o(.bss)
    .bss                                     0x20000108   Section       96  libspace.o(.bss)

    Global Symbols

    Symbol Name                              Value     Ov Type        Size  Object(Section)

    BuildAttributes$$THM_ISAv4$E$P$D$K$B$S$7EM$VFPi3$EXTD16$VFPS$VFMA$PE$A:L22UL41UL21$X:L11$S22US41US21$IEEE1$IW$USESV6$~STKCKD$USESV7$~SHL$OTIME$ROPI$EBA8$UX$STANDARDLIB$REQ8$PRES8$EABIv2 0x00000000   Number         0  anon$$obj.o ABSOLUTE
    Image$$VECTOR_RAM$$Base                  0x00000000   Number         0  anon$$obj.o ABSOLUTE
    Image$$VECTOR_ROM$$Base                  0x00000000   Number         0  anon$$obj.o ABSOLUTE
    __ARM_use_no_argv                        0x00000000   Number         0  hello.o ABSOLUTE
    __Vectors                                0x00000000   Data           4  startup_mk64f12.o(RESET)
    Image$$ZI$$Limit                          - Undefined Weak Reference
    __ARM_exceptions_init                     - Undefined Weak Reference
    __alloca_initialize                       - Undefined Weak Reference
    __arm_preinit_                            - Undefined Weak Reference
    __cpp_initialize__aeabi_                  - Undefined Weak Reference
    __cxa_finalize                            - Undefined Weak Reference
    __rt_locale                               - Undefined Weak Reference
    __sigvec_lookup                           - Undefined Weak Reference
    __user_heap_extent                        - Undefined Weak Reference
    _atexit_init                              - Undefined Weak Reference
    _call_atexit_fns                          - Undefined Weak Reference
    _clock_init                               - Undefined Weak Reference
    _fp_trap_init                             - Undefined Weak Reference
    _fp_trap_shutdown                         - Undefined Weak Reference
    _get_lc_collate                           - Undefined Weak Reference
    _get_lc_ctype                             - Undefined Weak Reference
    _get_lc_monetary                          - Undefined Weak Reference
    _get_lc_numeric                           - Undefined Weak Reference
    _get_lc_time                              - Undefined Weak Reference
    _getenv_init                              - Undefined Weak Reference
    _handle_redirection                       - Undefined Weak Reference
    _mutex_acquire                            - Undefined Weak Reference
    _mutex_free                               - Undefined Weak Reference
    _mutex_release                            - Undefined Weak Reference
    _rand_init                                - Undefined Weak Reference
    _signal_finish                            - Undefined Weak Reference
    _signal_init                              - Undefined Weak Reference
    __Vectors_End                            0x00000400   Data           0  startup_mk64f12.o(RESET)
    __Vectors_Size                           0x00000400   Number         0  startup_mk64f12.o ABSOLUTE
    __main                                   0x00000411   Thumb Code     8  __main.o(!!!main)
    __scatterload                            0x00000419   Thumb Code     0  __scatter.o(!!!scatter)
    __scatterload_rt2                        0x00000419   Thumb Code    44  __scatter.o(!!!scatter)
    __scatterload_rt2_thumb_only             0x00000419   Thumb Code     0  __scatter.o(!!!scatter)
    __scatterload_null                       0x00000427   Thumb Code     0  __scatter.o(!!!scatter)
    __scatterload_copy                       0x0000044d   Thumb Code    26  __scatter_copy.o(!!handler_copy)
    __scatterload_zeroinit                   0x00000469   Thumb Code    28  __scatter_zi.o(!!handler_zi)
    __rt_lib_init                            0x00000485   Thumb Code     0  libinit.o(.ARM.Collect$$libinit$$00000000)
    __rt_lib_init_fp_1                       0x00000487   Thumb Code     0  libinit2.o(.ARM.Collect$$libinit$$00000001)
    __rt_lib_init_heap_2                     0x0000048b   Thumb Code     0  libinit5.o(.ARM.Collect$$libinit$$00000008)
    __rt_lib_init_preinit_1                  0x0000048b   Thumb Code     0  libinit2.o(.ARM.Collect$$libinit$$00000004)
    __rt_lib_init_atexit_1                   0x00000493   Thumb Code     0  libinit2.o(.ARM.Collect$$libinit$$0000001B)
    __rt_lib_init_clock_1                    0x00000493   Thumb Code     0  libinit2.o(.ARM.Collect$$libinit$$00000021)
    __rt_lib_init_fp_trap_1                  0x00000493   Thumb Code     0  libinit2.o(.ARM.Collect$$libinit$$0000001F)
    __rt_lib_init_getenv_1                   0x00000493   Thumb Code     0  libinit2.o(.ARM.Collect$$libinit$$00000023)
    __rt_lib_init_heap_1                     0x00000493   Thumb Code     0  libinit2.o(.ARM.Collect$$libinit$$0000000A)
    __rt_lib_init_lc_collate_1               0x00000493   Thumb Code     0  libinit2.o(.ARM.Collect$$libinit$$00000011)
    __rt_lib_init_lc_ctype_1                 0x00000493   Thumb Code     0  libinit2.o(.ARM.Collect$$libinit$$00000013)
    __rt_lib_init_lc_monetary_1              0x00000493   Thumb Code     0  libinit2.o(.ARM.Collect$$libinit$$00000015)
    __rt_lib_init_lc_numeric_1               0x00000493   Thumb Code     0  libinit2.o(.ARM.Collect$$libinit$$00000017)
    __rt_lib_init_lc_time_1                  0x00000493   Thumb Code     0  libinit2.o(.ARM.Collect$$libinit$$00000019)
    __rt_lib_init_rand_1                     0x00000493   Thumb Code     0  libinit2.o(.ARM.Collect$$libinit$$0000000E)
    __rt_lib_init_signal_1                   0x00000493   Thumb Code     0  libinit2.o(.ARM.Collect$$libinit$$0000001D)
    __rt_lib_init_stdio_2                    0x00000493   Thumb Code     0  libinit2.o(.ARM.Collect$$libinit$$00000024)
    __rt_lib_init_user_alloc_1               0x00000493   Thumb Code     0  libinit2.o(.ARM.Collect$$libinit$$0000000C)
    __rt_lib_init_alloca_1                   0x00000497   Thumb Code     0  libinit2.o(.ARM.Collect$$libinit$$0000002E)
    __rt_lib_init_argv_1                     0x00000497   Thumb Code     0  libinit2.o(.ARM.Collect$$libinit$$0000002C)
    __rt_lib_init_cpp_1                      0x00000497   Thumb Code     0  libinit2.o(.ARM.Collect$$libinit$$00000032)
    __rt_lib_init_exceptions_1               0x00000497   Thumb Code     0  libinit2.o(.ARM.Collect$$libinit$$00000030)
    __rt_lib_init_return                     0x00000497   Thumb Code     0  libinit2.o(.ARM.Collect$$libinit$$00000033)
    __rt_lib_init_stdio_1                    0x00000497   Thumb Code     0  libinit2.o(.ARM.Collect$$libinit$$00000025)
    __rt_lib_shutdown                        0x000004a1   Thumb Code     0  libshutdown.o(.ARM.Collect$$libshutdown$$00000000)
    __rt_lib_shutdown_cpp_1                  0x000004a3   Thumb Code     0  libshutdown2.o(.ARM.Collect$$libshutdown$$00000002)
    __rt_lib_shutdown_stdio_2                0x000004a3   Thumb Code     0  libshutdown2.o(.ARM.Collect$$libshutdown$$00000003)
    __rt_lib_shutdown_fp_trap_1              0x000004a7   Thumb Code     0  libshutdown2.o(.ARM.Collect$$libshutdown$$00000007)
    __rt_lib_shutdown_heap_1                 0x000004a7   Thumb Code     0  libshutdown2.o(.ARM.Collect$$libshutdown$$0000000F)
    __rt_lib_shutdown_return                 0x000004a7   Thumb Code     0  libshutdown2.o(.ARM.Collect$$libshutdown$$00000010)
    __rt_lib_shutdown_signal_1               0x000004a7   Thumb Code     0  libshutdown2.o(.ARM.Collect$$libshutdown$$0000000A)
    __rt_lib_shutdown_stdio_1                0x000004a7   Thumb Code     0  libshutdown2.o(.ARM.Collect$$libshutdown$$00000004)
    __rt_lib_shutdown_user_alloc_1           0x000004a7   Thumb Code     0  libshutdown2.o(.ARM.Collect$$libshutdown$$0000000C)
    __rt_entry                               0x000004a9   Thumb Code     0  __rtentry.o(.ARM.Collect$$rtentry$$00000000)
    __rt_entry_presh_1                       0x000004a9   Thumb Code     0  __rtentry2.o(.ARM.Collect$$rtentry$$00000002)
    __rt_entry_sh                            0x000004a9   Thumb Code     0  __rtentry7.o(.ARM.Collect$$rtentry$$00000007)
    __rt_entry_li                            0x000004ad   Thumb Code     0  __rtentry2.o(.ARM.Collect$$rtentry$$0000000A)
    __rt_entry_postsh_1                      0x000004ad   Thumb Code     0  __rtentry2.o(.ARM.Collect$$rtentry$$00000009)
    __rt_entry_main                          0x000004b1   Thumb Code     0  __rtentry2.o(.ARM.Collect$$rtentry$$0000000D)
    __rt_entry_postli_1                      0x000004b1   Thumb Code     0  __rtentry2.o(.ARM.Collect$$rtentry$$0000000C)
    __rt_exit                                0x000004bd   Thumb Code     0  rtexit.o(.ARM.Collect$$rtexit$$00000000)
    __rt_exit_ls                             0x000004bf   Thumb Code     0  rtexit2.o(.ARM.Collect$$rtexit$$00000003)
    __rt_exit_prels_1                        0x000004bf   Thumb Code     0  rtexit2.o(.ARM.Collect$$rtexit$$00000002)
    __rt_exit_exit                           0x000004c3   Thumb Code     0  rtexit2.o(.ARM.Collect$$rtexit$$00000004)
    Reset_Handler                            0x000004c9   Thumb Code    18  startup_mk64f12.o(.text)
    _maybe_terminate_alloc                   0x000004c9   Thumb Code     0  maybetermalloc1.o(.emb_text)
    NMI_Handler                              0x000004db   Thumb Code     2  startup_mk64f12.o(.text)
    HardFault_Handler                        0x000004dd   Thumb Code     2  startup_mk64f12.o(.text)
    MemManage_Handler                        0x000004df   Thumb Code     2  startup_mk64f12.o(.text)
    BusFault_Handler                         0x000004e1   Thumb Code     2  startup_mk64f12.o(.text)
    UsageFault_Handler                       0x000004e3   Thumb Code     2  startup_mk64f12.o(.text)
    SVC_Handler                              0x000004e5   Thumb Code     2  startup_mk64f12.o(.text)
    DebugMon_Handler                         0x000004e7   Thumb Code     2  startup_mk64f12.o(.text)
    PendSV_Handler                           0x000004e9   Thumb Code     2  startup_mk64f12.o(.text)
    SysTick_Handler                          0x000004eb   Thumb Code     2  startup_mk64f12.o(.text)
    ADC0_IRQHandler                          0x000004ed   Thumb Code     0  startup_mk64f12.o(.text)
    ADC1_IRQHandler                          0x000004ed   Thumb Code     0  startup_mk64f12.o(.text)
    CAN0_Bus_Off_IRQHandler                  0x000004ed   Thumb Code     0  startup_mk64f12.o(.text)
    CAN0_Error_IRQHandler                    0x000004ed   Thumb Code     0  startup_mk64f12.o(.text)
    CAN0_ORed_Message_buffer_IRQHandler      0x000004ed   Thumb Code     0  startup_mk64f12.o(.text)
    CAN0_Rx_Warning_IRQHandler               0x000004ed   Thumb Code     0  startup_mk64f12.o(.text)
    CAN0_Tx_Warning_IRQHandler               0x000004ed   Thumb Code     0  startup_mk64f12.o(.text)
    CAN0_Wake_Up_IRQHandler                  0x000004ed   Thumb Code     0  startup_mk64f12.o(.text)
    CMP0_IRQHandler                          0x000004ed   Thumb Code     0  startup_mk64f12.o(.text)
    CMP1_IRQHandler                          0x000004ed   Thumb Code     0  startup_mk64f12.o(.text)
    CMP2_IRQHandler                          0x000004ed   Thumb Code     0  startup_mk64f12.o(.text)
    CMT_IRQHandler                           0x000004ed   Thumb Code     0  startup_mk64f12.o(.text)
    DAC0_IRQHandler                          0x000004ed   Thumb Code     0  startup_mk64f12.o(.text)
    DAC1_IRQHandler                          0x000004ed   Thumb Code     0  startup_mk64f12.o(.text)
    DMA0_IRQHandler                          0x000004ed   Thumb Code     0  startup_mk64f12.o(.text)
    DMA10_IRQHandler                         0x000004ed   Thumb Code     0  startup_mk64f12.o(.text)
    DMA11_IRQHandler                         0x000004ed   Thumb Code     0  startup_mk64f12.o(.text)
    DMA12_IRQHandler                         0x000004ed   Thumb Code     0  startup_mk64f12.o(.text)
    DMA13_IRQHandler                         0x000004ed   Thumb Code     0  startup_mk64f12.o(.text)
    DMA14_IRQHandler                         0x000004ed   Thumb Code     0  startup_mk64f12.o(.text)
    DMA15_IRQHandler                         0x000004ed   Thumb Code     0  startup_mk64f12.o(.text)
    DMA1_IRQHandler                          0x000004ed   Thumb Code     0  startup_mk64f12.o(.text)
    DMA2_IRQHandler                          0x000004ed   Thumb Code     0  startup_mk64f12.o(.text)
    DMA3_IRQHandler                          0x000004ed   Thumb Code     0  startup_mk64f12.o(.text)
    DMA4_IRQHandler                          0x000004ed   Thumb Code     0  startup_mk64f12.o(.text)
    DMA5_IRQHandler                          0x000004ed   Thumb Code     0  startup_mk64f12.o(.text)
    DMA6_IRQHandler                          0x000004ed   Thumb Code     0  startup_mk64f12.o(.text)
    DMA7_IRQHandler                          0x000004ed   Thumb Code     0  startup_mk64f12.o(.text)
    DMA8_IRQHandler                          0x000004ed   Thumb Code     0  startup_mk64f12.o(.text)
    DMA9_IRQHandler                          0x000004ed   Thumb Code     0  startup_mk64f12.o(.text)
    DMA_Error_IRQHandler                     0x000004ed   Thumb Code     0  startup_mk64f12.o(.text)
    DefaultISR                               0x000004ed   Thumb Code     0  startup_mk64f12.o(.text)
    ENET_1588_Timer_IRQHandler               0x000004ed   Thumb Code     0  startup_mk64f12.o(.text)
    ENET_Error_IRQHandler                    0x000004ed   Thumb Code     0  startup_mk64f12.o(.text)
    ENET_Receive_IRQHandler                  0x000004ed   Thumb Code     0  startup_mk64f12.o(.text)
    ENET_Transmit_IRQHandler                 0x000004ed   Thumb Code     0  startup_mk64f12.o(.text)
    FTFE_IRQHandler                          0x000004ed   Thumb Code     0  startup_mk64f12.o(.text)
    FTM0_IRQHandler                          0x000004ed   Thumb Code     0  startup_mk64f12.o(.text)
    FTM1_IRQHandler                          0x000004ed   Thumb Code     0  startup_mk64f12.o(.text)
    FTM2_IRQHandler                          0x000004ed   Thumb Code     0  startup_mk64f12.o(.text)
    FTM3_IRQHandler                          0x000004ed   Thumb Code     0  startup_mk64f12.o(.text)
    I2C0_IRQHandler                          0x000004ed   Thumb Code     0  startup_mk64f12.o(.text)
    I2C1_IRQHandler                          0x000004ed   Thumb Code     0  startup_mk64f12.o(.text)
    I2C2_IRQHandler                          0x000004ed   Thumb Code     0  startup_mk64f12.o(.text)
    I2S0_Rx_IRQHandler                       0x000004ed   Thumb Code     0  startup_mk64f12.o(.text)
    I2S0_Tx_IRQHandler                       0x000004ed   Thumb Code     0  startup_mk64f12.o(.text)
    LLWU_IRQHandler                          0x000004ed   Thumb Code     0  startup_mk64f12.o(.text)
    LPTMR0_IRQHandler                        0x000004ed   Thumb Code     0  startup_mk64f12.o(.text)
    LVD_LVW_IRQHandler                       0x000004ed   Thumb Code     0  startup_mk64f12.o(.text)
    MCG_IRQHandler                           0x000004ed   Thumb Code     0  startup_mk64f12.o(.text)
    MCM_IRQHandler                           0x000004ed   Thumb Code     0  startup_mk64f12.o(.text)
    PDB0_IRQHandler                          0x000004ed   Thumb Code     0  startup_mk64f12.o(.text)
    PIT0_IRQHandler                          0x000004ed   Thumb Code     0  startup_mk64f12.o(.text)
    PIT1_IRQHandler                          0x000004ed   Thumb Code     0  startup_mk64f12.o(.text)
    PIT2_IRQHandler                          0x000004ed   Thumb Code     0  startup_mk64f12.o(.text)
    PIT3_IRQHandler                          0x000004ed   Thumb Code     0  startup_mk64f12.o(.text)
    PORTA_IRQHandler                         0x000004ed   Thumb Code     0  startup_mk64f12.o(.text)
    PORTB_IRQHandler                         0x000004ed   Thumb Code     0  startup_mk64f12.o(.text)
    PORTC_IRQHandler                         0x000004ed   Thumb Code     0  startup_mk64f12.o(.text)
    PORTD_IRQHandler                         0x000004ed   Thumb Code     0  startup_mk64f12.o(.text)
    PORTE_IRQHandler                         0x000004ed   Thumb Code     0  startup_mk64f12.o(.text)
    RNG_IRQHandler                           0x000004ed   Thumb Code     0  startup_mk64f12.o(.text)
    RTC_IRQHandler                           0x000004ed   Thumb Code     0  startup_mk64f12.o(.text)
    RTC_Seconds_IRQHandler                   0x000004ed   Thumb Code     0  startup_mk64f12.o(.text)
    Read_Collision_IRQHandler                0x000004ed   Thumb Code     0  startup_mk64f12.o(.text)
    Reserved71_IRQHandler                    0x000004ed   Thumb Code     0  startup_mk64f12.o(.text)
    SDHC_IRQHandler                          0x000004ed   Thumb Code     0  startup_mk64f12.o(.text)
    SPI0_IRQHandler                          0x000004ed   Thumb Code     0  startup_mk64f12.o(.text)
    SPI1_IRQHandler                          0x000004ed   Thumb Code     0  startup_mk64f12.o(.text)
    SPI2_IRQHandler                          0x000004ed   Thumb Code     0  startup_mk64f12.o(.text)
    SWI_IRQHandler                           0x000004ed   Thumb Code     0  startup_mk64f12.o(.text)
    UART0_ERR_IRQHandler                     0x000004ed   Thumb Code     0  startup_mk64f12.o(.text)
    UART0_LON_IRQHandler                     0x000004ed   Thumb Code     0  startup_mk64f12.o(.text)
    UART0_RX_TX_IRQHandler                   0x000004ed   Thumb Code     0  startup_mk64f12.o(.text)
    UART1_ERR_IRQHandler                     0x000004ed   Thumb Code     0  startup_mk64f12.o(.text)
    UART1_RX_TX_IRQHandler                   0x000004ed   Thumb Code     0  startup_mk64f12.o(.text)
    UART2_ERR_IRQHandler                     0x000004ed   Thumb Code     0  startup_mk64f12.o(.text)
    UART2_RX_TX_IRQHandler                   0x000004ed   Thumb Code     0  startup_mk64f12.o(.text)
    UART3_ERR_IRQHandler                     0x000004ed   Thumb Code     0  startup_mk64f12.o(.text)
    UART3_RX_TX_IRQHandler                   0x000004ed   Thumb Code     0  startup_mk64f12.o(.text)
    UART4_ERR_IRQHandler                     0x000004ed   Thumb Code     0  startup_mk64f12.o(.text)
    UART4_RX_TX_IRQHandler                   0x000004ed   Thumb Code     0  startup_mk64f12.o(.text)
    UART5_ERR_IRQHandler                     0x000004ed   Thumb Code     0  startup_mk64f12.o(.text)
    UART5_RX_TX_IRQHandler                   0x000004ed   Thumb Code     0  startup_mk64f12.o(.text)
    USB0_IRQHandler                          0x000004ed   Thumb Code     0  startup_mk64f12.o(.text)
    USBDCD_IRQHandler                        0x000004ed   Thumb Code     0  startup_mk64f12.o(.text)
    WDOG_EWM_IRQHandler                      0x000004ed   Thumb Code     0  startup_mk64f12.o(.text)
    __2fprintf                               0x00000501   Thumb Code    20  noretval__2fprintf.o(.text)
    _printf_char_file                        0x00000515   Thumb Code    32  _printf_char_file.o(.text)
    _initio                                  0x00000539   Thumb Code   210  initio.o(.text)
    _terminateio                             0x0000060b   Thumb Code    56  initio.o(.text)
    _sys_open                                0x00000671   Thumb Code    20  sys_io.o(.text)
    _sys_close                               0x00000685   Thumb Code    12  sys_io.o(.text)
    _sys_write                               0x00000691   Thumb Code    16  sys_io.o(.text)
    _sys_read                                0x000006a1   Thumb Code    14  sys_io.o(.text)
    _sys_istty                               0x000006af   Thumb Code    12  sys_io.o(.text)
    _sys_seek                                0x000006bb   Thumb Code    14  sys_io.o(.text)
    _sys_ensure                              0x000006c9   Thumb Code     2  sys_io.o(.text)
    _sys_flen                                0x000006cb   Thumb Code    12  sys_io.o(.text)
    free                                     0x000006d7   Thumb Code    78  h1_free.o(.text)
    _printf_char_common                      0x0000072f   Thumb Code    32  _printf_char_common.o(.text)
    ferror                                   0x00000755   Thumb Code     8  ferror.o(.text)
    setvbuf                                  0x0000075d   Thumb Code    70  setvbuf.o(.text)
    freopen                                  0x000007a5   Thumb Code   158  fopen.o(.text)
    fopen                                    0x00000843   Thumb Code    74  fopen.o(.text)
    _fclose_internal                         0x00000891   Thumb Code    76  fclose.o(.text)
    fclose                                   0x00000891   Thumb Code     0  fclose.o(.text)
    __rt_SIGRTRED                            0x000008dd   Thumb Code    14  defsig_rtred_outer.o(.text)
    __aeabi_memclr4                          0x000008eb   Thumb Code     0  rt_memclr_w.o(.text)
    __aeabi_memclr8                          0x000008eb   Thumb Code     0  rt_memclr_w.o(.text)
    __rt_memclr_w                            0x000008eb   Thumb Code    78  rt_memclr_w.o(.text)
    _memset_w                                0x000008ef   Thumb Code     0  rt_memclr_w.o(.text)
    __I$use$semihosting                      0x00000939   Thumb Code     0  use_no_semi.o(.text)
    __use_no_semihosting_swi                 0x00000939   Thumb Code     2  use_no_semi.o(.text)
    __semihosting_library_function           0x0000093b   Thumb Code     0  indicate_semi.o(.text)
    __rt_heap_descriptor                     0x0000093d   Thumb Code     8  rt_heap_descriptor_intlibspace.o(.text)
    __use_no_heap                            0x00000945   Thumb Code     2  hguard.o(.text)
    __heap$guard                             0x00000947   Thumb Code     2  hguard.o(.text)
    _terminate_user_alloc                    0x00000949   Thumb Code     2  init_alloc.o(.text)
    _init_user_alloc                         0x0000094b   Thumb Code     2  init_alloc.o(.text)
    __Heap_Full                              0x0000094d   Thumb Code    34  init_alloc.o(.text)
    __Heap_Broken                            0x0000096f   Thumb Code     6  init_alloc.o(.text)
    _init_alloc                              0x00000975   Thumb Code    94  init_alloc.o(.text)
    malloc                                   0x000009d3   Thumb Code    94  h1_alloc.o(.text)
    __printf                                 0x00000a31   Thumb Code    40  __printf_nopercent.o(.text)
    __flsbuf                                 0x00000a59   Thumb Code   470  flsbuf.o(.text)
    __flsbuf_byte                            0x00000a59   Thumb Code     0  flsbuf.o(.text)
    __flsbuf_wide                            0x00000a59   Thumb Code     0  flsbuf.o(.text)
    _fseek                                   0x00000c31   Thumb Code   242  fseek.o(.text)
    fseek                                    0x00000c31   Thumb Code     0  fseek.o(.text)
    _seterr                                  0x00000d29   Thumb Code    20  stdio.o(.text)
    _writebuf                                0x00000d3d   Thumb Code    84  stdio.o(.text)
    _fflush                                  0x00000d91   Thumb Code    70  stdio.o(.text)
    _deferredlazyseek                        0x00000dd7   Thumb Code    60  stdio.o(.text)
    exit                                     0x00000e19   Thumb Code    18  exit.o(.text)
    __sig_exit                               0x00000e2b   Thumb Code    10  defsig_exit.o(.text)
    __rt_SIGRTRED_inner                      0x00000e35   Thumb Code    14  defsig_rtred_inner.o(.text)
    strlen                                   0x00000e69   Thumb Code    62  strlen.o(.text)
    _sys_exit                                0x00000ea9   Thumb Code     8  sys_exit.o(.text)
    __Heap_Initialize                        0x00000eb5   Thumb Code    10  h1_init.o(.text)
    __Heap_DescSize                          0x00000ebf   Thumb Code     4  h1_init.o(.text)
    __Heap_ProvideMemory                     0x00000ec3   Thumb Code    52  h1_extend.o(.text)
    _ftell_internal                          0x00000ef7   Thumb Code    66  ftell.o(.text)
    ftell                                    0x00000ef7   Thumb Code     0  ftell.o(.text)
    __default_signal_display                 0x00000f39   Thumb Code    50  defsig_general.o(.text)
    __rt_SIGRTMEM                            0x00000f6b   Thumb Code    14  defsig_rtmem_outer.o(.text)
    _ttywrch                                 0x00000f79   Thumb Code    14  sys_wrch.o(.text)
    __aeabi_errno_addr                       0x00000f89   Thumb Code     8  rt_errno_addr_intlibspace.o(.text)
    __errno$intlibspace                      0x00000f89   Thumb Code     0  rt_errno_addr_intlibspace.o(.text)
    __rt_errno_addr$intlibspace              0x00000f89   Thumb Code     0  rt_errno_addr_intlibspace.o(.text)
    __rt_SIGRTMEM_inner                      0x00000f91   Thumb Code    22  defsig_rtmem_inner.o(.text)
    SystemInit                               0x00000fe1   Thumb Code    34  system_mk64f12.o(i.SystemInit)
    fputc                                    0x0000100d   Thumb Code    26  fputc.o(i.fputc)
    init_data_bss                            0x00001029   Thumb Code    54  startup.o(i.init_data_bss)
    main                                     0x00001071   Thumb Code    14  hello.o(i.main)
    _fp_init                                 0x00001091   Thumb Code    10  fpinit.o(x$fpl$fpinit)
    __fplib_config_fpu_vfp                   0x00001099   Thumb Code     0  fpinit.o(x$fpl$fpinit)
    __fplib_config_pureend_doubles           0x00001099   Thumb Code     0  fpinit.o(x$fpl$fpinit)
    __stdin_name                             0x0000109a   Data           4  sys_io.o(.constdata)
    __stdout_name                            0x0000109e   Data           4  sys_io.o(.constdata)
    __stderr_name                            0x000010a2   Data           4  sys_io.o(.constdata)
    Region$$Table$$Base                      0x000010a8   Number         0  anon$$obj.o(Region$$Table)
    Region$$Table$$Limit                     0x000010c8   Number         0  anon$$obj.o(Region$$Table)
    Image$$RW_m_data$$Base                   0x1fff0000   Number         0  anon$$obj.o ABSOLUTE
    __aeabi_stdin                            0x20000000   Data           4  stdio_streams.o(.data)
    __aeabi_stdout                           0x20000004   Data           4  stdio_streams.o(.data)
    __aeabi_stderr                           0x20000008   Data           4  stdio_streams.o(.data)
    __stdin                                  0x2000000c   Data          84  stdio_streams.o(.bss)
    __stdout                                 0x20000060   Data          84  stdio_streams.o(.bss)
    __stderr                                 0x200000b4   Data          84  stdio_streams.o(.bss)
    __libspace_start                         0x20000108   Data          96  libspace.o(.bss)
    Image$$ARM_LIB_HEAP$$ZI$$Base            0x20000168   Number         0  anon$$obj.o ABSOLUTE
    __temporary_stack_top$libspace           0x20000168   Data           0  libspace.o(.bss)
    Image$$ARM_LIB_HEAP$$ZI$$Limit           0x20000568   Number         0  anon$$obj.o ABSOLUTE
    Image$$ARM_LIB_STACK$$ZI$$Limit          0x20030000   Number         0  anon$$obj.o ABSOLUTE



==============================================================================

Memory Map of the image

  Image Entry point : 0x00000411

  Load Region LR_m_text (Base: 0x00000410, Size: 0x00000cc4, Max: 0x000ffbf0, ABSOLUTE)

    Execution Region ER_m_text (Base: 0x00000410, Size: 0x00000cb8, Max: 0x000ffbf0, ABSOLUTE)

    Base Addr    Size         Type   Attr      Idx    E Section Name        Object

    0x00000410   0x00000008   Code   RO          152  * !!!main             c_w.l(__main.o)
    0x00000418   0x00000034   Code   RO          507    !!!scatter          c_w.l(__scatter.o)
    0x0000044c   0x0000001a   Code   RO          509    !!handler_copy      c_w.l(__scatter_copy.o)
    0x00000466   0x00000002   PAD
    0x00000468   0x0000001c   Code   RO          511    !!handler_zi        c_w.l(__scatter_zi.o)
    0x00000484   0x00000002   Code   RO          393    .ARM.Collect$$libinit$$00000000  c_w.l(libinit.o)
    0x00000486   0x00000004   Code   RO          273    .ARM.Collect$$libinit$$00000001  c_w.l(libinit2.o)
    0x0000048a   0x00000000   Code   RO          276    .ARM.Collect$$libinit$$00000004  c_w.l(libinit2.o)
    0x0000048a   0x00000008   Code   RO          446    .ARM.Collect$$libinit$$00000008  c_w.l(libinit5.o)
    0x00000492   0x00000000   Code   RO          279    .ARM.Collect$$libinit$$0000000A  c_w.l(libinit2.o)
    0x00000492   0x00000000   Code   RO          281    .ARM.Collect$$libinit$$0000000C  c_w.l(libinit2.o)
    0x00000492   0x00000000   Code   RO          283    .ARM.Collect$$libinit$$0000000E  c_w.l(libinit2.o)
    0x00000492   0x00000000   Code   RO          286    .ARM.Collect$$libinit$$00000011  c_w.l(libinit2.o)
    0x00000492   0x00000000   Code   RO          288    .ARM.Collect$$libinit$$00000013  c_w.l(libinit2.o)
    0x00000492   0x00000000   Code   RO          290    .ARM.Collect$$libinit$$00000015  c_w.l(libinit2.o)
    0x00000492   0x00000000   Code   RO          292    .ARM.Collect$$libinit$$00000017  c_w.l(libinit2.o)
    0x00000492   0x00000000   Code   RO          294    .ARM.Collect$$libinit$$00000019  c_w.l(libinit2.o)
    0x00000492   0x00000000   Code   RO          296    .ARM.Collect$$libinit$$0000001B  c_w.l(libinit2.o)
    0x00000492   0x00000000   Code   RO          298    .ARM.Collect$$libinit$$0000001D  c_w.l(libinit2.o)
    0x00000492   0x00000000   Code   RO          300    .ARM.Collect$$libinit$$0000001F  c_w.l(libinit2.o)
    0x00000492   0x00000000   Code   RO          302    .ARM.Collect$$libinit$$00000021  c_w.l(libinit2.o)
    0x00000492   0x00000000   Code   RO          304    .ARM.Collect$$libinit$$00000023  c_w.l(libinit2.o)
    0x00000492   0x00000004   Code   RO          305    .ARM.Collect$$libinit$$00000024  c_w.l(libinit2.o)
    0x00000496   0x00000000   Code   RO          306    .ARM.Collect$$libinit$$00000025  c_w.l(libinit2.o)
    0x00000496   0x00000000   Code   RO          310    .ARM.Collect$$libinit$$0000002C  c_w.l(libinit2.o)
    0x00000496   0x00000000   Code   RO          312    .ARM.Collect$$libinit$$0000002E  c_w.l(libinit2.o)
    0x00000496   0x00000000   Code   RO          314    .ARM.Collect$$libinit$$00000030  c_w.l(libinit2.o)
    0x00000496   0x00000000   Code   RO          316    .ARM.Collect$$libinit$$00000032  c_w.l(libinit2.o)
    0x00000496   0x00000002   Code   RO          317    .ARM.Collect$$libinit$$00000033  c_w.l(libinit2.o)
    0x00000498   0x00000008   Code   RO          447    .ARM.Collect$$libinit$$00002719  c_w.l(libinit5.o)
    0x000004a0   0x00000002   Code   RO          504    .ARM.Collect$$libshutdown$$00000000  c_w.l(libshutdown.o)
    0x000004a2   0x00000000   Code   RO          319    .ARM.Collect$$libshutdown$$00000002  c_w.l(libshutdown2.o)
    0x000004a2   0x00000004   Code   RO          320    .ARM.Collect$$libshutdown$$00000003  c_w.l(libshutdown2.o)
    0x000004a6   0x00000000   Code   RO          321    .ARM.Collect$$libshutdown$$00000004  c_w.l(libshutdown2.o)
    0x000004a6   0x00000000   Code   RO          324    .ARM.Collect$$libshutdown$$00000007  c_w.l(libshutdown2.o)
    0x000004a6   0x00000000   Code   RO          327    .ARM.Collect$$libshutdown$$0000000A  c_w.l(libshutdown2.o)
    0x000004a6   0x00000000   Code   RO          329    .ARM.Collect$$libshutdown$$0000000C  c_w.l(libshutdown2.o)
    0x000004a6   0x00000000   Code   RO          332    .ARM.Collect$$libshutdown$$0000000F  c_w.l(libshutdown2.o)
    0x000004a6   0x00000002   Code   RO          333    .ARM.Collect$$libshutdown$$00000010  c_w.l(libshutdown2.o)
    0x000004a8   0x00000000   Code   RO          154    .ARM.Collect$$rtentry$$00000000  c_w.l(__rtentry.o)
    0x000004a8   0x00000000   Code   RO          169    .ARM.Collect$$rtentry$$00000002  c_w.l(__rtentry2.o)
    0x000004a8   0x00000004   Code   RO          183    .ARM.Collect$$rtentry$$00000007  c_w.l(__rtentry7.o)
    0x000004ac   0x00000000   Code   RO          171    .ARM.Collect$$rtentry$$00000009  c_w.l(__rtentry2.o)
    0x000004ac   0x00000004   Code   RO          172    .ARM.Collect$$rtentry$$0000000A  c_w.l(__rtentry2.o)
    0x000004b0   0x00000000   Code   RO          174    .ARM.Collect$$rtentry$$0000000C  c_w.l(__rtentry2.o)
    0x000004b0   0x00000008   Code   RO          175    .ARM.Collect$$rtentry$$0000000D  c_w.l(__rtentry2.o)
    0x000004b8   0x00000004   Code   RO          184    .ARM.Collect$$rtentry$$00002718  c_w.l(__rtentry7.o)
    0x000004bc   0x00000002   Code   RO          405    .ARM.Collect$$rtexit$$00000000  c_w.l(rtexit.o)
    0x000004be   0x00000000   Code   RO          455    .ARM.Collect$$rtexit$$00000002  c_w.l(rtexit2.o)
    0x000004be   0x00000004   Code   RO          456    .ARM.Collect$$rtexit$$00000003  c_w.l(rtexit2.o)
    0x000004c2   0x00000006   Code   RO          457    .ARM.Collect$$rtexit$$00000004  c_w.l(rtexit2.o)
    0x000004c8   0x00000000   Code   RO          407    .emb_text           c_w.l(maybetermalloc1.o)
    0x000004c8   0x00000038   Code   RO          100    .text               startup_mk64f12.o
    0x00000500   0x00000014   Code   RO          144    .text               c_w.l(noretval__2fprintf.o)
    0x00000514   0x00000024   Code   RO          155    .text               c_w.l(_printf_char_file.o)
    0x00000538   0x00000138   Code   RO          157    .text               c_w.l(initio.o)
    0x00000670   0x00000066   Code   RO          161    .text               c_w.l(sys_io.o)
    0x000006d6   0x0000004e   Code   RO          190    .text               c_w.l(h1_free.o)
    0x00000724   0x00000030   Code   RO          244    .text               c_w.l(_printf_char_common.o)
    0x00000754   0x00000008   Code   RO          246    .text               c_w.l(ferror.o)
    0x0000075c   0x00000046   Code   RO          252    .text               c_w.l(setvbuf.o)
    0x000007a2   0x00000002   PAD
    0x000007a4   0x000000ec   Code   RO          255    .text               c_w.l(fopen.o)
    0x00000890   0x0000004c   Code   RO          257    .text               c_w.l(fclose.o)
    0x000008dc   0x0000000e   Code   RO          267    .text               c_w.l(defsig_rtred_outer.o)
    0x000008ea   0x0000004e   Code   RO          271    .text               c_w.l(rt_memclr_w.o)
    0x00000938   0x00000002   Code   RO          334    .text               c_w.l(use_no_semi.o)
    0x0000093a   0x00000000   Code   RO          336    .text               c_w.l(indicate_semi.o)
    0x0000093a   0x00000002   PAD
    0x0000093c   0x00000008   Code   RO          344    .text               c_w.l(rt_heap_descriptor_intlibspace.o)
    0x00000944   0x00000004   Code   RO          346    .text               c_w.l(hguard.o)
    0x00000948   0x0000008a   Code   RO          348    .text               c_w.l(init_alloc.o)
    0x000009d2   0x0000005e   Code   RO          354    .text               c_w.l(h1_alloc.o)
    0x00000a30   0x00000028   Code   RO          368    .text               c_w.l(__printf_nopercent.o)
    0x00000a58   0x000001d6   Code   RO          370    .text               c_w.l(flsbuf.o)
    0x00000c2e   0x00000002   PAD
    0x00000c30   0x000000f8   Code   RO          372    .text               c_w.l(fseek.o)
    0x00000d28   0x000000f0   Code   RO          374    .text               c_w.l(stdio.o)
    0x00000e18   0x00000012   Code   RO          376    .text               c_w.l(exit.o)
    0x00000e2a   0x0000000a   Code   RO          378    .text               c_w.l(defsig_exit.o)
    0x00000e34   0x00000034   Code   RO          380    .text               c_w.l(defsig_rtred_inner.o)
    0x00000e68   0x0000003e   Code   RO          382    .text               c_w.l(strlen.o)
    0x00000ea6   0x00000002   PAD
    0x00000ea8   0x0000000c   Code   RO          398    .text               c_w.l(sys_exit.o)
    0x00000eb4   0x0000000e   Code   RO          409    .text               c_w.l(h1_init.o)
    0x00000ec2   0x00000034   Code   RO          411    .text               c_w.l(h1_extend.o)
    0x00000ef6   0x00000042   Code   RO          419    .text               c_w.l(ftell.o)
    0x00000f38   0x00000032   Code   RO          427    .text               c_w.l(defsig_general.o)
    0x00000f6a   0x0000000e   Code   RO          429    .text               c_w.l(defsig_rtmem_outer.o)
    0x00000f78   0x0000000e   Code   RO          450    .text               c_w.l(sys_wrch.o)
    0x00000f86   0x00000002   PAD
    0x00000f88   0x00000008   Code   RO          464    .text               c_w.l(rt_errno_addr_intlibspace.o)
    0x00000f90   0x00000050   Code   RO          478    .text               c_w.l(defsig_rtmem_inner.o)
    0x00000fe0   0x0000002c   Code   RO          108    i.SystemInit        system_mk64f12.o
    0x0000100c   0x0000001a   Code   RO          249    i.fputc             c_w.l(fputc.o)
    0x00001026   0x00000002   PAD
    0x00001028   0x00000048   Code   RO           73    i.init_data_bss     startup.o
    0x00001070   0x00000020   Code   RO            7    i.main              hello.o
    0x00001090   0x0000000a   Code   RO          396    x$fpl$fpinit        fz_wm.l(fpinit.o)
    0x0000109a   0x00000004   Data   RO          162    .constdata          c_w.l(sys_io.o)
    0x0000109e   0x00000004   Data   RO          163    .constdata          c_w.l(sys_io.o)
    0x000010a2   0x00000004   Data   RO          164    .constdata          c_w.l(sys_io.o)
    0x000010a6   0x00000002   PAD
    0x000010a8   0x00000020   Data   RO          505    Region$$Table       anon$$obj.o


    Execution Region RW_m_data (Base: 0x1fff0000, Size: 0x00000000, Max: 0x00010000, ABSOLUTE)

    **** No section assigned to this execution region ****


    Execution Region RW_m_data_2 (Base: 0x20000000, Size: 0x00000168, Max: 0x0002f800, ABSOLUTE)

    Base Addr    Size         Type   Attr      Idx    E Section Name        Object

    0x20000000   0x00000004   Data   RW          149    .data               c_w.l(stdio_streams.o)
    0x20000004   0x00000004   Data   RW          150    .data               c_w.l(stdio_streams.o)
    0x20000008   0x00000004   Data   RW          151    .data               c_w.l(stdio_streams.o)
    0x2000000c   0x00000054   Zero   RW          146    .bss                c_w.l(stdio_streams.o)
    0x20000060   0x00000054   Zero   RW          147    .bss                c_w.l(stdio_streams.o)
    0x200000b4   0x00000054   Zero   RW          148    .bss                c_w.l(stdio_streams.o)
    0x20000108   0x00000060   Zero   RW          401    .bss                c_w.l(libspace.o)


    Execution Region ARM_LIB_HEAP (Base: 0x20000168, Size: 0x00000400, Max: 0x00000400, ABSOLUTE)

    Base Addr    Size         Type   Attr      Idx    E Section Name        Object

    0x20000168   0x00000400   Zero   RW            1    ARM_LIB_HEAP.bss    anon$$obj.o


    Execution Region ARM_LIB_STACK (Base: 0x2002fc00, Size: 0x00000400, Max: 0x00000400, ABSOLUTE)

    Base Addr    Size         Type   Attr      Idx    E Section Name        Object

    0x2002fc00   0x00000400   Zero   RW            2    ARM_LIB_STACK.bss   anon$$obj.o



  Load Region LR_m_interrupts (Base: 0x00000000, Size: 0x00000400, Max: 0x00000400, ABSOLUTE)

    Execution Region VECTOR_RAM (Base: 0x00000000, Size: 0x00000000, Max: 0x00000000, ABSOLUTE)

    Base Addr    Size         Type   Attr      Idx    E Section Name        Object

    0x00000000   0x00000000   Zero   RW            3    VECTOR_RAM.bss      anon$$obj.o


    Execution Region VECTOR_ROM (Base: 0x00000000, Size: 0x00000400, Max: 0x00000400, ABSOLUTE)

    Base Addr    Size         Type   Attr      Idx    E Section Name        Object

    0x00000000   0x00000400   Data   RO           98    RESET               startup_mk64f12.o



  Load Region LR_m_flash_config (Base: 0x00000400, Size: 0x00000010, Max: 0x00000010, ABSOLUTE)

    Execution Region ER_m_flash_config (Base: 0x00000400, Size: 0x00000010, Max: 0x00000010, ABSOLUTE)

    Base Addr    Size         Type   Attr      Idx    E Section Name        Object

    0x00000400   0x00000010   Data   RO           99    FlashConfig         startup_mk64f12.o


==============================================================================

Image component sizes


      Code (inc. data)   RO Data    RW Data    ZI Data      Debug   Object Name

        32         18          0          0          0       4991   hello.o
        72         18          0          0          0        580   startup.o
        56         18       1040          0          0        848   startup_mk64f12.o
        44         10          0          0          0        501   system_mk64f12.o

    ----------------------------------------------------------------------
       204         64       1072          0       2048       6920   Object Totals
         0          0         32          0       2048          0   (incl. Generated)
         0          0          0          0          0          0   (incl. Padding)

    ----------------------------------------------------------------------

      Code (inc. data)   RO Data    RW Data    ZI Data      Debug   Library Member Name

         8          0          0          0          0         68   __main.o
        40          0          0          0          0         84   __printf_nopercent.o
         0          0          0          0          0          0   __rtentry.o
        12          0          0          0          0          0   __rtentry2.o
         8          4          0          0          0          0   __rtentry7.o
        52          8          0          0          0          0   __scatter.o
        26          0          0          0          0          0   __scatter_copy.o
        28          0          0          0          0          0   __scatter_zi.o
        48          6          0          0          0         96   _printf_char_common.o
        36          4          0          0          0         80   _printf_char_file.o
        10          0          0          0          0         68   defsig_exit.o
        50          0          0          0          0         88   defsig_general.o
        80         58          0          0          0         76   defsig_rtmem_inner.o
        14          0          0          0          0         80   defsig_rtmem_outer.o
        52         38          0          0          0         76   defsig_rtred_inner.o
        14          0          0          0          0         80   defsig_rtred_outer.o
        18          0          0          0          0         80   exit.o
        76          0          0          0          0         88   fclose.o
         8          0          0          0          0         68   ferror.o
       470          0          0          0          0         88   flsbuf.o
       236          4          0          0          0        128   fopen.o
        26          0          0          0          0         68   fputc.o
       248          6          0          0          0         84   fseek.o
        66          0          0          0          0         76   ftell.o
        94          0          0          0          0         80   h1_alloc.o
        52          0          0          0          0         68   h1_extend.o
        78          0          0          0          0         80   h1_free.o
        14          0          0          0          0         84   h1_init.o
         4          0          0          0          0        136   hguard.o
         0          0          0          0          0          0   indicate_semi.o
       138          0          0          0          0        168   init_alloc.o
       312         46          0          0          0        112   initio.o
         2          0          0          0          0          0   libinit.o
        10          0          0          0          0          0   libinit2.o
        16          8          0          0          0          0   libinit5.o
         2          0          0          0          0          0   libshutdown.o
         6          0          0          0          0          0   libshutdown2.o
         0          0          0          0         96          0   libspace.o
         0          0          0          0          0          0   maybetermalloc1.o
        20          0          0          0          0         84   noretval__2fprintf.o
         8          4          0          0          0         68   rt_errno_addr_intlibspace.o
         8          4          0          0          0         68   rt_heap_descriptor_intlibspace.o
        78          0          0          0          0         80   rt_memclr_w.o
         2          0          0          0          0          0   rtexit.o
        10          0          0          0          0          0   rtexit2.o
        70          0          0          0          0         80   setvbuf.o
       240          6          0          0          0        156   stdio.o
         0          0          0         12        252          0   stdio_streams.o
        62          0          0          0          0         76   strlen.o
        12          4          0          0          0         68   sys_exit.o
       102          0         12          0          0        240   sys_io.o
        14          0          0          0          0         76   sys_wrch.o
         2          0          0          0          0         68   use_no_semi.o
        10          0          0          0          0        116   fpinit.o

    ----------------------------------------------------------------------
      3006        200         14         12        348       3384   Library Totals
        14          0          2          0          0          0   (incl. Padding)

    ----------------------------------------------------------------------

      Code (inc. data)   RO Data    RW Data    ZI Data      Debug   Library Name

      2982        200         12         12        348       3268   c_w.l
        10          0          0          0          0        116   fz_wm.l

    ----------------------------------------------------------------------
      3006        200         14         12        348       3384   Library Totals

    ----------------------------------------------------------------------

==============================================================================


      Code (inc. data)   RO Data    RW Data    ZI Data      Debug   

      3210        264       1086         12       2396       8640   Grand Totals
      3210        264       1086         12       2396       8640   ELF Image Totals
      3210        264       1086         12          0          0   ROM Totals

==============================================================================

    Total RO  Size (Code + RO Data)                 4296 (   4.20kB)
    Total RW  Size (RW Data + ZI Data)              2408 (   2.35kB)
    Total ROM Size (Code + RO Data + RW Data)       4308 (   4.21kB)

==============================================================================

