Component: ARM Compiler 5.06 update 4 (build 422) Tool: armlink [4d35d2]

==============================================================================

Section Cross References

    framework.o(i.main) refers to hardware_init.o(i.hardware_init) for hardware_init
    framework.o(i.main) refers to utils.o(i.PIN_Initialize) for PIN_Initialize
    framework.o(i.main) refers to framework.o(i.ADCRead_H) for ADCRead_H
    framework.o(i.main) refers to framework.o(i.ADCRead_V) for ADCRead_V
    framework.o(i.main) refers to fsl_debug_console.o(i.debug_printf) for debug_printf
    framework.o(i.main) refers to utils.o(i.delay) for delay
    utils.o(i.LEDBlue_On) refers to utils.o(i.__get_PRIMASK) for __get_PRIMASK
    utils.o(i.LEDBlue_On) refers to utils.o(i.__set_PRIMASK) for __set_PRIMASK
    utils.o(i.LEDGreen_On) refers to utils.o(i.__get_PRIMASK) for __get_PRIMASK
    utils.o(i.LEDGreen_On) refers to utils.o(i.__set_PRIMASK) for __set_PRIMASK
    utils.o(i.LEDRed_On) refers to utils.o(i.__get_PRIMASK) for __get_PRIMASK
    utils.o(i.LEDRed_On) refers to utils.o(i.__set_PRIMASK) for __set_PRIMASK
    utils.o(i.LED_Off) refers to utils.o(i.__get_PRIMASK) for __get_PRIMASK
    utils.o(i.LED_Off) refers to utils.o(i.__set_PRIMASK) for __set_PRIMASK
    board.o(i.BOARD_ClockInit) refers to assert.o(.text) for __aeabi_assert
    board.o(i.BOARD_ClockInit) refers to board.o(i.BOARD_InitOsc0) for BOARD_InitOsc0
    board.o(i.BOARD_ClockInit) refers to board.o(i.BOARD_InitRtcOsc) for BOARD_InitRtcOsc
    board.o(i.BOARD_ClockInit) refers to fsl_clock_mk64f12.o(i.CLOCK_SYS_SetConfiguration) for CLOCK_SYS_SetConfiguration
    board.o(i.BOARD_ClockInit) refers to board.o(.conststring) for .conststring
    board.o(i.BOARD_ClockInit) refers to board.o(.constdata) for g_defaultClockConfigRun
    board.o(i.BOARD_InitOsc0) refers to fsl_clock_manager.o(i.CLOCK_SYS_OscInit) for CLOCK_SYS_OscInit
    board.o(i.BOARD_InitOsc0) refers to board.o(.constdata) for .constdata
    board.o(i.BOARD_InitRtcOsc) refers to fsl_clock_manager.o(i.CLOCK_SYS_RtcOscInit) for CLOCK_SYS_RtcOscInit
    board.o(i.BOARD_InitRtcOsc) refers to board.o(.constdata) for .constdata
    board.o(i.dbg_uart_init) refers to pin_mux.o(i.configure_uart_pins) for configure_uart_pins
    board.o(i.dbg_uart_init) refers to fsl_debug_console.o(i.DbgConsole_Init) for DbgConsole_Init
    pin_mux.o(i.PORT_HAL_SetDriveStrengthMode) refers to assert.o(.text) for __aeabi_assert
    pin_mux.o(i.PORT_HAL_SetDriveStrengthMode) refers to pin_mux.o(.conststring) for .conststring
    pin_mux.o(i.PORT_HAL_SetMuxMode) refers to assert.o(.text) for __aeabi_assert
    pin_mux.o(i.PORT_HAL_SetMuxMode) refers to pin_mux.o(.conststring) for .conststring
    pin_mux.o(i.PORT_HAL_SetOpenDrainCmd) refers to assert.o(.text) for __aeabi_assert
    pin_mux.o(i.PORT_HAL_SetOpenDrainCmd) refers to pin_mux.o(.conststring) for .conststring
    pin_mux.o(i.PORT_HAL_SetPassiveFilterCmd) refers to assert.o(.text) for __aeabi_assert
    pin_mux.o(i.PORT_HAL_SetPassiveFilterCmd) refers to pin_mux.o(.conststring) for .conststring
    pin_mux.o(i.PORT_HAL_SetPullCmd) refers to assert.o(.text) for __aeabi_assert
    pin_mux.o(i.PORT_HAL_SetPullCmd) refers to pin_mux.o(.conststring) for .conststring
    pin_mux.o(i.PORT_HAL_SetPullMode) refers to assert.o(.text) for __aeabi_assert
    pin_mux.o(i.PORT_HAL_SetPullMode) refers to pin_mux.o(.conststring) for .conststring
    pin_mux.o(i.PORT_HAL_SetSlewRateMode) refers to assert.o(.text) for __aeabi_assert
    pin_mux.o(i.PORT_HAL_SetSlewRateMode) refers to pin_mux.o(.conststring) for .conststring
    pin_mux.o(i.configure_can_pins) refers to pin_mux.o(i.PORT_HAL_SetMuxMode) for PORT_HAL_SetMuxMode
    pin_mux.o(i.configure_cmp_pins) refers to pin_mux.o(i.PORT_HAL_SetMuxMode) for PORT_HAL_SetMuxMode
    pin_mux.o(i.configure_enet_pins) refers to pin_mux.o(i.PORT_HAL_SetMuxMode) for PORT_HAL_SetMuxMode
    pin_mux.o(i.configure_enet_pins) refers to pin_mux.o(i.PORT_HAL_SetOpenDrainCmd) for PORT_HAL_SetOpenDrainCmd
    pin_mux.o(i.configure_enet_pins) refers to pin_mux.o(i.PORT_HAL_SetPullMode) for PORT_HAL_SetPullMode
    pin_mux.o(i.configure_enet_pins) refers to pin_mux.o(i.PORT_HAL_SetPullCmd) for PORT_HAL_SetPullCmd
    pin_mux.o(i.configure_ftm_pins) refers to pin_mux.o(i.PORT_HAL_SetMuxMode) for PORT_HAL_SetMuxMode
    pin_mux.o(i.configure_gpio_i2c_pins) refers to pin_mux.o(i.PORT_HAL_SetMuxMode) for PORT_HAL_SetMuxMode
    pin_mux.o(i.configure_gpio_pins) refers to pin_mux.o(i.PORT_HAL_SetPassiveFilterCmd) for PORT_HAL_SetPassiveFilterCmd
    pin_mux.o(i.configure_gpio_pins) refers to pin_mux.o(i.PORT_HAL_SetMuxMode) for PORT_HAL_SetMuxMode
    pin_mux.o(i.configure_gpio_pins) refers to pin_mux.o(i.PORT_HAL_SetPullMode) for PORT_HAL_SetPullMode
    pin_mux.o(i.configure_gpio_pins) refers to pin_mux.o(i.PORT_HAL_SetPullCmd) for PORT_HAL_SetPullCmd
[...]
    ../clib/memcpset.s                       0x00000000   Number         0  rt_memcpy_w.o ABSOLUTE
    ../clib/memcpset.s                       0x00000000   Number         0  rt_memclr.o ABSOLUTE
    ../clib/signal.c                         0x00000000   Number         0  defsig_exit.o ABSOLUTE
    ../clib/signal.c                         0x00000000   Number         0  defsig_abrt_inner.o ABSOLUTE
    ../clib/signal.c                         0x00000000   Number         0  defsig_fpe_outer.o ABSOLUTE
    ../clib/signal.c                         0x00000000   Number         0  defsig_fpe_formal.o ABSOLUTE
    ../clib/signal.c                         0x00000000   Number         0  defsig_pvfn_inner.o ABSOLUTE
    ../clib/signal.c                         0x00000000   Number         0  defsig_cppl_inner.o ABSOLUTE
    ../clib/signal.c                         0x00000000   Number         0  __raise.o ABSOLUTE
    ../clib/signal.c                         0x00000000   Number         0  defsig_rtmem_inner.o ABSOLUTE
    ../clib/signal.c                         0x00000000   Number         0  defsig_other.o ABSOLUTE
    ../clib/signal.c                         0x00000000   Number         0  defsig_segv_inner.o ABSOLUTE
    ../clib/signal.c                         0x00000000   Number         0  defsig_general.o ABSOLUTE
    ../clib/signal.c                         0x00000000   Number         0  defsig_fpe_inner.o ABSOLUTE
    ../clib/signal.c                         0x00000000   Number         0  defsig_abrt_outer.o ABSOLUTE
    ../clib/signal.c                         0x00000000   Number         0  defsig_abrt_formal.o ABSOLUTE
    ../clib/signal.c                         0x00000000   Number         0  defsig_rtmem_outer.o ABSOLUTE
    ../clib/signal.c                         0x00000000   Number         0  defsig_rtmem_formal.o ABSOLUTE
    ../clib/signal.c                         0x00000000   Number         0  defsig_rtred_inner.o ABSOLUTE
    ../clib/signal.c                         0x00000000   Number         0  defsig_stak_inner.o ABSOLUTE
    ../clib/signal.s                         0x00000000   Number         0  defsig.o ABSOLUTE
    ../clib/stdlib.c                         0x00000000   Number         0  exit.o ABSOLUTE
    ../clib/stdlib.c                         0x00000000   Number         0  abort.o ABSOLUTE
    ../clib/string.c                         0x00000000   Number         0  strlen.o ABSOLUTE
    ../fplib/daddsub.s                       0x00000000   Number         0  daddsub_clz.o ABSOLUTE
    ../fplib/dcmpi.s                         0x00000000   Number         0  dcmpi.o ABSOLUTE
    ../fplib/ddiv.s                          0x00000000   Number         0  ddiv.o ABSOLUTE
    ../fplib/deqf.s                          0x00000000   Number         0  deqf.o ABSOLUTE
    ../fplib/dfix.s                          0x00000000   Number         0  dfix.o ABSOLUTE
    ../fplib/dfixull.s                       0x00000000   Number         0  dfixull.o ABSOLUTE
    ../fplib/dflt.s                          0x00000000   Number         0  dflt_clz.o ABSOLUTE
    ../fplib/dfltll.s                        0x00000000   Number         0  dfltll_clz.o ABSOLUTE
    ../fplib/dleqf.s                         0x00000000   Number         0  dleqf.o ABSOLUTE
    ../fplib/dmul.s                          0x00000000   Number         0  dmul.o ABSOLUTE
    ../fplib/dnaninf.s                       0x00000000   Number         0  dnaninf.o ABSOLUTE
    ../fplib/dretinf.s                       0x00000000   Number         0  dretinf.o ABSOLUTE
    ../fplib/fpinit.s                        0x00000000   Number         0  fpinit.o ABSOLUTE
    ../fplib/usenofp.s                       0x00000000   Number         0  usenofp.o ABSOLUTE
    ../mathlib/modf.c                        0x00000000   Number         0  modf.o ABSOLUTE
    C:\Keil_v5\ARM\PACK\Keil\Kinetis_SDK_DFP\2.2.0\examples\frdmk64f\board.c 0x00000000   Number         0  board.o ABSOLUTE
    C:\Keil_v5\ARM\PACK\Keil\Kinetis_SDK_DFP\2.2.0\examples\frdmk64f\gpio_pins.c 0x00000000   Number         0  gpio_pins.o ABSOLUTE
    C:\Keil_v5\ARM\PACK\Keil\Kinetis_SDK_DFP\2.2.0\examples\frdmk64f\pin_mux.c 0x00000000   Number         0  pin_mux.o ABSOLUTE
    C:\Keil_v5\ARM\PACK\Keil\Kinetis_SDK_DFP\2.2.0\platform\devices\startup.c 0x00000000   Number         0  startup.o ABSOLUTE
    C:\Keil_v5\ARM\PACK\Keil\Kinetis_SDK_DFP\2.2.0\platform\drivers\src\gpio\fsl_gpio_common.c 0x00000000   Number         0  fsl_gpio_common.o ABSOLUTE
    C:\Keil_v5\ARM\PACK\Keil\Kinetis_SDK_DFP\2.2.0\platform\drivers\src\gpio\fsl_gpio_driver.c 0x00000000   Number         0  fsl_gpio_driver.o ABSOLUTE
    C:\Keil_v5\ARM\PACK\Keil\Kinetis_SDK_DFP\2.2.0\platform\drivers\src\rtc\fsl_rtc_common.c 0x00000000   Number         0  fsl_rtc_common.o ABSOLUTE
    C:\Keil_v5\ARM\PACK\Keil\Kinetis_SDK_DFP\2.2.0\platform\drivers\src\rtc\fsl_rtc_driver.c 0x00000000   Number         0  fsl_rtc_driver.o ABSOLUTE
    C:\Keil_v5\ARM\PACK\Keil\Kinetis_SDK_DFP\2.2.0\platform\hal\src\gpio\fsl_gpio_hal.c 0x00000000   Number         0  fsl_gpio_hal.o ABSOLUTE
    C:\Keil_v5\ARM\PACK\Keil\Kinetis_SDK_DFP\2.2.0\platform\hal\src\lptmr\fsl_lptmr_hal.c 0x00000000   Number         0  fsl_lptmr_hal.o ABSOLUTE
    C:\Keil_v5\ARM\PACK\Keil\Kinetis_SDK_DFP\2.2.0\platform\hal\src\mcg\fsl_mcg_hal.c 0x00000000   Number         0  fsl_mcg_hal.o ABSOLUTE
    C:\Keil_v5\ARM\PACK\Keil\Kinetis_SDK_DFP\2.2.0\platform\hal\src\mcg\fsl_mcg_hal_modes.c 0x00000000   Number         0  fsl_mcg_hal_modes.o ABSOLUTE
    C:\Keil_v5\ARM\PACK\Keil\Kinetis_SDK_DFP\2.2.0\platform\hal\src\osc\fsl_osc_hal.c 0x00000000   Number         0  fsl_osc_hal.o ABSOLUTE
    C:\Keil_v5\ARM\PACK\Keil\Kinetis_SDK_DFP\2.2.0\platform\hal\src\port\fsl_port_hal.c 0x00000000   Number         0  fsl_port_hal.o ABSOLUTE
    C:\Keil_v5\ARM\PACK\Keil\Kinetis_SDK_DFP\2.2.0\platform\hal\src\rtc\fsl_rtc_hal.c 0x00000000   Number         0  fsl_rtc_hal.o ABSOLUTE
    C:\Keil_v5\ARM\PACK\Keil\Kinetis_SDK_DFP\2.2.0\platform\hal\src\sim\MK64F12\fsl_sim_hal_MK64F12.c 0x00000000   Number         0  fsl_sim_hal_mk64f12.o ABSOLUTE
    C:\Keil_v5\ARM\PACK\Keil\Kinetis_SDK_DFP\2.2.0\platform\hal\src\uart\fsl_uart_hal.c 0x00000000   Number         0  fsl_uart_hal.o ABSOLUTE
    C:\Keil_v5\ARM\PACK\Keil\Kinetis_SDK_DFP\2.2.0\platform\osa\src\fsl_os_abstraction_bm.c 0x00000000   Number         0  fsl_os_abstraction_bm.o ABSOLUTE
    C:\Keil_v5\ARM\PACK\Keil\Kinetis_SDK_DFP\2.2.0\platform\system\src\clock\MK64F12\fsl_clock_MK64F12.c 0x00000000   Number         0  fsl_clock_mk64f12.o ABSOLUTE
    C:\Keil_v5\ARM\PACK\Keil\Kinetis_SDK_DFP\2.2.0\platform\system\src\clock\fsl_clock_manager.c 0x00000000   Number         0  fsl_clock_manager.o ABSOLUTE
    C:\Keil_v5\ARM\PACK\Keil\Kinetis_SDK_DFP\2.2.0\platform\system\src\clock\fsl_clock_manager_common.c 0x00000000   Number         0  fsl_clock_manager_common.o ABSOLUTE
    C:\Keil_v5\ARM\PACK\Keil\Kinetis_SDK_DFP\2.2.0\platform\system\src\interrupt\fsl_interrupt_manager.c 0x00000000   Number         0  fsl_interrupt_manager.o ABSOLUTE
    C:\Keil_v5\ARM\PACK\Keil\Kinetis_SDK_DFP\2.2.0\platform\utilities\src\fsl_debug_console.c 0x00000000   Number         0  fsl_debug_console.o ABSOLUTE
    C:\Keil_v5\ARM\PACK\Keil\Kinetis_SDK_DFP\2.2.0\platform\utilities\src\print_scan.c 0x00000000   Number         0  print_scan.o ABSOLUTE
    C:\\Keil_v5\\ARM\\PACK\\Keil\\Kinetis_SDK_DFP\\2.2.0\\examples\\frdmk64f\\board.c 0x00000000   Number         0  board.o ABSOLUTE
    C:\\Keil_v5\\ARM\\PACK\\Keil\\Kinetis_SDK_DFP\\2.2.0\\examples\\frdmk64f\\gpio_pins.c 0x00000000   Number         0  gpio_pins.o ABSOLUTE
    C:\\Keil_v5\\ARM\\PACK\\Keil\\Kinetis_SDK_DFP\\2.2.0\\examples\\frdmk64f\\pin_mux.c 0x00000000   Number         0  pin_mux.o ABSOLUTE
    C:\\Keil_v5\\ARM\\PACK\\Keil\\Kinetis_SDK_DFP\\2.2.0\\platform\\devices\\startup.c 0x00000000   Number         0  startup.o ABSOLUTE
    C:\\Keil_v5\\ARM\\PACK\\Keil\\Kinetis_SDK_DFP\\2.2.0\\platform\\drivers\\src\\gpio\\fsl_gpio_common.c 0x00000000   Number         0  fsl_gpio_common.o ABSOLUTE
    C:\\Keil_v5\\ARM\\PACK\\Keil\\Kinetis_SDK_DFP\\2.2.0\\platform\\drivers\\src\\gpio\\fsl_gpio_driver.c 0x00000000   Number         0  fsl_gpio_driver.o ABSOLUTE
    C:\\Keil_v5\\ARM\\PACK\\Keil\\Kinetis_SDK_DFP\\2.2.0\\platform\\drivers\\src\\rtc\\fsl_rtc_common.c 0x00000000   Number         0  fsl_rtc_common.o ABSOLUTE
    C:\\Keil_v5\\ARM\\PACK\\Keil\\Kinetis_SDK_DFP\\2.2.0\\platform\\drivers\\src\\rtc\\fsl_rtc_driver.c 0x00000000   Number         0  fsl_rtc_driver.o ABSOLUTE
    C:\\Keil_v5\\ARM\\PACK\\Keil\\Kinetis_SDK_DFP\\2.2.0\\platform\\hal\\src\\gpio\\fsl_gpio_hal.c 0x00000000   Number         0  fsl_gpio_hal.o ABSOLUTE
    C:\\Keil_v5\\ARM\\PACK\\Keil\\Kinetis_SDK_DFP\\2.2.0\\platform\\hal\\src\\lptmr\\fsl_lptmr_hal.c 0x00000000   Number         0  fsl_lptmr_hal.o ABSOLUTE
    C:\\Keil_v5\\ARM\\PACK\\Keil\\Kinetis_SDK_DFP\\2.2.0\\platform\\hal\\src\\mcg\\fsl_mcg_hal.c 0x00000000   Number         0  fsl_mcg_hal.o ABSOLUTE
    C:\\Keil_v5\\ARM\\PACK\\Keil\\Kinetis_SDK_DFP\\2.2.0\\platform\\hal\\src\\mcg\\fsl_mcg_hal_modes.c 0x00000000   Number         0  fsl_mcg_hal_modes.o ABSOLUTE
    C:\\Keil_v5\\ARM\\PACK\\Keil\\Kinetis_SDK_DFP\\2.2.0\\platform\\hal\\src\\osc\\fsl_osc_hal.c 0x00000000   Number         0  fsl_osc_hal.o ABSOLUTE
    C:\\Keil_v5\\ARM\\PACK\\Keil\\Kinetis_SDK_DFP\\2.2.0\\platform\\hal\\src\\port\\fsl_port_hal.c 0x00000000   Number         0  fsl_port_hal.o ABSOLUTE
    C:\\Keil_v5\\ARM\\PACK\\Keil\\Kinetis_SDK_DFP\\2.2.0\\platform\\hal\\src\\rtc\\fsl_rtc_hal.c 0x00000000   Number         0  fsl_rtc_hal.o ABSOLUTE
    C:\\Keil_v5\\ARM\\PACK\\Keil\\Kinetis_SDK_DFP\\2.2.0\\platform\\hal\\src\\sim\\MK64F12\\fsl_sim_hal_MK64F12.c 0x00000000   Number         0  fsl_sim_hal_mk64f12.o ABSOLUTE
    C:\\Keil_v5\\ARM\\PACK\\Keil\\Kinetis_SDK_DFP\\2.2.0\\platform\\hal\\src\\uart\\fsl_uart_hal.c 0x00000000   Number         0  fsl_uart_hal.o ABSOLUTE
    C:\\Keil_v5\\ARM\\PACK\\Keil\\Kinetis_SDK_DFP\\2.2.0\\platform\\osa\\src\\fsl_os_abstraction_bm.c 0x00000000   Number         0  fsl_os_abstraction_bm.o ABSOLUTE
    C:\\Keil_v5\\ARM\\PACK\\Keil\\Kinetis_SDK_DFP\\2.2.0\\platform\\system\\src\\clock\\MK64F12\\fsl_clock_MK64F12.c 0x00000000   Number         0  fsl_clock_mk64f12.o ABSOLUTE
    C:\\Keil_v5\\ARM\\PACK\\Keil\\Kinetis_SDK_DFP\\2.2.0\\platform\\system\\src\\clock\\fsl_clock_manager.c 0x00000000   Number         0  fsl_clock_manager.o ABSOLUTE
    C:\\Keil_v5\\ARM\\PACK\\Keil\\Kinetis_SDK_DFP\\2.2.0\\platform\\system\\src\\clock\\fsl_clock_manager_common.c 0x00000000   Number         0  fsl_clock_manager_common.o ABSOLUTE
    C:\\Keil_v5\\ARM\\PACK\\Keil\\Kinetis_SDK_DFP\\2.2.0\\platform\\system\\src\\interrupt\\fsl_interrupt_manager.c 0x00000000   Number         0  fsl_interrupt_manager.o ABSOLUTE
    C:\\Keil_v5\\ARM\\PACK\\Keil\\Kinetis_SDK_DFP\\2.2.0\\platform\\utilities\\src\\fsl_debug_console.c 0x00000000   Number         0  fsl_debug_console.o ABSOLUTE
    RTE\Device\MK64FN1M0VLL12\hardware_init.c 0x00000000   Number         0  hardware_init.o ABSOLUTE
    RTE\Device\MK64FN1M0VLL12\startup_MK64F12.s 0x00000000   Number         0  startup_mk64f12.o ABSOLUTE
    RTE\Device\MK64FN1M0VLL12\system_MK64F12.c 0x00000000   Number         0  system_mk64f12.o ABSOLUTE
    RTE\\Device\\MK64FN1M0VLL12\\hardware_init.c 0x00000000   Number         0  hardware_init.o ABSOLUTE
    RTE\\Device\\MK64FN1M0VLL12\\system_MK64F12.c 0x00000000   Number         0  system_mk64f12.o ABSOLUTE
    dc.s                                     0x00000000   Number         0  dc.o ABSOLUTE
    framework.c                              0x00000000   Number         0  framework.o ABSOLUTE
    framework.c                              0x00000000   Number         0  framework.o ABSOLUTE
    utils.c                                  0x00000000   Number         0  utils.o ABSOLUTE
    utils.c                                  0x00000000   Number         0  utils.o ABSOLUTE
    FlashConfig                              0x00000400   Section       16  startup_mk64f12.o(FlashConfig)
    !!!main                                  0x00000410   Section        8  __main.o(!!!main)
    !!!scatter                               0x00000418   Section       52  __scatter.o(!!!scatter)
    !!handler_copy                           0x0000044c   Section       26  __scatter_copy.o(!!handler_copy)
    !!handler_zi                             0x00000468   Section       28  __scatter_zi.o(!!handler_zi)
    .ARM.Collect$$libinit$$00000000          0x00000484   Section        2  libinit.o(.ARM.Collect$$libinit$$00000000)
    .ARM.Collect$$libinit$$00000001          0x00000486   Section        4  libinit2.o(.ARM.Collect$$libinit$$00000001)
    .ARM.Collect$$libinit$$00000004          0x0000048a   Section        0  libinit2.o(.ARM.Collect$$libinit$$00000004)
    .ARM.Collect$$libinit$$0000000A          0x0000048a   Section        0  libinit2.o(.ARM.Collect$$libinit$$0000000A)
    .ARM.Collect$$libinit$$0000000C          0x0000048a   Section        0  libinit2.o(.ARM.Collect$$libinit$$0000000C)
    .ARM.Collect$$libinit$$0000000E          0x0000048a   Section        0  libinit2.o(.ARM.Collect$$libinit$$0000000E)
    .ARM.Collect$$libinit$$00000011          0x0000048a   Section        0  libinit2.o(.ARM.Collect$$libinit$$00000011)
    .ARM.Collect$$libinit$$00000013          0x0000048a   Section        0  libinit2.o(.ARM.Collect$$libinit$$00000013)
    .ARM.Collect$$libinit$$00000015          0x0000048a   Section        0  libinit2.o(.ARM.Collect$$libinit$$00000015)
    .ARM.Collect$$libinit$$00000017          0x0000048a   Section        0  libinit2.o(.ARM.Collect$$libinit$$00000017)
    .ARM.Collect$$libinit$$00000019          0x0000048a   Section        0  libinit2.o(.ARM.Collect$$libinit$$00000019)
    .ARM.Collect$$libinit$$0000001B          0x0000048a   Section        0  libinit2.o(.ARM.Collect$$libinit$$0000001B)
    .ARM.Collect$$libinit$$0000001D          0x0000048a   Section        0  libinit2.o(.ARM.Collect$$libinit$$0000001D)
    .ARM.Collect$$libinit$$0000001F          0x0000048a   Section        0  libinit2.o(.ARM.Collect$$libinit$$0000001F)
    .ARM.Collect$$libinit$$00000021          0x0000048a   Section        0  libinit2.o(.ARM.Collect$$libinit$$00000021)
    .ARM.Collect$$libinit$$00000023          0x0000048a   Section        0  libinit2.o(.ARM.Collect$$libinit$$00000023)
    .ARM.Collect$$libinit$$00000025          0x0000048a   Section        0  libinit2.o(.ARM.Collect$$libinit$$00000025)
    .ARM.Collect$$libinit$$0000002C          0x0000048a   Section        0  libinit2.o(.ARM.Collect$$libinit$$0000002C)
    .ARM.Collect$$libinit$$0000002E          0x0000048a   Section        0  libinit2.o(.ARM.Collect$$libinit$$0000002E)
    .ARM.Collect$$libinit$$00000030          0x0000048a   Section        0  libinit2.o(.ARM.Collect$$libinit$$00000030)
    .ARM.Collect$$libinit$$00000032          0x0000048a   Section        0  libinit2.o(.ARM.Collect$$libinit$$00000032)
    .ARM.Collect$$libinit$$00000033          0x0000048a   Section        2  libinit2.o(.ARM.Collect$$libinit$$00000033)
    .ARM.Collect$$libshutdown$$00000000      0x0000048c   Section        2  libshutdown.o(.ARM.Collect$$libshutdown$$00000000)
    .ARM.Collect$$libshutdown$$00000002      0x0000048e   Section        0  libshutdown2.o(.ARM.Collect$$libshutdown$$00000002)
    .ARM.Collect$$libshutdown$$00000004      0x0000048e   Section        0  libshutdown2.o(.ARM.Collect$$libshutdown$$00000004)
    .ARM.Collect$$libshutdown$$00000007      0x0000048e   Section        0  libshutdown2.o(.ARM.Collect$$libshutdown$$00000007)
    .ARM.Collect$$libshutdown$$0000000A      0x0000048e   Section        0  libshutdown2.o(.ARM.Collect$$libshutdown$$0000000A)
    .ARM.Collect$$libshutdown$$0000000C      0x0000048e   Section        0  libshutdown2.o(.ARM.Collect$$libshutdown$$0000000C)
    .ARM.Collect$$libshutdown$$0000000F      0x0000048e   Section        0  libshutdown2.o(.ARM.Collect$$libshutdown$$0000000F)
    .ARM.Collect$$libshutdown$$00000010      0x0000048e   Section        2  libshutdown2.o(.ARM.Collect$$libshutdown$$00000010)
    .ARM.Collect$$rtentry$$00000000          0x00000490   Section        0  __rtentry.o(.ARM.Collect$$rtentry$$00000000)
    .ARM.Collect$$rtentry$$00000002          0x00000490   Section        0  __rtentry2.o(.ARM.Collect$$rtentry$$00000002)
    .ARM.Collect$$rtentry$$00000007          0x00000490   Section        4  __rtentry7.o(.ARM.Collect$$rtentry$$00000007)
    .ARM.Collect$$rtentry$$00000009          0x00000494   Section        0  __rtentry2.o(.ARM.Collect$$rtentry$$00000009)
    .ARM.Collect$$rtentry$$0000000A          0x00000494   Section        4  __rtentry2.o(.ARM.Collect$$rtentry$$0000000A)
    .ARM.Collect$$rtentry$$0000000C          0x00000498   Section        0  __rtentry2.o(.ARM.Collect$$rtentry$$0000000C)
    .ARM.Collect$$rtentry$$0000000D          0x00000498   Section        8  __rtentry2.o(.ARM.Collect$$rtentry$$0000000D)
    .ARM.Collect$$rtentry$$00002718          0x000004a0   Section        4  __rtentry7.o(.ARM.Collect$$rtentry$$00002718)
    __lit__00000000                          0x000004a0   Data           4  __rtentry7.o(.ARM.Collect$$rtentry$$00002718)
    .ARM.Collect$$rtexit$$00000000           0x000004a4   Section        2  rtexit.o(.ARM.Collect$$rtexit$$00000000)
    .ARM.Collect$$rtexit$$00000002           0x000004a6   Section        0  rtexit2.o(.ARM.Collect$$rtexit$$00000002)
    .ARM.Collect$$rtexit$$00000003           0x000004a6   Section        4  rtexit2.o(.ARM.Collect$$rtexit$$00000003)
    .ARM.Collect$$rtexit$$00000004           0x000004aa   Section        6  rtexit2.o(.ARM.Collect$$rtexit$$00000004)
    .text                                    0x000004b0   Section       56  startup_mk64f12.o(.text)
    $v0                                      0x000004b0   Number         0  startup_mk64f12.o(.text)
    .text                                    0x000004e8   Section        0  assert.o(.text)
    .text                                    0x00000568   Section        0  strlen.o(.text)
    .text                                    0x000005a6   Section      100  rt_memcpy_w.o(.text)
    .text                                    0x0000060a   Section        0  abort.o(.text)
    .text                                    0x00000620   Section        0  assert_puts.o(.text)
    .text                                    0x00000634   Section        0  sys_wrch.o(.text)
    .text                                    0x00000644   Section        0  sys_exit.o(.text)
    .text                                    0x00000650   Section        0  defsig_abrt_outer.o(.text)
    .text                                    0x0000065e   Section        2  use_no_semi.o(.text)
    .text                                    0x00000660   Section        0  exit.o(.text)
    .text                                    0x00000660   Section        0  indicate_semi.o(.text)
    .text                                    0x00000672   Section        0  defsig_exit.o(.text)
    .text                                    0x0000067c   Section        0  defsig_abrt_inner.o(.text)
    .text                                    0x000006ac   Section        0  defsig_general.o(.text)
    i.ADCRead_H                              0x000006e0   Section        0  framework.o(i.ADCRead_H)
    i.ADCRead_V                              0x00000710   Section        0  framework.o(i.ADCRead_V)
    i.BOARD_ClockInit                        0x00000740   Section        0  board.o(i.BOARD_ClockInit)
    i.BOARD_InitOsc0                         0x000007a8   Section        0  board.o(i.BOARD_InitOsc0)
    i.BOARD_InitRtcOsc                       0x000007c0   Section        0  board.o(i.BOARD_InitRtcOsc)
    i.CLOCK_HAL_EnablePll0InFllMode          0x000007d8   Section        0  fsl_mcg_hal.o(i.CLOCK_HAL_EnablePll0InFllMode)
    i.CLOCK_HAL_GetClkOutStat                0x00000818   Section        0  fsl_mcg_hal_modes.o(i.CLOCK_HAL_GetClkOutStat)
    CLOCK_HAL_GetClkOutStat                  0x00000819   Thumb Code    10  fsl_mcg_hal_modes.o(i.CLOCK_HAL_GetClkOutStat)
    i.CLOCK_HAL_GetClkOutStat                0x00000822   Section        0  fsl_clock_manager.o(i.CLOCK_HAL_GetClkOutStat)
    CLOCK_HAL_GetClkOutStat                  0x00000823   Thumb Code    10  fsl_clock_manager.o(i.CLOCK_HAL_GetClkOutStat)
    i.CLOCK_HAL_GetFllClk                    0x0000082c   Section        0  fsl_mcg_hal.o(i.CLOCK_HAL_GetFllClk)
    i.CLOCK_HAL_GetFllRefClk                 0x00000880   Section        0  fsl_mcg_hal.o(i.CLOCK_HAL_GetFllRefClk)
    i.CLOCK_HAL_GetFllSrc                    0x000008cc   Section        0  fsl_mcg_hal_modes.o(i.CLOCK_HAL_GetFllSrc)
    CLOCK_HAL_GetFllSrc                      0x000008cd   Thumb Code    14  fsl_mcg_hal_modes.o(i.CLOCK_HAL_GetFllSrc)
    i.CLOCK_HAL_GetInternalRefClk            0x000008dc   Section        0  fsl_mcg_hal.o(i.CLOCK_HAL_GetInternalRefClk)
    i.CLOCK_HAL_GetInternalRefClkMode        0x00000918   Section        0  fsl_mcg_hal.o(i.CLOCK_HAL_GetInternalRefClkMode)
    CLOCK_HAL_GetInternalRefClkMode          0x00000919   Thumb Code    14  fsl_mcg_hal.o(i.CLOCK_HAL_GetInternalRefClkMode)
    i.CLOCK_HAL_GetInternalRefClkMode        0x00000926   Section        0  fsl_mcg_hal_modes.o(i.CLOCK_HAL_GetInternalRefClkMode)
    CLOCK_HAL_GetInternalRefClkMode          0x00000927   Thumb Code    14  fsl_mcg_hal_modes.o(i.CLOCK_HAL_GetInternalRefClkMode)
    i.CLOCK_HAL_GetMcgExternalClkFreq        0x00000934   Section        0  fsl_mcg_hal.o(i.CLOCK_HAL_GetMcgExternalClkFreq)
    CLOCK_HAL_GetMcgExternalClkFreq          0x00000935   Thumb Code    18  fsl_mcg_hal.o(i.CLOCK_HAL_GetMcgExternalClkFreq)
    i.CLOCK_HAL_GetMcgMode                   0x00000946   Section        0  fsl_mcg_hal_modes.o(i.CLOCK_HAL_GetMcgMode)
    i.CLOCK_HAL_GetOutClk                    0x000009dc   Section        0  fsl_mcg_hal.o(i.CLOCK_HAL_GetOutClk)
    i.CLOCK_HAL_GetPll0Clk                   0x00000a2a   Section        0  fsl_mcg_hal.o(i.CLOCK_HAL_GetPll0Clk)
    i.CLOCK_HAL_GetPll0RefFreq               0x00000a6e   Section        0  fsl_mcg_hal.o(i.CLOCK_HAL_GetPll0RefFreq)
    i.CLOCK_HAL_IsOsc0Stable                 0x00000a7a   Section        0  fsl_mcg_hal_modes.o(i.CLOCK_HAL_IsOsc0Stable)
    CLOCK_HAL_IsOsc0Stable                   0x00000a7b   Thumb Code    22  fsl_mcg_hal_modes.o(i.CLOCK_HAL_IsOsc0Stable)
    i.CLOCK_HAL_IsPllSelected                0x00000a90   Section        0  fsl_mcg_hal_modes.o(i.CLOCK_HAL_IsPllSelected)
    CLOCK_HAL_IsPllSelected                  0x00000a91   Thumb Code    22  fsl_mcg_hal_modes.o(i.CLOCK_HAL_IsPllSelected)
    i.CLOCK_HAL_PrepareOsc                   0x00000aa6   Section        0  fsl_mcg_hal_modes.o(i.CLOCK_HAL_PrepareOsc)
    CLOCK_HAL_PrepareOsc                     0x00000aa7   Thumb Code    42  fsl_mcg_hal_modes.o(i.CLOCK_HAL_PrepareOsc)
    i.CLOCK_HAL_SetClkOutSrc                 0x00000ad0   Section        0  fsl_clock_manager.o(i.CLOCK_HAL_SetClkOutSrc)
    CLOCK_HAL_SetClkOutSrc                   0x00000ad1   Thumb Code    10  fsl_clock_manager.o(i.CLOCK_HAL_SetClkOutSrc)
    i.CLOCK_HAL_SetFbeMode                   0x00000ada   Section        0  fsl_mcg_hal_modes.o(i.CLOCK_HAL_SetFbeMode)
    i.CLOCK_HAL_SetFbiMode                   0x00000bc0   Section        0  fsl_mcg_hal_modes.o(i.CLOCK_HAL_SetFbiMode)
    i.CLOCK_HAL_SetInternalRefClkMode        0x00000c74   Section        0  fsl_mcg_hal.o(i.CLOCK_HAL_SetInternalRefClkMode)
    CLOCK_HAL_SetInternalRefClkMode          0x00000c75   Thumb Code    12  fsl_mcg_hal.o(i.CLOCK_HAL_SetInternalRefClkMode)
    i.CLOCK_HAL_SetLowPowerModeCmd           0x00000c80   Section        0  fsl_clock_manager.o(i.CLOCK_HAL_SetLowPowerModeCmd)
    CLOCK_HAL_SetLowPowerModeCmd             0x00000c81   Thumb Code    12  fsl_clock_manager.o(i.CLOCK_HAL_SetLowPowerModeCmd)
    i.CLOCK_HAL_SetOsc0Mode                  0x00000c8c   Section        0  fsl_mcg_hal.o(i.CLOCK_HAL_SetOsc0Mode)
    i.CLOCK_HAL_SetOutDiv                    0x00000cb0   Section        0  fsl_sim_hal_mk64f12.o(i.CLOCK_HAL_SetOutDiv)
    i.CLOCK_HAL_SetPbeMode                   0x00000ce8   Section        0  fsl_mcg_hal_modes.o(i.CLOCK_HAL_SetPbeMode)
    i.CLOCK_HAL_TestFllExternalRefFreq       0x00000dd0   Section        0  fsl_mcg_hal.o(i.CLOCK_HAL_TestFllExternalRefFreq)
    i.CLOCK_HAL_TestFllFreq                  0x00000e18   Section        0  fsl_mcg_hal.o(i.CLOCK_HAL_TestFllFreq)
    i.CLOCK_HAL_TestOscFreq                  0x00000e50   Section        0  fsl_mcg_hal.o(i.CLOCK_HAL_TestOscFreq)
    i.CLOCK_HAL_UpdateFastClkInternalRefDiv  0x00000e84   Section        0  fsl_mcg_hal.o(i.CLOCK_HAL_UpdateFastClkInternalRefDiv)
    i.CLOCK_SYS_EnablePortClock              0x00000eec   Section        0  fsl_clock_mk64f12.o(i.CLOCK_SYS_EnablePortClock)
    i.CLOCK_SYS_EnableUartClock              0x00000f58   Section        0  fsl_clock_mk64f12.o(i.CLOCK_SYS_EnableUartClock)
    i.CLOCK_SYS_FllStableDelay               0x00000fc4   Section        0  fsl_clock_mk64f12.o(i.CLOCK_SYS_FllStableDelay)
    CLOCK_SYS_FllStableDelay                 0x00000fc5   Thumb Code    30  fsl_clock_mk64f12.o(i.CLOCK_SYS_FllStableDelay)
    i.CLOCK_SYS_GetBusClockFreq              0x00000fe4   Section        0  fsl_clock_mk64f12.o(i.CLOCK_SYS_GetBusClockFreq)
    i.CLOCK_SYS_GetCoreClockFreq             0x00001008   Section        0  fsl_clock_mk64f12.o(i.CLOCK_SYS_GetCoreClockFreq)
    i.CLOCK_SYS_GetSystemClockFreq           0x00001028   Section        0  fsl_clock_mk64f12.o(i.CLOCK_SYS_GetSystemClockFreq)
    i.CLOCK_SYS_GetUartFreq                  0x00001048   Section        0  fsl_clock_mk64f12.o(i.CLOCK_SYS_GetUartFreq)
    i.CLOCK_SYS_OscInit                      0x00001078   Section        0  fsl_clock_manager.o(i.CLOCK_SYS_OscInit)
    i.CLOCK_SYS_RtcOscInit                   0x00001148   Section        0  fsl_clock_manager.o(i.CLOCK_SYS_RtcOscInit)
    i.CLOCK_SYS_SetConfiguration             0x00001244   Section        0  fsl_clock_mk64f12.o(i.CLOCK_SYS_SetConfiguration)
    i.CLOCK_SYS_SetMcgMode                   0x000012ac   Section        0  fsl_clock_manager.o(i.CLOCK_SYS_SetMcgMode)
    i.CLOCK_SYS_SetMcgPeeToFbe               0x00001404   Section        0  fsl_clock_manager.o(i.CLOCK_SYS_SetMcgPeeToFbe)
    CLOCK_SYS_SetMcgPeeToFbe                 0x00001405   Thumb Code    66  fsl_clock_manager.o(i.CLOCK_SYS_SetMcgPeeToFbe)
    i.CLOCK_SYS_SetOscerConfigration         0x0000144c   Section        0  fsl_clock_manager.o(i.CLOCK_SYS_SetOscerConfigration)
    i.CLOCK_SYS_SetSimConfigration           0x00001470   Section        0  fsl_clock_mk64f12.o(i.CLOCK_SYS_SetSimConfigration)
    CLOCK_SYS_SetSimConfigration             0x00001471   Thumb Code    54  fsl_clock_mk64f12.o(i.CLOCK_SYS_SetSimConfigration)
    i.DbgConsole_Init                        0x000014b0   Section        0  fsl_debug_console.o(i.DbgConsole_Init)
    i.OSC_HAL_SetCapacitor                   0x0000156c   Section        0  fsl_osc_hal.o(i.OSC_HAL_SetCapacitor)
    i.OSC_HAL_SetExternalRefClkCmd           0x00001578   Section        0  fsl_clock_manager.o(i.OSC_HAL_SetExternalRefClkCmd)
    OSC_HAL_SetExternalRefClkCmd             0x00001579   Thumb Code    10  fsl_clock_manager.o(i.OSC_HAL_SetExternalRefClkCmd)
    i.OSC_HAL_SetExternalRefClkInStopModeCmd 0x00001582   Section        0  fsl_clock_manager.o(i.OSC_HAL_SetExternalRefClkInStopModeCmd)
    OSC_HAL_SetExternalRefClkInStopModeCmd   0x00001583   Thumb Code    10  fsl_clock_manager.o(i.OSC_HAL_SetExternalRefClkInStopModeCmd)
    i.PIN_Initialize                         0x0000158c   Section        0  utils.o(i.PIN_Initialize)
    i.PORT_HAL_SetMuxMode                    0x00001628   Section        0  pin_mux.o(i.PORT_HAL_SetMuxMode)
    PORT_HAL_SetMuxMode                      0x00001629   Thumb Code    48  pin_mux.o(i.PORT_HAL_SetMuxMode)
    i.RTC_HAL_SetOscillatorCmd               0x0000166c   Section        0  fsl_clock_manager.o(i.RTC_HAL_SetOscillatorCmd)
    RTC_HAL_SetOscillatorCmd                 0x0000166d   Thumb Code    14  fsl_clock_manager.o(i.RTC_HAL_SetOscillatorCmd)
    i.SIM_HAL_EnableClock                    0x0000167a   Section        0  fsl_clock_mk64f12.o(i.SIM_HAL_EnableClock)
    SIM_HAL_EnableClock                      0x0000167b   Thumb Code    34  fsl_clock_mk64f12.o(i.SIM_HAL_EnableClock)
    i.SystemInit                             0x0000169c   Section        0  system_mk64f12.o(i.SystemInit)
    i.UART_HAL_Getchar                       0x000016c8   Section        0  fsl_uart_hal.o(i.UART_HAL_Getchar)
    i.UART_HAL_Putchar                       0x000016d4   Section        0  fsl_uart_hal.o(i.UART_HAL_Putchar)
    i.UART_HAL_ReceiveDataPolling            0x000016de   Section        0  fsl_uart_hal.o(i.UART_HAL_ReceiveDataPolling)
    i.UART_HAL_SendDataPolling               0x00001734   Section        0  fsl_uart_hal.o(i.UART_HAL_SendDataPolling)
    i.UART_HAL_SetBaudRate                   0x00001762   Section        0  fsl_uart_hal.o(i.UART_HAL_SetBaudRate)
    i.UART_HAL_SetParityMode                 0x000017a6   Section        0  fsl_uart_hal.o(i.UART_HAL_SetParityMode)
    i.__hardfp_modf                          0x000017c4   Section        0  modf.o(i.__hardfp_modf)
    i._doprint                               0x00001894   Section        0  print_scan.o(i._doprint)
    i.configure_uart_pins                    0x00001f00   Section        0  pin_mux.o(i.configure_uart_pins)
    i.dbg_uart_init                          0x00001f48   Section        0  board.o(i.dbg_uart_init)
    i.debug_printf                           0x00001f60   Section        0  fsl_debug_console.o(i.debug_printf)
    i.debug_putc                             0x00001f9c   Section        0  fsl_debug_console.o(i.debug_putc)
    debug_putc                               0x00001f9d   Thumb Code    38  fsl_debug_console.o(i.debug_putc)
    i.delay                                  0x00001fc8   Section        0  utils.o(i.delay)
    i.fput_pad                               0x00001fdc   Section        0  print_scan.o(i.fput_pad)
    fput_pad                                 0x00001fdd   Thumb Code    48  print_scan.o(i.fput_pad)
    i.hardware_init                          0x0000200c   Section        0  hardware_init.o(i.hardware_init)
    i.init_data_bss                          0x00002024   Section        0  startup.o(i.init_data_bss)
    i.main                                   0x0000206c   Section        0  framework.o(i.main)
    i.mkfloatnumstr                          0x000022d8   Section        0  print_scan.o(i.mkfloatnumstr)
    mkfloatnumstr                            0x000022d9   Thumb Code   348  print_scan.o(i.mkfloatnumstr)
    i.mknumstr                               0x00002444   Section        0  print_scan.o(i.mknumstr)
    mknumstr                                 0x00002445   Thumb Code   166  print_scan.o(i.mknumstr)
    x$fpl$dadd                               0x000024ec   Section      336  daddsub_clz.o(x$fpl$dadd)
    $v0                                      0x000024ec   Number         0  daddsub_clz.o(x$fpl$dadd)
    _dadd1                                   0x000024fd   Thumb Code     0  daddsub_clz.o(x$fpl$dadd)
    x$fpl$dcmpinf                            0x0000263c   Section       24  dcmpi.o(x$fpl$dcmpinf)
    $v0                                      0x0000263c   Number         0  dcmpi.o(x$fpl$dcmpinf)
    x$fpl$ddiv                               0x00002654   Section      688  ddiv.o(x$fpl$ddiv)
    $v0                                      0x00002654   Number         0  ddiv.o(x$fpl$ddiv)
    ddiv_entry                               0x0000265b   Thumb Code     0  ddiv.o(x$fpl$ddiv)
    x$fpl$deqf                               0x00002904   Section      120  deqf.o(x$fpl$deqf)
    $v0                                      0x00002904   Number         0  deqf.o(x$fpl$deqf)
    x$fpl$dfix                               0x0000297c   Section       94  dfix.o(x$fpl$dfix)
    $v0                                      0x0000297c   Number         0  dfix.o(x$fpl$dfix)
    x$fpl$dflt                               0x000029da   Section       46  dflt_clz.o(x$fpl$dflt)
    $v0                                      0x000029da   Number         0  dflt_clz.o(x$fpl$dflt)
    x$fpl$dfltull                            0x00002a08   Section      138  dfltll_clz.o(x$fpl$dfltull)
    $v0                                      0x00002a08   Number         0  dfltll_clz.o(x$fpl$dfltull)
    x$fpl$dleqf                              0x00002a94   Section      120  dleqf.o(x$fpl$dleqf)
    $v0                                      0x00002a94   Number         0  dleqf.o(x$fpl$dleqf)
    x$fpl$dmul                               0x00002b0c   Section      340  dmul.o(x$fpl$dmul)
    $v0                                      0x00002b0c   Number         0  dmul.o(x$fpl$dmul)
    x$fpl$dnaninf                            0x00002c60   Section      156  dnaninf.o(x$fpl$dnaninf)
    $v0                                      0x00002c60   Number         0  dnaninf.o(x$fpl$dnaninf)
    x$fpl$dretinf                            0x00002cfc   Section       12  dretinf.o(x$fpl$dretinf)
    $v0                                      0x00002cfc   Number         0  dretinf.o(x$fpl$dretinf)
    x$fpl$drsb                               0x00002d08   Section       22  daddsub_clz.o(x$fpl$drsb)
    $v0                                      0x00002d08   Number         0  daddsub_clz.o(x$fpl$drsb)
    x$fpl$dsub                               0x00002d20   Section      468  daddsub_clz.o(x$fpl$dsub)
    $v0                                      0x00002d20   Number         0  daddsub_clz.o(x$fpl$dsub)
    _dsub1                                   0x00002d31   Thumb Code     0  daddsub_clz.o(x$fpl$dsub)
    x$fpl$fpinit                             0x00002ef4   Section       10  fpinit.o(x$fpl$fpinit)
    $v0                                      0x00002ef4   Number         0  fpinit.o(x$fpl$fpinit)
    x$fpl$llufromd                           0x00002f00   Section      120  dfixull.o(x$fpl$llufromd)
    $v0                                      0x00002f00   Number         0  dfixull.o(x$fpl$llufromd)
    .constdata                               0x00002f78   Section       72  board.o(.constdata)
    x$fpl$usenofp                            0x00002f78   Section        0  usenofp.o(x$fpl$usenofp)
    .constdata                               0x00002fc0   Section        6  fsl_rtc_common.o(.constdata)
    .constdata                               0x00002fc6   Section       48  fsl_mcg_hal.o(.constdata)
    fllFactorTable                           0x00002fc6   Data          16  fsl_mcg_hal.o(.constdata)
    freq_kHz                                 0x00002fd6   Data          16  fsl_mcg_hal.o(.constdata)
    freqLow_kHz                              0x00002fe6   Data          16  fsl_mcg_hal.o(.constdata)
    .constdata                               0x00002ff6   Section       25  fsl_clock_mk64f12.o(.constdata)
    portGateTable                            0x00002ff6   Data           5  fsl_clock_mk64f12.o(.constdata)
    adcGateTable                             0x00002ffb   Data           2  fsl_clock_mk64f12.o(.constdata)
    dacGateTable                             0x00002ffd   Data           2  fsl_clock_mk64f12.o(.constdata)
    ftmGateTable                             0x00002fff   Data           4  fsl_clock_mk64f12.o(.constdata)
    spiGateTable                             0x00003003   Data           3  fsl_clock_mk64f12.o(.constdata)
    i2cGateTable                             0x00003006   Data           3  fsl_clock_mk64f12.o(.constdata)
    uartGateTable                            0x00003009   Data           6  fsl_clock_mk64f12.o(.constdata)
    .constdata                               0x00003010   Section       12  fsl_clock_manager_common.o(.constdata)
    .constdata                               0x0000301c   Section       24  fsl_debug_console.o(.constdata)
    .conststring                             0x00003034   Section       79  board.o(.conststring)
    .conststring                             0x00003084   Section      101  fsl_clock_mk64f12.o(.conststring)
    .conststring                             0x000030ec   Section       93  fsl_clock_manager.o(.conststring)
    .data                                    0x20000000   Section       16  fsl_mcg_hal.o(.data)
    .data                                    0x20000010   Section        4  system_mk64f12.o(.data)
    .bss                                     0x20000014   Section       16  fsl_debug_console.o(.bss)
    s_debugConsole                           0x20000014   Data          16  fsl_debug_console.o(.bss)

    Global Symbols

    Symbol Name                              Value     Ov Type        Size  Object(Section)

    BuildAttributes$$THM_ISAv4$E$P$D$K$B$S$7EM$VFPi3$EXTD16$VFPS$VFMA$PE$A:L22UL41UL21$X:L11$S22US41US21$IEEE1$IW$USESV6$~STKCKD$USESV7$~SHL$OTIME$ROPI$IEEEJ$EBA8$UX$STANDARDLIB$REQ8$PRES8$EABIv2 0x00000000   Number         0  anon$$obj.o ABSOLUTE
    Image$$VECTOR_RAM$$Base                  0x00000000   Number         0  anon$$obj.o ABSOLUTE
    Image$$VECTOR_ROM$$Base                  0x00000000   Number         0  anon$$obj.o ABSOLUTE
    __ARM_use_no_argv                        0x00000000   Number         0  framework.o ABSOLUTE
    __Vectors                                0x00000000   Data           4  startup_mk64f12.o(RESET)
    Image$$ZI$$Limit                          - Undefined Weak Reference
    __ARM_exceptions_init                     - Undefined Weak Reference
    __alloca_initialize                       - Undefined Weak Reference
    __arm_preinit_                            - Undefined Weak Reference
    __cpp_initialize__aeabi_                  - Undefined Weak Reference
    __cxa_finalize                            - Undefined Weak Reference
    __rt_locale                               - Undefined Weak Reference
    __sigvec_lookup                           - Undefined Weak Reference
    __user_heap_extent                        - Undefined Weak Reference
    _atexit_init                              - Undefined Weak Reference
    _call_atexit_fns                          - Undefined Weak Reference
    _clock_init                               - Undefined Weak Reference
    _fp_trap_init                             - Undefined Weak Reference
    _fp_trap_shutdown                         - Undefined Weak Reference
    _get_lc_collate                           - Undefined Weak Reference
    _get_lc_ctype                             - Undefined Weak Reference
    _get_lc_monetary                          - Undefined Weak Reference
    _get_lc_numeric                           - Undefined Weak Reference
    _get_lc_time                              - Undefined Weak Reference
    _getenv_init                              - Undefined Weak Reference
    _handle_redirection                       - Undefined Weak Reference
    _initio                                   - Undefined Weak Reference
    _mutex_acquire                            - Undefined Weak Reference
    _mutex_free                               - Undefined Weak Reference
    _mutex_release                            - Undefined Weak Reference
    _rand_init                                - Undefined Weak Reference
    _signal_finish                            - Undefined Weak Reference
    _signal_init                              - Undefined Weak Reference
    _terminateio                              - Undefined Weak Reference
    __Vectors_End                            0x00000400   Data           0  startup_mk64f12.o(RESET)
    __Vectors_Size                           0x00000400   Number         0  startup_mk64f12.o ABSOLUTE
    __main                                   0x00000411   Thumb Code     8  __main.o(!!!main)
    __scatterload                            0x00000419   Thumb Code     0  __scatter.o(!!!scatter)
    __scatterload_rt2                        0x00000419   Thumb Code    44  __scatter.o(!!!scatter)
    __scatterload_rt2_thumb_only             0x00000419   Thumb Code     0  __scatter.o(!!!scatter)
    __scatterload_null                       0x00000427   Thumb Code     0  __scatter.o(!!!scatter)
    __scatterload_copy                       0x0000044d   Thumb Code    26  __scatter_copy.o(!!handler_copy)
    __scatterload_zeroinit                   0x00000469   Thumb Code    28  __scatter_zi.o(!!handler_zi)
    __rt_lib_init                            0x00000485   Thumb Code     0  libinit.o(.ARM.Collect$$libinit$$00000000)
    __rt_lib_init_fp_1                       0x00000487   Thumb Code     0  libinit2.o(.ARM.Collect$$libinit$$00000001)
    __rt_lib_init_alloca_1                   0x0000048b   Thumb Code     0  libinit2.o(.ARM.Collect$$libinit$$0000002E)
    __rt_lib_init_argv_1                     0x0000048b   Thumb Code     0  libinit2.o(.ARM.Collect$$libinit$$0000002C)
    __rt_lib_init_atexit_1                   0x0000048b   Thumb Code     0  libinit2.o(.ARM.Collect$$libinit$$0000001B)
    __rt_lib_init_clock_1                    0x0000048b   Thumb Code     0  libinit2.o(.ARM.Collect$$libinit$$00000021)
    __rt_lib_init_cpp_1                      0x0000048b   Thumb Code     0  libinit2.o(.ARM.Collect$$libinit$$00000032)
    __rt_lib_init_exceptions_1               0x0000048b   Thumb Code     0  libinit2.o(.ARM.Collect$$libinit$$00000030)
    __rt_lib_init_fp_trap_1                  0x0000048b   Thumb Code     0  libinit2.o(.ARM.Collect$$libinit$$0000001F)
    __rt_lib_init_getenv_1                   0x0000048b   Thumb Code     0  libinit2.o(.ARM.Collect$$libinit$$00000023)
    __rt_lib_init_heap_1                     0x0000048b   Thumb Code     0  libinit2.o(.ARM.Collect$$libinit$$0000000A)
    __rt_lib_init_lc_collate_1               0x0000048b   Thumb Code     0  libinit2.o(.ARM.Collect$$libinit$$00000011)
    __rt_lib_init_lc_ctype_1                 0x0000048b   Thumb Code     0  libinit2.o(.ARM.Collect$$libinit$$00000013)
    __rt_lib_init_lc_monetary_1              0x0000048b   Thumb Code     0  libinit2.o(.ARM.Collect$$libinit$$00000015)
    __rt_lib_init_lc_numeric_1               0x0000048b   Thumb Code     0  libinit2.o(.ARM.Collect$$libinit$$00000017)
    __rt_lib_init_lc_time_1                  0x0000048b   Thumb Code     0  libinit2.o(.ARM.Collect$$libinit$$00000019)
    __rt_lib_init_preinit_1                  0x0000048b   Thumb Code     0  libinit2.o(.ARM.Collect$$libinit$$00000004)
    __rt_lib_init_rand_1                     0x0000048b   Thumb Code     0  libinit2.o(.ARM.Collect$$libinit$$0000000E)
    __rt_lib_init_return                     0x0000048b   Thumb Code     0  libinit2.o(.ARM.Collect$$libinit$$00000033)
    __rt_lib_init_signal_1                   0x0000048b   Thumb Code     0  libinit2.o(.ARM.Collect$$libinit$$0000001D)
    __rt_lib_init_stdio_1                    0x0000048b   Thumb Code     0  libinit2.o(.ARM.Collect$$libinit$$00000025)
    __rt_lib_init_user_alloc_1               0x0000048b   Thumb Code     0  libinit2.o(.ARM.Collect$$libinit$$0000000C)
    __rt_lib_shutdown                        0x0000048d   Thumb Code     0  libshutdown.o(.ARM.Collect$$libshutdown$$00000000)
    __rt_lib_shutdown_cpp_1                  0x0000048f   Thumb Code     0  libshutdown2.o(.ARM.Collect$$libshutdown$$00000002)
    __rt_lib_shutdown_fp_trap_1              0x0000048f   Thumb Code     0  libshutdown2.o(.ARM.Collect$$libshutdown$$00000007)
    __rt_lib_shutdown_heap_1                 0x0000048f   Thumb Code     0  libshutdown2.o(.ARM.Collect$$libshutdown$$0000000F)
    __rt_lib_shutdown_return                 0x0000048f   Thumb Code     0  libshutdown2.o(.ARM.Collect$$libshutdown$$00000010)
    __rt_lib_shutdown_signal_1               0x0000048f   Thumb Code     0  libshutdown2.o(.ARM.Collect$$libshutdown$$0000000A)
    __rt_lib_shutdown_stdio_1                0x0000048f   Thumb Code     0  libshutdown2.o(.ARM.Collect$$libshutdown$$00000004)
    __rt_lib_shutdown_user_alloc_1           0x0000048f   Thumb Code     0  libshutdown2.o(.ARM.Collect$$libshutdown$$0000000C)
    __rt_entry                               0x00000491   Thumb Code     0  __rtentry.o(.ARM.Collect$$rtentry$$00000000)
    __rt_entry_presh_1                       0x00000491   Thumb Code     0  __rtentry2.o(.ARM.Collect$$rtentry$$00000002)
    __rt_entry_sh                            0x00000491   Thumb Code     0  __rtentry7.o(.ARM.Collect$$rtentry$$00000007)
    __rt_entry_li                            0x00000495   Thumb Code     0  __rtentry2.o(.ARM.Collect$$rtentry$$0000000A)
    __rt_entry_postsh_1                      0x00000495   Thumb Code     0  __rtentry2.o(.ARM.Collect$$rtentry$$00000009)
    __rt_entry_main                          0x00000499   Thumb Code     0  __rtentry2.o(.ARM.Collect$$rtentry$$0000000D)
    __rt_entry_postli_1                      0x00000499   Thumb Code     0  __rtentry2.o(.ARM.Collect$$rtentry$$0000000C)
    __rt_exit                                0x000004a5   Thumb Code     0  rtexit.o(.ARM.Collect$$rtexit$$00000000)
    __rt_exit_ls                             0x000004a7   Thumb Code     0  rtexit2.o(.ARM.Collect$$rtexit$$00000003)
    __rt_exit_prels_1                        0x000004a7   Thumb Code     0  rtexit2.o(.ARM.Collect$$rtexit$$00000002)
    __rt_exit_exit                           0x000004ab   Thumb Code     0  rtexit2.o(.ARM.Collect$$rtexit$$00000004)
    Reset_Handler                            0x000004b1   Thumb Code    18  startup_mk64f12.o(.text)
    NMI_Handler                              0x000004c3   Thumb Code     2  startup_mk64f12.o(.text)
    HardFault_Handler                        0x000004c5   Thumb Code     2  startup_mk64f12.o(.text)
    MemManage_Handler                        0x000004c7   Thumb Code     2  startup_mk64f12.o(.text)
    BusFault_Handler                         0x000004c9   Thumb Code     2  startup_mk64f12.o(.text)
    UsageFault_Handler                       0x000004cb   Thumb Code     2  startup_mk64f12.o(.text)
    SVC_Handler                              0x000004cd   Thumb Code     2  startup_mk64f12.o(.text)
    DebugMon_Handler                         0x000004cf   Thumb Code     2  startup_mk64f12.o(.text)
    PendSV_Handler                           0x000004d1   Thumb Code     2  startup_mk64f12.o(.text)
    SysTick_Handler                          0x000004d3   Thumb Code     2  startup_mk64f12.o(.text)
    ADC0_IRQHandler                          0x000004d5   Thumb Code     0  startup_mk64f12.o(.text)
    ADC1_IRQHandler                          0x000004d5   Thumb Code     0  startup_mk64f12.o(.text)
    CAN0_Bus_Off_IRQHandler                  0x000004d5   Thumb Code     0  startup_mk64f12.o(.text)
    CAN0_Error_IRQHandler                    0x000004d5   Thumb Code     0  startup_mk64f12.o(.text)
    CAN0_ORed_Message_buffer_IRQHandler      0x000004d5   Thumb Code     0  startup_mk64f12.o(.text)
    CAN0_Rx_Warning_IRQHandler               0x000004d5   Thumb Code     0  startup_mk64f12.o(.text)
    CAN0_Tx_Warning_IRQHandler               0x000004d5   Thumb Code     0  startup_mk64f12.o(.text)
    CAN0_Wake_Up_IRQHandler                  0x000004d5   Thumb Code     0  startup_mk64f12.o(.text)
    CMP0_IRQHandler                          0x000004d5   Thumb Code     0  startup_mk64f12.o(.text)
    CMP1_IRQHandler                          0x000004d5   Thumb Code     0  startup_mk64f12.o(.text)
    CMP2_IRQHandler                          0x000004d5   Thumb Code     0  startup_mk64f12.o(.text)
    CMT_IRQHandler                           0x000004d5   Thumb Code     0  startup_mk64f12.o(.text)
    DAC0_IRQHandler                          0x000004d5   Thumb Code     0  startup_mk64f12.o(.text)
    DAC1_IRQHandler                          0x000004d5   Thumb Code     0  startup_mk64f12.o(.text)
    DMA0_IRQHandler                          0x000004d5   Thumb Code     0  startup_mk64f12.o(.text)
    DMA10_IRQHandler                         0x000004d5   Thumb Code     0  startup_mk64f12.o(.text)
    DMA11_IRQHandler                         0x000004d5   Thumb Code     0  startup_mk64f12.o(.text)
    DMA12_IRQHandler                         0x000004d5   Thumb Code     0  startup_mk64f12.o(.text)
    DMA13_IRQHandler                         0x000004d5   Thumb Code     0  startup_mk64f12.o(.text)
    DMA14_IRQHandler                         0x000004d5   Thumb Code     0  startup_mk64f12.o(.text)
    DMA15_IRQHandler                         0x000004d5   Thumb Code     0  startup_mk64f12.o(.text)
    DMA1_IRQHandler                          0x000004d5   Thumb Code     0  startup_mk64f12.o(.text)
    DMA2_IRQHandler                          0x000004d5   Thumb Code     0  startup_mk64f12.o(.text)
    DMA3_IRQHandler                          0x000004d5   Thumb Code     0  startup_mk64f12.o(.text)
    DMA4_IRQHandler                          0x000004d5   Thumb Code     0  startup_mk64f12.o(.text)
    DMA5_IRQHandler                          0x000004d5   Thumb Code     0  startup_mk64f12.o(.text)
    DMA6_IRQHandler                          0x000004d5   Thumb Code     0  startup_mk64f12.o(.text)
    DMA7_IRQHandler                          0x000004d5   Thumb Code     0  startup_mk64f12.o(.text)
    DMA8_IRQHandler                          0x000004d5   Thumb Code     0  startup_mk64f12.o(.text)
    DMA9_IRQHandler                          0x000004d5   Thumb Code     0  startup_mk64f12.o(.text)
    DMA_Error_IRQHandler                     0x000004d5   Thumb Code     0  startup_mk64f12.o(.text)
    DefaultISR                               0x000004d5   Thumb Code     0  startup_mk64f12.o(.text)
    ENET_1588_Timer_IRQHandler               0x000004d5   Thumb Code     0  startup_mk64f12.o(.text)
    ENET_Error_IRQHandler                    0x000004d5   Thumb Code     0  startup_mk64f12.o(.text)
    ENET_Receive_IRQHandler                  0x000004d5   Thumb Code     0  startup_mk64f12.o(.text)
    ENET_Transmit_IRQHandler                 0x000004d5   Thumb Code     0  startup_mk64f12.o(.text)
    FTFE_IRQHandler                          0x000004d5   Thumb Code     0  startup_mk64f12.o(.text)
    FTM0_IRQHandler                          0x000004d5   Thumb Code     0  startup_mk64f12.o(.text)
    FTM1_IRQHandler                          0x000004d5   Thumb Code     0  startup_mk64f12.o(.text)
    FTM2_IRQHandler                          0x000004d5   Thumb Code     0  startup_mk64f12.o(.text)
    FTM3_IRQHandler                          0x000004d5   Thumb Code     0  startup_mk64f12.o(.text)
    I2C0_IRQHandler                          0x000004d5   Thumb Code     0  startup_mk64f12.o(.text)
    I2C1_IRQHandler                          0x000004d5   Thumb Code     0  startup_mk64f12.o(.text)
    I2C2_IRQHandler                          0x000004d5   Thumb Code     0  startup_mk64f12.o(.text)
    I2S0_Rx_IRQHandler                       0x000004d5   Thumb Code     0  startup_mk64f12.o(.text)
    I2S0_Tx_IRQHandler                       0x000004d5   Thumb Code     0  startup_mk64f12.o(.text)
    LLWU_IRQHandler                          0x000004d5   Thumb Code     0  startup_mk64f12.o(.text)
    LPTMR0_IRQHandler                        0x000004d5   Thumb Code     0  startup_mk64f12.o(.text)
    LVD_LVW_IRQHandler                       0x000004d5   Thumb Code     0  startup_mk64f12.o(.text)
    MCG_IRQHandler                           0x000004d5   Thumb Code     0  startup_mk64f12.o(.text)
    MCM_IRQHandler                           0x000004d5   Thumb Code     0  startup_mk64f12.o(.text)
    PDB0_IRQHandler                          0x000004d5   Thumb Code     0  startup_mk64f12.o(.text)
    PIT0_IRQHandler                          0x000004d5   Thumb Code     0  startup_mk64f12.o(.text)
    PIT1_IRQHandler                          0x000004d5   Thumb Code     0  startup_mk64f12.o(.text)
    PIT2_IRQHandler                          0x000004d5   Thumb Code     0  startup_mk64f12.o(.text)
    PIT3_IRQHandler                          0x000004d5   Thumb Code     0  startup_mk64f12.o(.text)
    PORTA_IRQHandler                         0x000004d5   Thumb Code     0  startup_mk64f12.o(.text)
    PORTB_IRQHandler                         0x000004d5   Thumb Code     0  startup_mk64f12.o(.text)
    PORTC_IRQHandler                         0x000004d5   Thumb Code     0  startup_mk64f12.o(.text)
    PORTD_IRQHandler                         0x000004d5   Thumb Code     0  startup_mk64f12.o(.text)
    PORTE_IRQHandler                         0x000004d5   Thumb Code     0  startup_mk64f12.o(.text)
    RNG_IRQHandler                           0x000004d5   Thumb Code     0  startup_mk64f12.o(.text)
    RTC_IRQHandler                           0x000004d5   Thumb Code     0  startup_mk64f12.o(.text)
    RTC_Seconds_IRQHandler                   0x000004d5   Thumb Code     0  startup_mk64f12.o(.text)
    Read_Collision_IRQHandler                0x000004d5   Thumb Code     0  startup_mk64f12.o(.text)
    Reserved71_IRQHandler                    0x000004d5   Thumb Code     0  startup_mk64f12.o(.text)
    SDHC_IRQHandler                          0x000004d5   Thumb Code     0  startup_mk64f12.o(.text)
    SPI0_IRQHandler                          0x000004d5   Thumb Code     0  startup_mk64f12.o(.text)
    SPI1_IRQHandler                          0x000004d5   Thumb Code     0  startup_mk64f12.o(.text)
    SPI2_IRQHandler                          0x000004d5   Thumb Code     0  startup_mk64f12.o(.text)
    SWI_IRQHandler                           0x000004d5   Thumb Code     0  startup_mk64f12.o(.text)
    UART0_ERR_IRQHandler                     0x000004d5   Thumb Code     0  startup_mk64f12.o(.text)
    UART0_LON_IRQHandler                     0x000004d5   Thumb Code     0  startup_mk64f12.o(.text)
    UART0_RX_TX_IRQHandler                   0x000004d5   Thumb Code     0  startup_mk64f12.o(.text)
    UART1_ERR_IRQHandler                     0x000004d5   Thumb Code     0  startup_mk64f12.o(.text)
    UART1_RX_TX_IRQHandler                   0x000004d5   Thumb Code     0  startup_mk64f12.o(.text)
    UART2_ERR_IRQHandler                     0x000004d5   Thumb Code     0  startup_mk64f12.o(.text)
    UART2_RX_TX_IRQHandler                   0x000004d5   Thumb Code     0  startup_mk64f12.o(.text)
    UART3_ERR_IRQHandler                     0x000004d5   Thumb Code     0  startup_mk64f12.o(.text)
    UART3_RX_TX_IRQHandler                   0x000004d5   Thumb Code     0  startup_mk64f12.o(.text)
    UART4_ERR_IRQHandler                     0x000004d5   Thumb Code     0  startup_mk64f12.o(.text)
    UART4_RX_TX_IRQHandler                   0x000004d5   Thumb Code     0  startup_mk64f12.o(.text)
    UART5_ERR_IRQHandler                     0x000004d5   Thumb Code     0  startup_mk64f12.o(.text)
    UART5_RX_TX_IRQHandler                   0x000004d5   Thumb Code     0  startup_mk64f12.o(.text)
    USB0_IRQHandler                          0x000004d5   Thumb Code     0  startup_mk64f12.o(.text)
    USBDCD_IRQHandler                        0x000004d5   Thumb Code     0  startup_mk64f12.o(.text)
    WDOG_EWM_IRQHandler                      0x000004d5   Thumb Code     0  startup_mk64f12.o(.text)
    __aeabi_assert                           0x000004e9   Thumb Code    86  assert.o(.text)
    __assert                                 0x000004e9   Thumb Code     0  assert.o(.text)
    strlen                                   0x00000569   Thumb Code    62  strlen.o(.text)
    __aeabi_memcpy4                          0x000005a7   Thumb Code     0  rt_memcpy_w.o(.text)
    __aeabi_memcpy8                          0x000005a7   Thumb Code     0  rt_memcpy_w.o(.text)
    __rt_memcpy_w                            0x000005a7   Thumb Code   100  rt_memcpy_w.o(.text)
    _memcpy_lastbytes_aligned                0x000005ef   Thumb Code     0  rt_memcpy_w.o(.text)
    abort                                    0x0000060b   Thumb Code    22  abort.o(.text)
    __assert_puts                            0x00000621   Thumb Code    20  assert_puts.o(.text)
    _ttywrch                                 0x00000635   Thumb Code    14  sys_wrch.o(.text)
    _sys_exit                                0x00000645   Thumb Code     8  sys_exit.o(.text)
    __rt_SIGABRT                             0x00000651   Thumb Code    14  defsig_abrt_outer.o(.text)
    __I$use$semihosting                      0x0000065f   Thumb Code     0  use_no_semi.o(.text)
    __use_no_semihosting_swi                 0x0000065f   Thumb Code     2  use_no_semi.o(.text)
    __semihosting_library_function           0x00000661   Thumb Code     0  indicate_semi.o(.text)
    exit                                     0x00000661   Thumb Code    18  exit.o(.text)
    __sig_exit                               0x00000673   Thumb Code    10  defsig_exit.o(.text)
    __rt_SIGABRT_inner                       0x0000067d   Thumb Code    14  defsig_abrt_inner.o(.text)
    __default_signal_display                 0x000006ad   Thumb Code    50  defsig_general.o(.text)
    ADCRead_H                                0x000006e1   Thumb Code    42  framework.o(i.ADCRead_H)
    ADCRead_V                                0x00000711   Thumb Code    42  framework.o(i.ADCRead_V)
    BOARD_ClockInit                          0x00000741   Thumb Code    72  board.o(i.BOARD_ClockInit)
    BOARD_InitOsc0                           0x000007a9   Thumb Code    20  board.o(i.BOARD_InitOsc0)
    BOARD_InitRtcOsc                         0x000007c1   Thumb Code    20  board.o(i.BOARD_InitRtcOsc)
    CLOCK_HAL_EnablePll0InFllMode            0x000007d9   Thumb Code    64  fsl_mcg_hal.o(i.CLOCK_HAL_EnablePll0InFllMode)
    CLOCK_HAL_GetFllClk                      0x0000082d   Thumb Code    82  fsl_mcg_hal.o(i.CLOCK_HAL_GetFllClk)
    CLOCK_HAL_GetFllRefClk                   0x00000881   Thumb Code    72  fsl_mcg_hal.o(i.CLOCK_HAL_GetFllRefClk)
    CLOCK_HAL_GetInternalRefClk              0x000008dd   Thumb Code    52  fsl_mcg_hal.o(i.CLOCK_HAL_GetInternalRefClk)
    CLOCK_HAL_GetMcgMode                     0x00000947   Thumb Code   150  fsl_mcg_hal_modes.o(i.CLOCK_HAL_GetMcgMode)
    CLOCK_HAL_GetOutClk                      0x000009dd   Thumb Code    78  fsl_mcg_hal.o(i.CLOCK_HAL_GetOutClk)
    CLOCK_HAL_GetPll0Clk                     0x00000a2b   Thumb Code    68  fsl_mcg_hal.o(i.CLOCK_HAL_GetPll0Clk)
    CLOCK_HAL_GetPll0RefFreq                 0x00000a6f   Thumb Code    12  fsl_mcg_hal.o(i.CLOCK_HAL_GetPll0RefFreq)
    CLOCK_HAL_SetFbeMode                     0x00000adb   Thumb Code   228  fsl_mcg_hal_modes.o(i.CLOCK_HAL_SetFbeMode)
    CLOCK_HAL_SetFbiMode                     0x00000bc1   Thumb Code   170  fsl_mcg_hal_modes.o(i.CLOCK_HAL_SetFbiMode)
    CLOCK_HAL_SetOsc0Mode                    0x00000c8d   Thumb Code    36  fsl_mcg_hal.o(i.CLOCK_HAL_SetOsc0Mode)
    CLOCK_HAL_SetOutDiv                      0x00000cb1   Thumb Code    56  fsl_sim_hal_mk64f12.o(i.CLOCK_HAL_SetOutDiv)
    CLOCK_HAL_SetPbeMode                     0x00000ce9   Thumb Code   228  fsl_mcg_hal_modes.o(i.CLOCK_HAL_SetPbeMode)
    CLOCK_HAL_TestFllExternalRefFreq         0x00000dd1   Thumb Code    70  fsl_mcg_hal.o(i.CLOCK_HAL_TestFllExternalRefFreq)
    CLOCK_HAL_TestFllFreq                    0x00000e19   Thumb Code    50  fsl_mcg_hal.o(i.CLOCK_HAL_TestFllFreq)
    CLOCK_HAL_TestOscFreq                    0x00000e51   Thumb Code    38  fsl_mcg_hal.o(i.CLOCK_HAL_TestOscFreq)
    CLOCK_HAL_UpdateFastClkInternalRefDiv    0x00000e85   Thumb Code   104  fsl_mcg_hal.o(i.CLOCK_HAL_UpdateFastClkInternalRefDiv)
    CLOCK_SYS_EnablePortClock                0x00000eed   Thumb Code    34  fsl_clock_mk64f12.o(i.CLOCK_SYS_EnablePortClock)
    CLOCK_SYS_EnableUartClock                0x00000f59   Thumb Code    34  fsl_clock_mk64f12.o(i.CLOCK_SYS_EnableUartClock)
    CLOCK_SYS_GetBusClockFreq                0x00000fe5   Thumb Code    26  fsl_clock_mk64f12.o(i.CLOCK_SYS_GetBusClockFreq)
    CLOCK_SYS_GetCoreClockFreq               0x00001009   Thumb Code    24  fsl_clock_mk64f12.o(i.CLOCK_SYS_GetCoreClockFreq)
    CLOCK_SYS_GetSystemClockFreq             0x00001029   Thumb Code    24  fsl_clock_mk64f12.o(i.CLOCK_SYS_GetSystemClockFreq)
    CLOCK_SYS_GetUartFreq                    0x00001049   Thumb Code    46  fsl_clock_mk64f12.o(i.CLOCK_SYS_GetUartFreq)
    CLOCK_SYS_OscInit                        0x00001079   Thumb Code   160  fsl_clock_manager.o(i.CLOCK_SYS_OscInit)
    CLOCK_SYS_RtcOscInit                     0x00001149   Thumb Code   204  fsl_clock_manager.o(i.CLOCK_SYS_RtcOscInit)
    CLOCK_SYS_SetConfiguration               0x00001245   Thumb Code    72  fsl_clock_mk64f12.o(i.CLOCK_SYS_SetConfiguration)
    CLOCK_SYS_SetMcgMode                     0x000012ad   Thumb Code   340  fsl_clock_manager.o(i.CLOCK_SYS_SetMcgMode)
    CLOCK_SYS_SetOscerConfigration           0x0000144d   Thumb Code    32  fsl_clock_manager.o(i.CLOCK_SYS_SetOscerConfigration)
    DbgConsole_Init                          0x000014b1   Thumb Code   172  fsl_debug_console.o(i.DbgConsole_Init)
    OSC_HAL_SetCapacitor                     0x0000156d   Thumb Code    12  fsl_osc_hal.o(i.OSC_HAL_SetCapacitor)
    PIN_Initialize                           0x0000158d   Thumb Code   122  utils.o(i.PIN_Initialize)
    SystemInit                               0x0000169d   Thumb Code    34  system_mk64f12.o(i.SystemInit)
    UART_HAL_Getchar                         0x000016c9   Thumb Code    12  fsl_uart_hal.o(i.UART_HAL_Getchar)
    UART_HAL_Putchar                         0x000016d5   Thumb Code    10  fsl_uart_hal.o(i.UART_HAL_Putchar)
    UART_HAL_ReceiveDataPolling              0x000016df   Thumb Code    86  fsl_uart_hal.o(i.UART_HAL_ReceiveDataPolling)
    UART_HAL_SendDataPolling                 0x00001735   Thumb Code    46  fsl_uart_hal.o(i.UART_HAL_SendDataPolling)
    UART_HAL_SetBaudRate                     0x00001763   Thumb Code    68  fsl_uart_hal.o(i.UART_HAL_SetBaudRate)
    UART_HAL_SetParityMode                   0x000017a7   Thumb Code    28  fsl_uart_hal.o(i.UART_HAL_SetParityMode)
    __hardfp_modf                            0x000017c5   Thumb Code   202  modf.o(i.__hardfp_modf)
    _doprint                                 0x00001895   Thumb Code  1644  print_scan.o(i._doprint)
    configure_uart_pins                      0x00001f01   Thumb Code    62  pin_mux.o(i.configure_uart_pins)
    dbg_uart_init                            0x00001f49   Thumb Code    22  board.o(i.dbg_uart_init)
    debug_printf                             0x00001f61   Thumb Code    52  fsl_debug_console.o(i.debug_printf)
    delay                                    0x00001fc9   Thumb Code    14  utils.o(i.delay)
    hardware_init                            0x0000200d   Thumb Code    24  hardware_init.o(i.hardware_init)
    init_data_bss                            0x00002025   Thumb Code    54  startup.o(i.init_data_bss)
    main                                     0x0000206d   Thumb Code   542  framework.o(i.main)
    __aeabi_dadd                             0x000024ed   Thumb Code     0  daddsub_clz.o(x$fpl$dadd)
    _dadd                                    0x000024ed   Thumb Code   332  daddsub_clz.o(x$fpl$dadd)
    __fpl_dcmp_Inf                           0x0000263d   Thumb Code    24  dcmpi.o(x$fpl$dcmpinf)
    __aeabi_ddiv                             0x00002655   Thumb Code     0  ddiv.o(x$fpl$ddiv)
    _ddiv                                    0x00002655   Thumb Code   552  ddiv.o(x$fpl$ddiv)
    __aeabi_cdcmpeq                          0x00002905   Thumb Code     0  deqf.o(x$fpl$deqf)
    _dcmpeq                                  0x00002905   Thumb Code   120  deqf.o(x$fpl$deqf)
    __aeabi_d2iz                             0x0000297d   Thumb Code     0  dfix.o(x$fpl$dfix)
    _dfix                                    0x0000297d   Thumb Code    94  dfix.o(x$fpl$dfix)
    __aeabi_i2d                              0x000029db   Thumb Code     0  dflt_clz.o(x$fpl$dflt)
    _dflt                                    0x000029db   Thumb Code    46  dflt_clz.o(x$fpl$dflt)
    __aeabi_ul2d                             0x00002a09   Thumb Code     0  dfltll_clz.o(x$fpl$dfltull)
    _ll_uto_d                                0x00002a09   Thumb Code   138  dfltll_clz.o(x$fpl$dfltull)
    __aeabi_cdcmple                          0x00002a95   Thumb Code     0  dleqf.o(x$fpl$dleqf)
    _dcmple                                  0x00002a95   Thumb Code   120  dleqf.o(x$fpl$dleqf)
    __fpl_dcmple_InfNaN                      0x00002af7   Thumb Code     0  dleqf.o(x$fpl$dleqf)
    __aeabi_dmul                             0x00002b0d   Thumb Code     0  dmul.o(x$fpl$dmul)
    _dmul                                    0x00002b0d   Thumb Code   332  dmul.o(x$fpl$dmul)
    __fpl_dnaninf                            0x00002c61   Thumb Code   156  dnaninf.o(x$fpl$dnaninf)
    __fpl_dretinf                            0x00002cfd   Thumb Code    12  dretinf.o(x$fpl$dretinf)
    __aeabi_drsub                            0x00002d09   Thumb Code     0  daddsub_clz.o(x$fpl$drsb)
    _drsb                                    0x00002d09   Thumb Code    22  daddsub_clz.o(x$fpl$drsb)
    __aeabi_dsub                             0x00002d21   Thumb Code     0  daddsub_clz.o(x$fpl$dsub)
    _dsub                                    0x00002d21   Thumb Code   464  daddsub_clz.o(x$fpl$dsub)
    _fp_init                                 0x00002ef5   Thumb Code    10  fpinit.o(x$fpl$fpinit)
    __fplib_config_fpu_vfp                   0x00002efd   Thumb Code     0  fpinit.o(x$fpl$fpinit)
    __fplib_config_pureend_doubles           0x00002efd   Thumb Code     0  fpinit.o(x$fpl$fpinit)
    __aeabi_d2ulz                            0x00002f01   Thumb Code     0  dfixull.o(x$fpl$llufromd)
    _ll_ufrom_d                              0x00002f01   Thumb Code   120  dfixull.o(x$fpl$llufromd)
    __I$use$fp                               0x00002f78   Number         0  usenofp.o(x$fpl$usenofp)
    g_defaultClockConfigVlpr                 0x00002f78   Data          22  board.o(.constdata)
    g_defaultClockConfigRun                  0x00002f8e   Data          22  board.o(.constdata)
    g_rtcBase                                0x00002fc0   Data           4  fsl_rtc_common.o(.constdata)
    g_rtcIrqId                               0x00002fc4   Data           1  fsl_rtc_common.o(.constdata)
    g_rtcSecondsIrqId                        0x00002fc5   Data           1  fsl_rtc_common.o(.constdata)
    g_simBase                                0x00003010   Data           4  fsl_clock_manager_common.o(.constdata)
    g_mcgBase                                0x00003014   Data           4  fsl_clock_manager_common.o(.constdata)
    g_oscBase                                0x00003018   Data           4  fsl_clock_manager_common.o(.constdata)
    Region$$Table$$Base                      0x0000314c   Number         0  anon$$obj.o(Region$$Table)
    Region$$Table$$Limit                     0x0000316c   Number         0  anon$$obj.o(Region$$Table)
    Image$$RW_m_data$$Base                   0x1fff0000   Number         0  anon$$obj.o ABSOLUTE
    g_xtal0ClkFreq                           0x20000000   Data           4  fsl_mcg_hal.o(.data)
    g_xtalRtcClkFreq                         0x20000004   Data           4  fsl_mcg_hal.o(.data)
    g_fastInternalRefClkFreq                 0x20000008   Data           4  fsl_mcg_hal.o(.data)
    g_slowInternalRefClkFreq                 0x2000000c   Data           4  fsl_mcg_hal.o(.data)
    SystemCoreClock                          0x20000010   Data           4  system_mk64f12.o(.data)
    Image$$ARM_LIB_HEAP$$ZI$$Base            0x20000024   Number         0  anon$$obj.o ABSOLUTE
    Image$$ARM_LIB_HEAP$$ZI$$Limit           0x20000424   Number         0  anon$$obj.o ABSOLUTE
    Image$$ARM_LIB_STACK$$ZI$$Limit          0x20030000   Number         0  anon$$obj.o ABSOLUTE



==============================================================================

Memory Map of the image

  Image Entry point : 0x00000411

  Load Region LR_m_text (Base: 0x00000410, Size: 0x00002d70, Max: 0x000ffbf0, ABSOLUTE)

    Execution Region ER_m_text (Base: 0x00000410, Size: 0x00002d5c, Max: 0x000ffbf0, ABSOLUTE)

    Base Addr    Size         Type   Attr      Idx    E Section Name        Object

    0x00000410   0x00000008   Code   RO         2828  * !!!main             c_w.l(__main.o)
    0x00000418   0x00000034   Code   RO         3109    !!!scatter          c_w.l(__scatter.o)
    0x0000044c   0x0000001a   Code   RO         3111    !!handler_copy      c_w.l(__scatter_copy.o)
    0x00000466   0x00000002   PAD
    0x00000468   0x0000001c   Code   RO         3113    !!handler_zi        c_w.l(__scatter_zi.o)
    0x00000484   0x00000002   Code   RO         3048    .ARM.Collect$$libinit$$00000000  c_w.l(libinit.o)
    0x00000486   0x00000004   Code   RO         2910    .ARM.Collect$$libinit$$00000001  c_w.l(libinit2.o)
    0x0000048a   0x00000000   Code   RO         2913    .ARM.Collect$$libinit$$00000004  c_w.l(libinit2.o)
    0x0000048a   0x00000000   Code   RO         2916    .ARM.Collect$$libinit$$0000000A  c_w.l(libinit2.o)
    0x0000048a   0x00000000   Code   RO         2918    .ARM.Collect$$libinit$$0000000C  c_w.l(libinit2.o)
    0x0000048a   0x00000000   Code   RO         2920    .ARM.Collect$$libinit$$0000000E  c_w.l(libinit2.o)
    0x0000048a   0x00000000   Code   RO         2923    .ARM.Collect$$libinit$$00000011  c_w.l(libinit2.o)
    0x0000048a   0x00000000   Code   RO         2925    .ARM.Collect$$libinit$$00000013  c_w.l(libinit2.o)
    0x0000048a   0x00000000   Code   RO         2927    .ARM.Collect$$libinit$$00000015  c_w.l(libinit2.o)
    0x0000048a   0x00000000   Code   RO         2929    .ARM.Collect$$libinit$$00000017  c_w.l(libinit2.o)
    0x0000048a   0x00000000   Code   RO         2931    .ARM.Collect$$libinit$$00000019  c_w.l(libinit2.o)
    0x0000048a   0x00000000   Code   RO         2933    .ARM.Collect$$libinit$$0000001B  c_w.l(libinit2.o)
    0x0000048a   0x00000000   Code   RO         2935    .ARM.Collect$$libinit$$0000001D  c_w.l(libinit2.o)
    0x0000048a   0x00000000   Code   RO         2937    .ARM.Collect$$libinit$$0000001F  c_w.l(libinit2.o)
    0x0000048a   0x00000000   Code   RO         2939    .ARM.Collect$$libinit$$00000021  c_w.l(libinit2.o)
    0x0000048a   0x00000000   Code   RO         2941    .ARM.Collect$$libinit$$00000023  c_w.l(libinit2.o)
    0x0000048a   0x00000000   Code   RO         2943    .ARM.Collect$$libinit$$00000025  c_w.l(libinit2.o)
    0x0000048a   0x00000000   Code   RO         2947    .ARM.Collect$$libinit$$0000002C  c_w.l(libinit2.o)
    0x0000048a   0x00000000   Code   RO         2949    .ARM.Collect$$libinit$$0000002E  c_w.l(libinit2.o)
    0x0000048a   0x00000000   Code   RO         2951    .ARM.Collect$$libinit$$00000030  c_w.l(libinit2.o)
    0x0000048a   0x00000000   Code   RO         2953    .ARM.Collect$$libinit$$00000032  c_w.l(libinit2.o)
    0x0000048a   0x00000002   Code   RO         2954    .ARM.Collect$$libinit$$00000033  c_w.l(libinit2.o)
    0x0000048c   0x00000002   Code   RO         3106    .ARM.Collect$$libshutdown$$00000000  c_w.l(libshutdown.o)
    0x0000048e   0x00000000   Code   RO         3068    .ARM.Collect$$libshutdown$$00000002  c_w.l(libshutdown2.o)
    0x0000048e   0x00000000   Code   RO         3070    .ARM.Collect$$libshutdown$$00000004  c_w.l(libshutdown2.o)
    0x0000048e   0x00000000   Code   RO         3073    .ARM.Collect$$libshutdown$$00000007  c_w.l(libshutdown2.o)
    0x0000048e   0x00000000   Code   RO         3076    .ARM.Collect$$libshutdown$$0000000A  c_w.l(libshutdown2.o)
    0x0000048e   0x00000000   Code   RO         3078    .ARM.Collect$$libshutdown$$0000000C  c_w.l(libshutdown2.o)
    0x0000048e   0x00000000   Code   RO         3081    .ARM.Collect$$libshutdown$$0000000F  c_w.l(libshutdown2.o)
    0x0000048e   0x00000002   Code   RO         3082    .ARM.Collect$$libshutdown$$00000010  c_w.l(libshutdown2.o)
    0x00000490   0x00000000   Code   RO         2872    .ARM.Collect$$rtentry$$00000000  c_w.l(__rtentry.o)
    0x00000490   0x00000000   Code   RO         2972    .ARM.Collect$$rtentry$$00000002  c_w.l(__rtentry2.o)
    0x00000490   0x00000004   Code   RO         2986    .ARM.Collect$$rtentry$$00000007  c_w.l(__rtentry7.o)
    0x00000494   0x00000000   Code   RO         2974    .ARM.Collect$$rtentry$$00000009  c_w.l(__rtentry2.o)
    0x00000494   0x00000004   Code   RO         2975    .ARM.Collect$$rtentry$$0000000A  c_w.l(__rtentry2.o)
    0x00000498   0x00000000   Code   RO         2977    .ARM.Collect$$rtentry$$0000000C  c_w.l(__rtentry2.o)
    0x00000498   0x00000008   Code   RO         2978    .ARM.Collect$$rtentry$$0000000D  c_w.l(__rtentry2.o)
    0x000004a0   0x00000004   Code   RO         2987    .ARM.Collect$$rtentry$$00002718  c_w.l(__rtentry7.o)
    0x000004a4   0x00000002   Code   RO         3051    .ARM.Collect$$rtexit$$00000000  c_w.l(rtexit.o)
    0x000004a6   0x00000000   Code   RO         3084    .ARM.Collect$$rtexit$$00000002  c_w.l(rtexit2.o)
    0x000004a6   0x00000004   Code   RO         3085    .ARM.Collect$$rtexit$$00000003  c_w.l(rtexit2.o)
    0x000004aa   0x00000006   Code   RO         3086    .ARM.Collect$$rtexit$$00000004  c_w.l(rtexit2.o)
    0x000004b0   0x00000038   Code   RO         2712    .text               startup_mk64f12.o
    0x000004e8   0x00000080   Code   RO         2820    .text               c_w.l(assert.o)
    0x00000568   0x0000003e   Code   RO         2822    .text               c_w.l(strlen.o)
    0x000005a6   0x00000064   Code   RO         2824    .text               c_w.l(rt_memcpy_w.o)
    0x0000060a   0x00000016   Code   RO         2902    .text               c_w.l(abort.o)
    0x00000620   0x00000014   Code   RO         2904    .text               c_w.l(assert_puts.o)
    0x00000634   0x0000000e   Code   RO         2962    .text               c_w.l(sys_wrch.o)
    0x00000642   0x00000002   PAD
    0x00000644   0x0000000c   Code   RO         2966    .text               c_w.l(sys_exit.o)
    0x00000650   0x0000000e   Code   RO         3001    .text               c_w.l(defsig_abrt_outer.o)
    0x0000065e   0x00000002   Code   RO         3018    .text               c_w.l(use_no_semi.o)
    0x00000660   0x00000000   Code   RO         3020    .text               c_w.l(indicate_semi.o)
    0x00000660   0x00000012   Code   RO         3027    .text               c_w.l(exit.o)
    0x00000672   0x0000000a   Code   RO         3029    .text               c_w.l(defsig_exit.o)
    0x0000067c   0x00000030   Code   RO         3031    .text               c_w.l(defsig_abrt_inner.o)
    0x000006ac   0x00000032   Code   RO         3059    .text               c_w.l(defsig_general.o)
    0x000006de   0x00000002   PAD
    0x000006e0   0x00000030   Code   RO            7    i.ADCRead_H         framework.o
    0x00000710   0x00000030   Code   RO            8    i.ADCRead_V         framework.o
    0x00000740   0x00000068   Code   RO          208    i.BOARD_ClockInit   board.o
    0x000007a8   0x00000018   Code   RO          209    i.BOARD_InitOsc0    board.o
    0x000007c0   0x00000018   Code   RO          210    i.BOARD_InitRtcOsc  board.o
    0x000007d8   0x00000040   Code   RO          939    i.CLOCK_HAL_EnablePll0InFllMode  fsl_mcg_hal.o
    0x00000818   0x0000000a   Code   RO         1085    i.CLOCK_HAL_GetClkOutStat  fsl_mcg_hal_modes.o
    0x00000822   0x0000000a   Code   RO         2339    i.CLOCK_HAL_GetClkOutStat  fsl_clock_manager.o
    0x0000082c   0x00000052   Code   RO          943    i.CLOCK_HAL_GetFllClk  fsl_mcg_hal.o
    0x0000087e   0x00000002   PAD
    0x00000880   0x0000004c   Code   RO          944    i.CLOCK_HAL_GetFllRefClk  fsl_mcg_hal.o
    0x000008cc   0x0000000e   Code   RO         1086    i.CLOCK_HAL_GetFllSrc  fsl_mcg_hal_modes.o
    0x000008da   0x00000002   PAD
    0x000008dc   0x0000003c   Code   RO          945    i.CLOCK_HAL_GetInternalRefClk  fsl_mcg_hal.o
    0x00000918   0x0000000e   Code   RO          946    i.CLOCK_HAL_GetInternalRefClkMode  fsl_mcg_hal.o
    0x00000926   0x0000000e   Code   RO         1087    i.CLOCK_HAL_GetInternalRefClkMode  fsl_mcg_hal_modes.o
    0x00000934   0x00000012   Code   RO          947    i.CLOCK_HAL_GetMcgExternalClkFreq  fsl_mcg_hal.o
    0x00000946   0x00000096   Code   RO         1088    i.CLOCK_HAL_GetMcgMode  fsl_mcg_hal_modes.o
    0x000009dc   0x0000004e   Code   RO          948    i.CLOCK_HAL_GetOutClk  fsl_mcg_hal.o
    0x00000a2a   0x00000044   Code   RO          949    i.CLOCK_HAL_GetPll0Clk  fsl_mcg_hal.o
    0x00000a6e   0x0000000c   Code   RO          950    i.CLOCK_HAL_GetPll0RefFreq  fsl_mcg_hal.o
    0x00000a7a   0x00000016   Code   RO         1089    i.CLOCK_HAL_IsOsc0Stable  fsl_mcg_hal_modes.o
    0x00000a90   0x00000016   Code   RO         1090    i.CLOCK_HAL_IsPllSelected  fsl_mcg_hal_modes.o
    0x00000aa6   0x0000002a   Code   RO         1091    i.CLOCK_HAL_PrepareOsc  fsl_mcg_hal_modes.o
    0x00000ad0   0x0000000a   Code   RO         2340    i.CLOCK_HAL_SetClkOutSrc  fsl_clock_manager.o
    0x00000ada   0x000000e4   Code   RO         1094    i.CLOCK_HAL_SetFbeMode  fsl_mcg_hal_modes.o
    0x00000bbe   0x00000002   PAD
    0x00000bc0   0x000000b4   Code   RO         1095    i.CLOCK_HAL_SetFbiMode  fsl_mcg_hal_modes.o
    0x00000c74   0x0000000c   Code   RO          951    i.CLOCK_HAL_SetInternalRefClkMode  fsl_mcg_hal.o
    0x00000c80   0x0000000c   Code   RO         2341    i.CLOCK_HAL_SetLowPowerModeCmd  fsl_clock_manager.o
    0x00000c8c   0x00000024   Code   RO          952    i.CLOCK_HAL_SetOsc0Mode  fsl_mcg_hal.o
    0x00000cb0   0x00000038   Code   RO         1363    i.CLOCK_HAL_SetOutDiv  fsl_sim_hal_mk64f12.o
    0x00000ce8   0x000000e8   Code   RO         1098    i.CLOCK_HAL_SetPbeMode  fsl_mcg_hal_modes.o
    0x00000dd0   0x00000046   Code   RO          953    i.CLOCK_HAL_TestFllExternalRefFreq  fsl_mcg_hal.o
    0x00000e16   0x00000002   PAD
    0x00000e18   0x00000038   Code   RO          954    i.CLOCK_HAL_TestFllFreq  fsl_mcg_hal.o
    0x00000e50   0x00000034   Code   RO          955    i.CLOCK_HAL_TestOscFreq  fsl_mcg_hal.o
    0x00000e84   0x00000068   Code   RO          957    i.CLOCK_HAL_UpdateFastClkInternalRefDiv  fsl_mcg_hal.o
    0x00000eec   0x0000006c   Code   RO         2022    i.CLOCK_SYS_EnablePortClock  fsl_clock_mk64f12.o
    0x00000f58   0x0000006c   Code   RO         2024    i.CLOCK_SYS_EnableUartClock  fsl_clock_mk64f12.o
    0x00000fc4   0x0000001e   Code   RO         2025    i.CLOCK_SYS_FllStableDelay  fsl_clock_mk64f12.o
    0x00000fe2   0x00000002   PAD
    0x00000fe4   0x00000024   Code   RO         2027    i.CLOCK_SYS_GetBusClockFreq  fsl_clock_mk64f12.o
    0x00001008   0x00000020   Code   RO         2028    i.CLOCK_SYS_GetCoreClockFreq  fsl_clock_mk64f12.o
    0x00001028   0x00000020   Code   RO         2049    i.CLOCK_SYS_GetSystemClockFreq  fsl_clock_mk64f12.o
    0x00001048   0x0000002e   Code   RO         2051    i.CLOCK_SYS_GetUartFreq  fsl_clock_mk64f12.o
    0x00001076   0x00000002   PAD
    0x00001078   0x000000d0   Code   RO         2346    i.CLOCK_SYS_OscInit  fsl_clock_manager.o
    0x00001148   0x000000fc   Code   RO         2348    i.CLOCK_SYS_RtcOscInit  fsl_clock_manager.o
    0x00001244   0x00000068   Code   RO         2055    i.CLOCK_SYS_SetConfiguration  fsl_clock_mk64f12.o
    0x000012ac   0x00000158   Code   RO         2349    i.CLOCK_SYS_SetMcgMode  fsl_clock_manager.o
    0x00001404   0x00000048   Code   RO         2350    i.CLOCK_SYS_SetMcgPeeToFbe  fsl_clock_manager.o
    0x0000144c   0x00000024   Code   RO         2351    i.CLOCK_SYS_SetOscerConfigration  fsl_clock_manager.o
    0x00001470   0x00000040   Code   RO         2056    i.CLOCK_SYS_SetSimConfigration  fsl_clock_mk64f12.o
    0x000014b0   0x000000bc   Code   RO         2543    i.DbgConsole_Init   fsl_debug_console.o
    0x0000156c   0x0000000c   Code   RO         1191    i.OSC_HAL_SetCapacitor  fsl_osc_hal.o
    0x00001578   0x0000000a   Code   RO         2353    i.OSC_HAL_SetExternalRefClkCmd  fsl_clock_manager.o
    0x00001582   0x0000000a   Code   RO         2354    i.OSC_HAL_SetExternalRefClkInStopModeCmd  fsl_clock_manager.o
    0x0000158c   0x0000009c   Code   RO          130    i.PIN_Initialize    utils.o
    0x00001628   0x00000044   Code   RO          321    i.PORT_HAL_SetMuxMode  pin_mux.o
    0x0000166c   0x0000000e   Code   RO         2355    i.RTC_HAL_SetOscillatorCmd  fsl_clock_manager.o
    0x0000167a   0x00000022   Code   RO         2058    i.SIM_HAL_EnableClock  fsl_clock_mk64f12.o
    0x0000169c   0x0000002c   Code   RO         2720    i.SystemInit        system_mk64f12.o
    0x000016c8   0x0000000c   Code   RO         1527    i.UART_HAL_Getchar  fsl_uart_hal.o
    0x000016d4   0x0000000a   Code   RO         1531    i.UART_HAL_Putchar  fsl_uart_hal.o
    0x000016de   0x00000056   Code   RO         1533    i.UART_HAL_ReceiveDataPolling  fsl_uart_hal.o
    0x00001734   0x0000002e   Code   RO         1537    i.UART_HAL_SendDataPolling  fsl_uart_hal.o
    0x00001762   0x00000044   Code   RO         1538    i.UART_HAL_SetBaudRate  fsl_uart_hal.o
    0x000017a6   0x0000001c   Code   RO         1545    i.UART_HAL_SetParityMode  fsl_uart_hal.o
    0x000017c2   0x00000002   PAD
    0x000017c4   0x000000d0   Code   RO         2864    i.__hardfp_modf     m_wm.l(modf.o)
    0x00001894   0x0000066c   Code   RO         2635    i._doprint          print_scan.o
    0x00001f00   0x00000048   Code   RO          340    i.configure_uart_pins  pin_mux.o
    0x00001f48   0x00000016   Code   RO          211    i.dbg_uart_init     board.o
    0x00001f5e   0x00000002   PAD
    0x00001f60   0x0000003c   Code   RO         2545    i.debug_printf      fsl_debug_console.o
    0x00001f9c   0x0000002c   Code   RO         2546    i.debug_putc        fsl_debug_console.o
    0x00001fc8   0x00000014   Code   RO          133    i.delay             utils.o
    0x00001fdc   0x00000030   Code   RO         2637    i.fput_pad          print_scan.o
    0x0000200c   0x00000018   Code   RO         2689    i.hardware_init     hardware_init.o
    0x00002024   0x00000048   Code   RO          461    i.init_data_bss     startup.o
    0x0000206c   0x0000026c   Code   RO            9    i.main              framework.o
    0x000022d8   0x0000016c   Code   RO         2638    i.mkfloatnumstr     print_scan.o
    0x00002444   0x000000a6   Code   RO         2639    i.mknumstr          print_scan.o
    0x000024ea   0x00000002   PAD
    0x000024ec   0x00000150   Code   RO         2830    x$fpl$dadd          fz_wm.l(daddsub_clz.o)
    0x0000263c   0x00000018   Code   RO         2955    x$fpl$dcmpinf       fz_wm.l(dcmpi.o)
    0x00002654   0x000002b0   Code   RO         2837    x$fpl$ddiv          fz_wm.l(ddiv.o)
    0x00002904   0x00000078   Code   RO         2840    x$fpl$deqf          fz_wm.l(deqf.o)
    0x0000297c   0x0000005e   Code   RO         2842    x$fpl$dfix          fz_wm.l(dfix.o)
    0x000029da   0x0000002e   Code   RO         2851    x$fpl$dflt          fz_wm.l(dflt_clz.o)
    0x00002a08   0x0000008a   Code   RO         2857    x$fpl$dfltull       fz_wm.l(dfltll_clz.o)
    0x00002a92   0x00000002   PAD
    0x00002a94   0x00000078   Code   RO         2860    x$fpl$dleqf         fz_wm.l(dleqf.o)
    0x00002b0c   0x00000154   Code   RO         2862    x$fpl$dmul          fz_wm.l(dmul.o)
    0x00002c60   0x0000009c   Code   RO         2957    x$fpl$dnaninf       fz_wm.l(dnaninf.o)
    0x00002cfc   0x0000000c   Code   RO         2959    x$fpl$dretinf       fz_wm.l(dretinf.o)
    0x00002d08   0x00000016   Code   RO         2831    x$fpl$drsb          fz_wm.l(daddsub_clz.o)
    0x00002d1e   0x00000002   PAD
    0x00002d20   0x000001d4   Code   RO         2832    x$fpl$dsub          fz_wm.l(daddsub_clz.o)
    0x00002ef4   0x0000000a   Code   RO         3016    x$fpl$fpinit        fz_wm.l(fpinit.o)
    0x00002efe   0x00000002   PAD
    0x00002f00   0x00000078   Code   RO         2846    x$fpl$llufromd      fz_wm.l(dfixull.o)
    0x00002f78   0x00000000   Code   RO         2961    x$fpl$usenofp       fz_wm.l(usenofp.o)
    0x00002f78   0x00000048   Data   RO          212    .constdata          board.o
    0x00002fc0   0x00000006   Data   RO          639    .constdata          fsl_rtc_common.o
    0x00002fc6   0x00000030   Data   RO          958    .constdata          fsl_mcg_hal.o
    0x00002ff6   0x00000019   Data   RO         2060    .constdata          fsl_clock_mk64f12.o
    0x0000300f   0x00000001   PAD
    0x00003010   0x0000000c   Data   RO         2474    .constdata          fsl_clock_manager_common.o
    0x0000301c   0x00000018   Data   RO         2552    .constdata          fsl_debug_console.o
    0x00003034   0x0000004f   Data   RO          213    .conststring        board.o
    0x00003083   0x00000001   PAD
    0x00003084   0x00000065   Data   RO         2061    .conststring        fsl_clock_mk64f12.o
    0x000030e9   0x00000003   PAD
    0x000030ec   0x0000005d   Data   RO         2357    .conststring        fsl_clock_manager.o
    0x00003149   0x00000003   PAD
    0x0000314c   0x00000020   Data   RO         3107    Region$$Table       anon$$obj.o


    Execution Region RW_m_data (Base: 0x1fff0000, Size: 0x00000000, Max: 0x00010000, ABSOLUTE)

    **** No section assigned to this execution region ****


    Execution Region RW_m_data_2 (Base: 0x20000000, Size: 0x00000024, Max: 0x0002f800, ABSOLUTE)

    Base Addr    Size         Type   Attr      Idx    E Section Name        Object

    0x20000000   0x00000010   Data   RW          959    .data               fsl_mcg_hal.o
    0x20000010   0x00000004   Data   RW         2721    .data               system_mk64f12.o
    0x20000014   0x00000010   Zero   RW         2551    .bss                fsl_debug_console.o


    Execution Region ARM_LIB_HEAP (Base: 0x20000024, Size: 0x00000400, Max: 0x00000400, ABSOLUTE)

    Base Addr    Size         Type   Attr      Idx    E Section Name        Object

    0x20000024   0x00000400   Zero   RW            1    ARM_LIB_HEAP.bss    anon$$obj.o


    Execution Region ARM_LIB_STACK (Base: 0x2002fc00, Size: 0x00000400, Max: 0x00000400, ABSOLUTE)

    Base Addr    Size         Type   Attr      Idx    E Section Name        Object

    0x2002fc00   0x00000400   Zero   RW            2    ARM_LIB_STACK.bss   anon$$obj.o



  Load Region LR_m_interrupts (Base: 0x00000000, Size: 0x00000400, Max: 0x00000400, ABSOLUTE)

    Execution Region VECTOR_RAM (Base: 0x00000000, Size: 0x00000000, Max: 0x00000000, ABSOLUTE)

    Base Addr    Size         Type   Attr      Idx    E Section Name        Object

    0x00000000   0x00000000   Zero   RW            3    VECTOR_RAM.bss      anon$$obj.o


    Execution Region VECTOR_ROM (Base: 0x00000000, Size: 0x00000400, Max: 0x00000400, ABSOLUTE)

    Base Addr    Size         Type   Attr      Idx    E Section Name        Object

    0x00000000   0x00000400   Data   RO         2710    RESET               startup_mk64f12.o



  Load Region LR_m_flash_config (Base: 0x00000400, Size: 0x00000010, Max: 0x00000010, ABSOLUTE)

    Execution Region ER_m_flash_config (Base: 0x00000400, Size: 0x00000010, Max: 0x00000010, ABSOLUTE)

    Base Addr    Size         Type   Attr      Idx    E Section Name        Object

    0x00000400   0x00000010   Data   RO         2711    FlashConfig         startup_mk64f12.o


==============================================================================

Image component sizes


      Code (inc. data)   RO Data    RW Data    ZI Data      Debug   Object Name

       174         40        151          0          0      33659   board.o
       716         90          0          0          0     623595   framework.o
       978        110         93          0          0      29917   fsl_clock_manager.o
         0          0         12          0          0        904   fsl_clock_manager_common.o
       594        222        126          0          0      29059   fsl_clock_mk64f12.o
       292         30         24          0         16      15026   fsl_debug_console.o
       802         40         48         16          0      16914   fsl_mcg_hal.o
       914         14          0          0          0      12600   fsl_mcg_hal_modes.o
         0          0          0          0          0       9164   fsl_os_abstraction_bm.o
        12          0          0          0          0       1011   fsl_osc_hal.o
         0          0          6          0          0        781   fsl_rtc_common.o
        56          0          0          0          0       1458   fsl_sim_hal_mk64f12.o
       250          0          0          0          0      12807   fsl_uart_hal.o
        24          0          0          0          0        524   hardware_init.o
       140         30          0          0          0       3258   pin_mux.o
      2222         60          0          0          0       7315   print_scan.o
        72         18          0          0          0        580   startup.o
        56         18       1040          0          0        848   startup_mk64f12.o
        44         10          0          4          0        739   system_mk64f12.o
       176         40          0          0          0        905   utils.o

    ----------------------------------------------------------------------
      7540        722       1540         20       2064     801064   Object Totals
         0          0         32          0       2048          0   (incl. Generated)
        18          0          8          0          0          0   (incl. Padding)

    ----------------------------------------------------------------------

      Code (inc. data)   RO Data    RW Data    ZI Data      Debug   Library Member Name

         8          0          0          0          0         68   __main.o
         0          0          0          0          0          0   __rtentry.o
        12          0          0          0          0          0   __rtentry2.o
         8          4          0          0          0          0   __rtentry7.o
        52          8          0          0          0          0   __scatter.o
        26          0          0          0          0          0   __scatter_copy.o
        28          0          0          0          0          0   __scatter_zi.o
        22          0          0          0          0         80   abort.o
       128         42          0          0          0         76   assert.o
        20          0          0          0          0         76   assert_puts.o
        48         34          0          0          0         76   defsig_abrt_inner.o
        14          0          0          0          0         80   defsig_abrt_outer.o
        10          0          0          0          0         68   defsig_exit.o
        50          0          0          0          0         88   defsig_general.o
        18          0          0          0          0         80   exit.o
         0          0          0          0          0          0   indicate_semi.o
         2          0          0          0          0          0   libinit.o
         6          0          0          0          0          0   libinit2.o
         2          0          0          0          0          0   libshutdown.o
         2          0          0          0          0          0   libshutdown2.o
       100          0          0          0          0         80   rt_memcpy_w.o
         2          0          0          0          0          0   rtexit.o
        10          0          0          0          0          0   rtexit2.o
        62          0          0          0          0         76   strlen.o
        12          4          0          0          0         68   sys_exit.o
        14          0          0          0          0         76   sys_wrch.o
         2          0          0          0          0         68   use_no_semi.o
       826         16          0          0          0        492   daddsub_clz.o
        24          0          0          0          0        116   dcmpi.o
       688        140          0          0          0        256   ddiv.o
       120          4          0          0          0        140   deqf.o
        94          4          0          0          0        140   dfix.o
       120          4          0          0          0        152   dfixull.o
        46          0          0          0          0        116   dflt_clz.o
       138          0          0          0          0        132   dfltll_clz.o
       120          4          0          0          0        140   dleqf.o
       340         12          0          0          0        152   dmul.o
       156          4          0          0          0        140   dnaninf.o
        12          0          0          0          0        116   dretinf.o
        10          0          0          0          0        116   fpinit.o
         0          0          0          0          0          0   usenofp.o
       208          6          0          0          0        152   modf.o

    ----------------------------------------------------------------------
      3572        286          0          0          0       3420   Library Totals
        12          0          0          0          0          0   (incl. Padding)

    ----------------------------------------------------------------------

      Code (inc. data)   RO Data    RW Data    ZI Data      Debug   Library Name

       658         92          0          0          0       1060   c_w.l
      2694        188          0          0          0       2208   fz_wm.l
       208          6          0          0          0        152   m_wm.l

    ----------------------------------------------------------------------
      3572        286          0          0          0       3420   Library Totals

    ----------------------------------------------------------------------

==============================================================================


      Code (inc. data)   RO Data    RW Data    ZI Data      Debug   

     11112       1008       1540         20       2064     795364   Grand Totals
     11112       1008       1540         20       2064     795364   ELF Image Totals
     11112       1008       1540         20          0          0   ROM Totals

==============================================================================

    Total RO  Size (Code + RO Data)                12652 (  12.36kB)
    Total RW  Size (RW Data + ZI Data)              2084 (   2.04kB)
    Total ROM Size (Code + RO Data + RW Data)      12672 (  12.38kB)

==============================================================================

