Component: ARM Compiler 5.06 update 4 (build 422) Tool: armlink [4d35d2]

==============================================================================

Section Cross References

    framework.o(i.main) refers to utils.o(i.PIN_Initialize) for PIN_Initialize
    framework.o(i.main) refers to dfltui.o(.text) for __aeabi_ui2d
    framework.o(i.main) refers to cdcmple.o(.text) for __aeabi_cdcmple
    framework.o(i.main) refers to cdrcmple.o(.text) for __aeabi_cdrcmple
    utils.o(i.LEDBlue_On) refers to utils.o(i.__get_PRIMASK) for __get_PRIMASK
    utils.o(i.LEDBlue_On) refers to utils.o(i.__set_PRIMASK) for __set_PRIMASK
    utils.o(i.LEDGreen_On) refers to utils.o(i.__get_PRIMASK) for __get_PRIMASK
    utils.o(i.LEDGreen_On) refers to utils.o(i.__set_PRIMASK) for __set_PRIMASK
    utils.o(i.LEDRed_On) refers to utils.o(i.__get_PRIMASK) for __get_PRIMASK
    utils.o(i.LEDRed_On) refers to utils.o(i.__set_PRIMASK) for __set_PRIMASK
    utils.o(i.LED_Off) refers to utils.o(i.__get_PRIMASK) for __get_PRIMASK
    utils.o(i.LED_Off) refers to utils.o(i.__set_PRIMASK) for __set_PRIMASK
    startup_mk64f12.o(RESET) refers to startup_mk64f12.o(.text) for Reset_Handler
    startup_mk64f12.o(.text) refers to startup_mk64f12.o(FlashConfig) for FlashConfig
    startup_mk64f12.o(.text) refers to system_mk64f12.o(i.SystemInit) for SystemInit
    startup_mk64f12.o(.text) refers to startup.o(i.init_data_bss) for init_data_bss
    startup_mk64f12.o(.text) refers to entry.o(.ARM.Collect$$$$00000000) for __main
    system_mk64f12.o(i.SystemCoreClockUpdate) refers to system_mk64f12.o(.data) for SystemCoreClock
    entry.o(.ARM.Collect$$$$00000000) refers (Special) to entry10a.o(.ARM.Collect$$$$0000000D) for __rt_final_cpp
    entry.o(.ARM.Collect$$$$00000000) refers (Special) to entry11a.o(.ARM.Collect$$$$0000000F) for __rt_final_exit
    entry.o(.ARM.Collect$$$$00000000) refers (Special) to entry7b.o(.ARM.Collect$$$$00000008) for _main_clock
    entry.o(.ARM.Collect$$$$00000000) refers (Special) to entry8b.o(.ARM.Collect$$$$0000000A) for _main_cpp_init
    entry.o(.ARM.Collect$$$$00000000) refers (Special) to entry9a.o(.ARM.Collect$$$$0000000B) for _main_init
    entry.o(.ARM.Collect$$$$00000000) refers (Special) to entry5.o(.ARM.Collect$$$$00000004) for _main_scatterload
    entry.o(.ARM.Collect$$$$00000000) refers (Special) to entry4.o(.ARM.Collect$$$$00000003) for _main_stk
    dfltui.o(.text) refers (Special) to iusefp.o(.text) for __I$use$fp
    dfltui.o(.text) refers to depilogue.o(.text) for _double_epilogue
    cdcmple.o(.text) refers (Special) to iusefp.o(.text) for __I$use$fp
    cdrcmple.o(.text) refers (Special) to iusefp.o(.text) for __I$use$fp
    entry4.o(.ARM.Collect$$$$00000003) refers to entry4.o(.ARM.Collect$$$$00002714) for __lit__00000000
    entry4.o(__vectab_stack_and_reset_area) refers to entry.o(.ARM.Collect$$$$00000000) for __main
    entry5.o(.ARM.Collect$$$$00000004) refers to init.o(.text) for __scatterload
    entry9a.o(.ARM.Collect$$$$0000000B) refers to framework.o(i.main) for main
    entry9b.o(.ARM.Collect$$$$0000000C) refers to framework.o(i.main) for main
    depilogue.o(.text) refers to llshl.o(.text) for __aeabi_llsl
    depilogue.o(.text) refers to llushr.o(.text) for __aeabi_llsr
    init.o(.text) refers to entry5.o(.ARM.Collect$$$$00000004) for __main_after_scatterload


==============================================================================

Removing Unused input sections from the image.

    Removing framework.o(.rev16_text), (4 bytes).
    Removing framework.o(.revsh_text), (4 bytes).
    Removing framework.o(.rrx_text), (6 bytes).
    Removing utils.o(.rev16_text), (4 bytes).
    Removing utils.o(.revsh_text), (4 bytes).
    Removing utils.o(.rrx_text), (6 bytes).
    Removing utils.o(i.LEDBlue_On), (44 bytes).
    Removing utils.o(i.LEDBlue_Toggle), (16 bytes).
    Removing utils.o(i.LEDGreen_On), (48 bytes).
    Removing utils.o(i.LEDGreen_Toggle), (16 bytes).
    Removing utils.o(i.LEDRed_On), (44 bytes).
    Removing utils.o(i.LEDRed_Toggle), (16 bytes).
    Removing utils.o(i.LED_Off), (44 bytes).
    Removing utils.o(i.__get_PRIMASK), (6 bytes).
    Removing utils.o(i.__set_PRIMASK), (6 bytes).
    Removing utils.o(i.delay), (20 bytes).
    Removing startup.o(.rev16_text), (4 bytes).
    Removing startup.o(.revsh_text), (4 bytes).
    Removing startup.o(.rrx_text), (6 bytes).
    Removing system_mk64f12.o(.rev16_text), (4 bytes).
    Removing system_mk64f12.o(.revsh_text), (4 bytes).
    Removing system_mk64f12.o(.rrx_text), (6 bytes).
    Removing system_mk64f12.o(i.SystemCoreClockUpdate), (452 bytes).
    Removing system_mk64f12.o(.data), (4 bytes).

24 unused section(s) (total 772 bytes) removed from the image.

==============================================================================

Image Symbol Table

    Local Symbols

    Symbol Name                              Value     Ov Type        Size  Object(Section)

    RESET                                    0x00000000   Section     1024  startup_mk64f12.o(RESET)
    ../clib/microlib/init/entry.s            0x00000000   Number         0  entry7b.o ABSOLUTE
    ../clib/microlib/init/entry.s            0x00000000   Number         0  entry4.o ABSOLUTE
    ../clib/microlib/init/entry.s            0x00000000   Number         0  entry7a.o ABSOLUTE
    ../clib/microlib/init/entry.s            0x00000000   Number         0  entry5.o ABSOLUTE
    ../clib/microlib/init/entry.s            0x00000000   Number         0  entry11b.o ABSOLUTE
    ../clib/microlib/init/entry.s            0x00000000   Number         0  entry11a.o ABSOLUTE
    ../clib/microlib/init/entry.s            0x00000000   Number         0  entry10b.o ABSOLUTE
    ../clib/microlib/init/entry.s            0x00000000   Number         0  entry.o ABSOLUTE
    ../clib/microlib/init/entry.s            0x00000000   Number         0  entry10a.o ABSOLUTE
    ../clib/microlib/init/entry.s            0x00000000   Number         0  entry9b.o ABSOLUTE
    ../clib/microlib/init/entry.s            0x00000000   Number         0  entry8b.o ABSOLUTE
    ../clib/microlib/init/entry.s            0x00000000   Number         0  entry9a.o ABSOLUTE
    ../clib/microlib/init/entry.s            0x00000000   Number         0  entry8a.o ABSOLUTE
    ../clib/microlib/longlong.c              0x00000000   Number         0  llushr.o ABSOLUTE
    ../clib/microlib/longlong.c              0x00000000   Number         0  llshl.o ABSOLUTE
    ../clib/microlib/stubs.s                 0x00000000   Number         0  iusefp.o ABSOLUTE
    ../fplib/microlib/fpepilogue.c           0x00000000   Number         0  depilogue.o ABSOLUTE
    ../fplib/microlib/fpflt.c                0x00000000   Number         0  dfltui.o ABSOLUTE
    C:\Keil_v5\ARM\PACK\Keil\Kinetis_SDK_DFP\2.2.0\platform\devices\startup.c 0x00000000   Number         0  startup.o ABSOLUTE
    C:\\Keil_v5\\ARM\\PACK\\Keil\\Kinetis_SDK_DFP\\2.2.0\\platform\\devices\\startup.c 0x00000000   Number         0  startup.o ABSOLUTE
    RTE\Device\MK64FN1M0VLL12\startup_MK64F12.s 0x00000000   Number         0  startup_mk64f12.o ABSOLUTE
    RTE\Device\MK64FN1M0VLL12\system_MK64F12.c 0x00000000   Number         0  system_mk64f12.o ABSOLUTE
    RTE\\Device\\MK64FN1M0VLL12\\system_MK64F12.c 0x00000000   Number         0  system_mk64f12.o ABSOLUTE
    cdcmple.s                                0x00000000   Number         0  cdcmple.o ABSOLUTE
    cdrcmple.s                               0x00000000   Number         0  cdrcmple.o ABSOLUTE
    dc.s                                     0x00000000   Number         0  dc.o ABSOLUTE
    framework.c                              0x00000000   Number         0  framework.o ABSOLUTE
    framework.c                              0x00000000   Number         0  framework.o ABSOLUTE
    init.s                                   0x00000000   Number         0  init.o ABSOLUTE
    utils.c                                  0x00000000   Number         0  utils.o ABSOLUTE
    utils.c                                  0x00000000   Number         0  utils.o ABSOLUTE
    FlashConfig                              0x00000400   Section       16  startup_mk64f12.o(FlashConfig)
    .ARM.Collect$$$$00000000                 0x00000410   Section        0  entry.o(.ARM.Collect$$$$00000000)
    .ARM.Collect$$$$00000003                 0x00000410   Section        4  entry4.o(.ARM.Collect$$$$00000003)
    .ARM.Collect$$$$00000004                 0x00000414   Section        4  entry5.o(.ARM.Collect$$$$00000004)
    .ARM.Collect$$$$00000008                 0x00000418   Section        0  entry7b.o(.ARM.Collect$$$$00000008)
    .ARM.Collect$$$$0000000A                 0x00000418   Section        0  entry8b.o(.ARM.Collect$$$$0000000A)
    .ARM.Collect$$$$0000000B                 0x00000418   Section        8  entry9a.o(.ARM.Collect$$$$0000000B)
    .ARM.Collect$$$$0000000D                 0x00000420   Section        0  entry10a.o(.ARM.Collect$$$$0000000D)
    .ARM.Collect$$$$0000000F                 0x00000420   Section        0  entry11a.o(.ARM.Collect$$$$0000000F)
    .ARM.Collect$$$$00002714                 0x00000420   Section        4  entry4.o(.ARM.Collect$$$$00002714)
    __lit__00000000                          0x00000420   Data           4  entry4.o(.ARM.Collect$$$$00002714)
    .text                                    0x00000424   Section       56  startup_mk64f12.o(.text)
    .text                                    0x0000045c   Section        0  dfltui.o(.text)
    .text                                    0x00000478   Section       48  cdcmple.o(.text)
    .text                                    0x000004a8   Section       48  cdrcmple.o(.text)
    .text                                    0x000004d8   Section        0  iusefp.o(.text)
    .text                                    0x000004d8   Section        0  depilogue.o(.text)
    .text                                    0x00000594   Section       36  init.o(.text)
    .text                                    0x000005b8   Section        0  llshl.o(.text)
    .text                                    0x000005d6   Section        0  llushr.o(.text)
    i.PIN_Initialize                         0x000005f8   Section        0  utils.o(i.PIN_Initialize)
    i.SystemInit                             0x00000654   Section        0  system_mk64f12.o(i.SystemInit)
    i.init_data_bss                          0x00000670   Section        0  startup.o(i.init_data_bss)
    i.main                                   0x000006b8   Section        0  framework.o(i.main)

    Global Symbols

    Symbol Name                              Value     Ov Type        Size  Object(Section)

    BuildAttributes$$THM_ISAv4$E$P$D$K$B$S$7EM$PE$A:L22UL41UL21$X:L11$S22US41US21$IEEE1$IW$USESV6$~STKCKD$USESV7$~SHL$OSPACE$ROPI$EBA8$MICROLIB$REQ8$PRES8$EABIv2 0x00000000   Number         0  anon$$obj.o ABSOLUTE
    Image$$VECTOR_RAM$$Base                  0x00000000   Number         0  anon$$obj.o ABSOLUTE
    Image$$VECTOR_ROM$$Base                  0x00000000   Number         0  anon$$obj.o ABSOLUTE
    __ARM_use_no_argv                        0x00000000   Number         0  framework.o ABSOLUTE
    __Vectors                                0x00000000   Data           4  startup_mk64f12.o(RESET)
    __cpp_initialize__aeabi_                  - Undefined Weak Reference
    __cxa_finalize                            - Undefined Weak Reference
    __decompress                              - Undefined Weak Reference
    _clock_init                               - Undefined Weak Reference
    _microlib_exit                            - Undefined Weak Reference
    __Vectors_End                            0x00000400   Data           0  startup_mk64f12.o(RESET)
    __Vectors_Size                           0x00000400   Number         0  startup_mk64f12.o ABSOLUTE
    __main                                   0x00000411   Thumb Code     0  entry.o(.ARM.Collect$$$$00000000)
    _main_stk                                0x00000411   Thumb Code     0  entry4.o(.ARM.Collect$$$$00000003)
    _main_scatterload                        0x00000415   Thumb Code     0  entry5.o(.ARM.Collect$$$$00000004)
    __main_after_scatterload                 0x00000419   Thumb Code     0  entry5.o(.ARM.Collect$$$$00000004)
    _main_clock                              0x00000419   Thumb Code     0  entry7b.o(.ARM.Collect$$$$00000008)
    _main_cpp_init                           0x00000419   Thumb Code     0  entry8b.o(.ARM.Collect$$$$0000000A)
    _main_init                               0x00000419   Thumb Code     0  entry9a.o(.ARM.Collect$$$$0000000B)
    __rt_final_cpp                           0x00000421   Thumb Code     0  entry10a.o(.ARM.Collect$$$$0000000D)
    __rt_final_exit                          0x00000421   Thumb Code     0  entry11a.o(.ARM.Collect$$$$0000000F)
    Reset_Handler                            0x00000425   Thumb Code    18  startup_mk64f12.o(.text)
    NMI_Handler                              0x00000437   Thumb Code     2  startup_mk64f12.o(.text)
    HardFault_Handler                        0x00000439   Thumb Code     2  startup_mk64f12.o(.text)
    MemManage_Handler                        0x0000043b   Thumb Code     2  startup_mk64f12.o(.text)
    BusFault_Handler                         0x0000043d   Thumb Code     2  startup_mk64f12.o(.text)
    UsageFault_Handler                       0x0000043f   Thumb Code     2  startup_mk64f12.o(.text)
    SVC_Handler                              0x00000441   Thumb Code     2  startup_mk64f12.o(.text)
    DebugMon_Handler                         0x00000443   Thumb Code     2  startup_mk64f12.o(.text)
    PendSV_Handler                           0x00000445   Thumb Code     2  startup_mk64f12.o(.text)
    SysTick_Handler                          0x00000447   Thumb Code     2  startup_mk64f12.o(.text)
    ADC0_IRQHandler                          0x00000449   Thumb Code     0  startup_mk64f12.o(.text)
    ADC1_IRQHandler                          0x00000449   Thumb Code     0  startup_mk64f12.o(.text)
    CAN0_Bus_Off_IRQHandler                  0x00000449   Thumb Code     0  startup_mk64f12.o(.text)
    CAN0_Error_IRQHandler                    0x00000449   Thumb Code     0  startup_mk64f12.o(.text)
    CAN0_ORed_Message_buffer_IRQHandler      0x00000449   Thumb Code     0  startup_mk64f12.o(.text)
    CAN0_Rx_Warning_IRQHandler               0x00000449   Thumb Code     0  startup_mk64f12.o(.text)
    CAN0_Tx_Warning_IRQHandler               0x00000449   Thumb Code     0  startup_mk64f12.o(.text)
    CAN0_Wake_Up_IRQHandler                  0x00000449   Thumb Code     0  startup_mk64f12.o(.text)
    CMP0_IRQHandler                          0x00000449   Thumb Code     0  startup_mk64f12.o(.text)
    CMP1_IRQHandler                          0x00000449   Thumb Code     0  startup_mk64f12.o(.text)
    CMP2_IRQHandler                          0x00000449   Thumb Code     0  startup_mk64f12.o(.text)
    CMT_IRQHandler                           0x00000449   Thumb Code     0  startup_mk64f12.o(.text)
    DAC0_IRQHandler                          0x00000449   Thumb Code     0  startup_mk64f12.o(.text)
    DAC1_IRQHandler                          0x00000449   Thumb Code     0  startup_mk64f12.o(.text)
    DMA0_IRQHandler                          0x00000449   Thumb Code     0  startup_mk64f12.o(.text)
    DMA10_IRQHandler                         0x00000449   Thumb Code     0  startup_mk64f12.o(.text)
    DMA11_IRQHandler                         0x00000449   Thumb Code     0  startup_mk64f12.o(.text)
    DMA12_IRQHandler                         0x00000449   Thumb Code     0  startup_mk64f12.o(.text)
    DMA13_IRQHandler                         0x00000449   Thumb Code     0  startup_mk64f12.o(.text)
    DMA14_IRQHandler                         0x00000449   Thumb Code     0  startup_mk64f12.o(.text)
    DMA15_IRQHandler                         0x00000449   Thumb Code     0  startup_mk64f12.o(.text)
    DMA1_IRQHandler                          0x00000449   Thumb Code     0  startup_mk64f12.o(.text)
    DMA2_IRQHandler                          0x00000449   Thumb Code     0  startup_mk64f12.o(.text)
    DMA3_IRQHandler                          0x00000449   Thumb Code     0  startup_mk64f12.o(.text)
    DMA4_IRQHandler                          0x00000449   Thumb Code     0  startup_mk64f12.o(.text)
    DMA5_IRQHandler                          0x00000449   Thumb Code     0  startup_mk64f12.o(.text)
    DMA6_IRQHandler                          0x00000449   Thumb Code     0  startup_mk64f12.o(.text)
    DMA7_IRQHandler                          0x00000449   Thumb Code     0  startup_mk64f12.o(.text)
    DMA8_IRQHandler                          0x00000449   Thumb Code     0  startup_mk64f12.o(.text)
    DMA9_IRQHandler                          0x00000449   Thumb Code     0  startup_mk64f12.o(.text)
    DMA_Error_IRQHandler                     0x00000449   Thumb Code     0  startup_mk64f12.o(.text)
    DefaultISR                               0x00000449   Thumb Code     0  startup_mk64f12.o(.text)
    ENET_1588_Timer_IRQHandler               0x00000449   Thumb Code     0  startup_mk64f12.o(.text)
    ENET_Error_IRQHandler                    0x00000449   Thumb Code     0  startup_mk64f12.o(.text)
    ENET_Receive_IRQHandler                  0x00000449   Thumb Code     0  startup_mk64f12.o(.text)
    ENET_Transmit_IRQHandler                 0x00000449   Thumb Code     0  startup_mk64f12.o(.text)
    FTFE_IRQHandler                          0x00000449   Thumb Code     0  startup_mk64f12.o(.text)
    FTM0_IRQHandler                          0x00000449   Thumb Code     0  startup_mk64f12.o(.text)
    FTM1_IRQHandler                          0x00000449   Thumb Code     0  startup_mk64f12.o(.text)
    FTM2_IRQHandler                          0x00000449   Thumb Code     0  startup_mk64f12.o(.text)
    FTM3_IRQHandler                          0x00000449   Thumb Code     0  startup_mk64f12.o(.text)
    I2C0_IRQHandler                          0x00000449   Thumb Code     0  startup_mk64f12.o(.text)
    I2C1_IRQHandler                          0x00000449   Thumb Code     0  startup_mk64f12.o(.text)
    I2C2_IRQHandler                          0x00000449   Thumb Code     0  startup_mk64f12.o(.text)
    I2S0_Rx_IRQHandler                       0x00000449   Thumb Code     0  startup_mk64f12.o(.text)
    I2S0_Tx_IRQHandler                       0x00000449   Thumb Code     0  startup_mk64f12.o(.text)
    LLWU_IRQHandler                          0x00000449   Thumb Code     0  startup_mk64f12.o(.text)
    LPTMR0_IRQHandler                        0x00000449   Thumb Code     0  startup_mk64f12.o(.text)
    LVD_LVW_IRQHandler                       0x00000449   Thumb Code     0  startup_mk64f12.o(.text)
    MCG_IRQHandler                           0x00000449   Thumb Code     0  startup_mk64f12.o(.text)
    MCM_IRQHandler                           0x00000449   Thumb Code     0  startup_mk64f12.o(.text)
    PDB0_IRQHandler                          0x00000449   Thumb Code     0  startup_mk64f12.o(.text)
    PIT0_IRQHandler                          0x00000449   Thumb Code     0  startup_mk64f12.o(.text)
    PIT1_IRQHandler                          0x00000449   Thumb Code     0  startup_mk64f12.o(.text)
    PIT2_IRQHandler                          0x00000449   Thumb Code     0  startup_mk64f12.o(.text)
    PIT3_IRQHandler                          0x00000449   Thumb Code     0  startup_mk64f12.o(.text)
    PORTA_IRQHandler                         0x00000449   Thumb Code     0  startup_mk64f12.o(.text)
    PORTB_IRQHandler                         0x00000449   Thumb Code     0  startup_mk64f12.o(.text)
    PORTC_IRQHandler                         0x00000449   Thumb Code     0  startup_mk64f12.o(.text)
    PORTD_IRQHandler                         0x00000449   Thumb Code     0  startup_mk64f12.o(.text)
    PORTE_IRQHandler                         0x00000449   Thumb Code     0  startup_mk64f12.o(.text)
    RNG_IRQHandler                           0x00000449   Thumb Code     0  startup_mk64f12.o(.text)
    RTC_IRQHandler                           0x00000449   Thumb Code     0  startup_mk64f12.o(.text)
    RTC_Seconds_IRQHandler                   0x00000449   Thumb Code     0  startup_mk64f12.o(.text)
    Read_Collision_IRQHandler                0x00000449   Thumb Code     0  startup_mk64f12.o(.text)
    Reserved71_IRQHandler                    0x00000449   Thumb Code     0  startup_mk64f12.o(.text)
    SDHC_IRQHandler                          0x00000449   Thumb Code     0  startup_mk64f12.o(.text)
    SPI0_IRQHandler                          0x00000449   Thumb Code     0  startup_mk64f12.o(.text)
    SPI1_IRQHandler                          0x00000449   Thumb Code     0  startup_mk64f12.o(.text)
    SPI2_IRQHandler                          0x00000449   Thumb Code     0  startup_mk64f12.o(.text)
    SWI_IRQHandler                           0x00000449   Thumb Code     0  startup_mk64f12.o(.text)
    UART0_ERR_IRQHandler                     0x00000449   Thumb Code     0  startup_mk64f12.o(.text)
    UART0_LON_IRQHandler                     0x00000449   Thumb Code     0  startup_mk64f12.o(.text)
    UART0_RX_TX_IRQHandler                   0x00000449   Thumb Code     0  startup_mk64f12.o(.text)
    UART1_ERR_IRQHandler                     0x00000449   Thumb Code     0  startup_mk64f12.o(.text)
    UART1_RX_TX_IRQHandler                   0x00000449   Thumb Code     0  startup_mk64f12.o(.text)
    UART2_ERR_IRQHandler                     0x00000449   Thumb Code     0  startup_mk64f12.o(.text)
    UART2_RX_TX_IRQHandler                   0x00000449   Thumb Code     0  startup_mk64f12.o(.text)
    UART3_ERR_IRQHandler                     0x00000449   Thumb Code     0  startup_mk64f12.o(.text)
    UART3_RX_TX_IRQHandler                   0x00000449   Thumb Code     0  startup_mk64f12.o(.text)
    UART4_ERR_IRQHandler                     0x00000449   Thumb Code     0  startup_mk64f12.o(.text)
    UART4_RX_TX_IRQHandler                   0x00000449   Thumb Code     0  startup_mk64f12.o(.text)
    UART5_ERR_IRQHandler                     0x00000449   Thumb Code     0  startup_mk64f12.o(.text)
    UART5_RX_TX_IRQHandler                   0x00000449   Thumb Code     0  startup_mk64f12.o(.text)
    USB0_IRQHandler                          0x00000449   Thumb Code     0  startup_mk64f12.o(.text)
    USBDCD_IRQHandler                        0x00000449   Thumb Code     0  startup_mk64f12.o(.text)
    WDOG_EWM_IRQHandler                      0x00000449   Thumb Code     0  startup_mk64f12.o(.text)
    __aeabi_ui2d                             0x0000045d   Thumb Code    26  dfltui.o(.text)
    __aeabi_cdcmpeq                          0x00000479   Thumb Code     0  cdcmple.o(.text)
    __aeabi_cdcmple                          0x00000479   Thumb Code    48  cdcmple.o(.text)
    __aeabi_cdrcmple                         0x000004a9   Thumb Code    48  cdrcmple.o(.text)
    __I$use$fp                               0x000004d9   Thumb Code     0  iusefp.o(.text)
    _double_round                            0x000004d9   Thumb Code    30  depilogue.o(.text)
    _double_epilogue                         0x000004f7   Thumb Code   156  depilogue.o(.text)
    __scatterload                            0x00000595   Thumb Code    28  init.o(.text)
    __scatterload_rt2                        0x00000595   Thumb Code     0  init.o(.text)
    __aeabi_llsl                             0x000005b9   Thumb Code    30  llshl.o(.text)
    _ll_shift_l                              0x000005b9   Thumb Code     0  llshl.o(.text)
    __aeabi_llsr                             0x000005d7   Thumb Code    32  llushr.o(.text)
    _ll_ushift_r                             0x000005d7   Thumb Code     0  llushr.o(.text)
    PIN_Initialize                           0x000005f9   Thumb Code    62  utils.o(i.PIN_Initialize)
    SystemInit                               0x00000655   Thumb Code    22  system_mk64f12.o(i.SystemInit)
    init_data_bss                            0x00000671   Thumb Code    54  startup.o(i.init_data_bss)
    main                                     0x000006b9   Thumb Code   136  framework.o(i.main)
    Region$$Table$$Base                      0x0000074c   Number         0  anon$$obj.o(Region$$Table)
    Region$$Table$$Limit                     0x0000074c   Number         0  anon$$obj.o(Region$$Table)
    Image$$RW_m_data$$Base                   0x1fff0000   Number         0  anon$$obj.o ABSOLUTE
    Image$$ARM_LIB_STACK$$ZI$$Limit          0x20030000   Number         0  anon$$obj.o ABSOLUTE



==============================================================================

Memory Map of the image

  Image Entry point : 0x00000411

  Load Region LR_m_text (Base: 0x00000410, Size: 0x0000033c, Max: 0x000ffbf0, ABSOLUTE)

    Execution Region ER_m_text (Base: 0x00000410, Size: 0x0000033c, Max: 0x000ffbf0, ABSOLUTE)

    Base Addr    Size         Type   Attr      Idx    E Section Name        Object

    0x00000410   0x00000000   Code   RO          224  * .ARM.Collect$$$$00000000  mc_w.l(entry.o)
    0x00000410   0x00000004   Code   RO          233    .ARM.Collect$$$$00000003  mc_w.l(entry4.o)
    0x00000414   0x00000004   Code   RO          236    .ARM.Collect$$$$00000004  mc_w.l(entry5.o)
    0x00000418   0x00000000   Code   RO          238    .ARM.Collect$$$$00000008  mc_w.l(entry7b.o)
    0x00000418   0x00000000   Code   RO          240    .ARM.Collect$$$$0000000A  mc_w.l(entry8b.o)
    0x00000418   0x00000008   Code   RO          241    .ARM.Collect$$$$0000000B  mc_w.l(entry9a.o)
    0x00000420   0x00000000   Code   RO          243    .ARM.Collect$$$$0000000D  mc_w.l(entry10a.o)
    0x00000420   0x00000000   Code   RO          245    .ARM.Collect$$$$0000000F  mc_w.l(entry11a.o)
    0x00000420   0x00000004   Code   RO          234    .ARM.Collect$$$$00002714  mc_w.l(entry4.o)
    0x00000424   0x00000038   Code   RO          184    .text               startup_mk64f12.o
    0x0000045c   0x0000001a   Code   RO          227    .text               mf_w.l(dfltui.o)
    0x00000476   0x00000002   PAD
    0x00000478   0x00000030   Code   RO          229    .text               mf_w.l(cdcmple.o)
    0x000004a8   0x00000030   Code   RO          231    .text               mf_w.l(cdrcmple.o)
    0x000004d8   0x00000000   Code   RO          247    .text               mc_w.l(iusefp.o)
    0x000004d8   0x000000ba   Code   RO          248    .text               mf_w.l(depilogue.o)
    0x00000592   0x00000002   PAD
    0x00000594   0x00000024   Code   RO          250    .text               mc_w.l(init.o)
    0x000005b8   0x0000001e   Code   RO          252    .text               mc_w.l(llshl.o)
    0x000005d6   0x00000020   Code   RO          254    .text               mc_w.l(llushr.o)
    0x000005f6   0x00000002   PAD
    0x000005f8   0x0000005c   Code   RO           79    i.PIN_Initialize    utils.o
    0x00000654   0x0000001c   Code   RO          192    i.SystemInit        system_mk64f12.o
    0x00000670   0x00000048   Code   RO          157    i.init_data_bss     startup.o
    0x000006b8   0x00000094   Code   RO            7    i.main              framework.o
    0x0000074c   0x00000000   Data   RO          256    Region$$Table       anon$$obj.o


    Execution Region RW_m_data (Base: 0x1fff0000, Size: 0x00000000, Max: 0x00010000, ABSOLUTE)

    **** No section assigned to this execution region ****


    Execution Region ARM_LIB_HEAP (Base: 0x1fff0000, Size: 0x00000400, Max: 0x00000400, ABSOLUTE)

    Base Addr    Size         Type   Attr      Idx    E Section Name        Object

    0x1fff0000   0x00000400   Zero   RW            1    ARM_LIB_HEAP.bss    anon$$obj.o


    Execution Region RW_m_data_2 (Base: 0x20000000, Size: 0x00000000, Max: 0x0002f800, ABSOLUTE)

    **** No section assigned to this execution region ****


    Execution Region ARM_LIB_STACK (Base: 0x2002fc00, Size: 0x00000400, Max: 0x00000400, ABSOLUTE)

    Base Addr    Size         Type   Attr      Idx    E Section Name        Object

    0x2002fc00   0x00000400   Zero   RW            2    ARM_LIB_STACK.bss   anon$$obj.o



  Load Region LR_m_interrupts (Base: 0x00000000, Size: 0x00000400, Max: 0x00000400, ABSOLUTE)

    Execution Region VECTOR_RAM (Base: 0x00000000, Size: 0x00000000, Max: 0x00000000, ABSOLUTE)

    Base Addr    Size         Type   Attr      Idx    E Section Name        Object

    0x00000000   0x00000000   Zero   RW            3    VECTOR_RAM.bss      anon$$obj.o


    Execution Region VECTOR_ROM (Base: 0x00000000, Size: 0x00000400, Max: 0x00000400, ABSOLUTE)

    Base Addr    Size         Type   Attr      Idx    E Section Name        Object

    0x00000000   0x00000400   Data   RO          182    RESET               startup_mk64f12.o



  Load Region LR_m_flash_config (Base: 0x00000400, Size: 0x00000010, Max: 0x00000010, ABSOLUTE)

    Execution Region ER_m_flash_config (Base: 0x00000400, Size: 0x00000010, Max: 0x00000010, ABSOLUTE)

    Base Addr    Size         Type   Attr      Idx    E Section Name        Object

    0x00000400   0x00000010   Data   RO          183    FlashConfig         startup_mk64f12.o


==============================================================================

Image component sizes


      Code (inc. data)   RO Data    RW Data    ZI Data      Debug   Object Name

       148         12          0          0          0       4975   framework.o
        72         18          0          0          0        532   startup.o
        56         18       1040          0          0        800   startup_mk64f12.o
        28          6          0          0          0        445   system_mk64f12.o
        92         30          0          0          0        405   utils.o

    ----------------------------------------------------------------------
       396         84       1040          0       2048       7157   Object Totals
         0          0          0          0       2048          0   (incl. Generated)
         0          0          0          0          0          0   (incl. Padding)

    ----------------------------------------------------------------------

      Code (inc. data)   RO Data    RW Data    ZI Data      Debug   Library Member Name

         0          0          0          0          0          0   entry.o
         0          0          0          0          0          0   entry10a.o
         0          0          0          0          0          0   entry11a.o
         8          4          0          0          0          0   entry4.o
         4          0          0          0          0          0   entry5.o
         0          0          0          0          0          0   entry7b.o
         0          0          0          0          0          0   entry8b.o
         8          4          0          0          0          0   entry9a.o
        36          8          0          0          0         68   init.o
         0          0          0          0          0          0   iusefp.o
        30          0          0          0          0         68   llshl.o
        32          0          0          0          0         68   llushr.o
        48          0          0          0          0         68   cdcmple.o
        48          0          0          0          0         68   cdrcmple.o
       186          0          0          0          0        176   depilogue.o
        26          0          0          0          0         76   dfltui.o

    ----------------------------------------------------------------------
       432         16          0          0          0        592   Library Totals
         6          0          0          0          0          0   (incl. Padding)

    ----------------------------------------------------------------------

      Code (inc. data)   RO Data    RW Data    ZI Data      Debug   Library Name

       118         16          0          0          0        204   mc_w.l
       308          0          0          0          0        388   mf_w.l

    ----------------------------------------------------------------------
       432         16          0          0          0        592   Library Totals

    ----------------------------------------------------------------------

==============================================================================


      Code (inc. data)   RO Data    RW Data    ZI Data      Debug   

       828        100       1040          0       2048       7333   Grand Totals
       828        100       1040          0       2048       7333   ELF Image Totals
       828        100       1040          0          0          0   ROM Totals

==============================================================================

    Total RO  Size (Code + RO Data)                 1868 (   1.82kB)
    Total RW  Size (RW Data + ZI Data)              2048 (   2.00kB)
    Total ROM Size (Code + RO Data + RW Data)       1868 (   1.82kB)

==============================================================================

