<!doctype html public "-//w3c//dtd html 4.0 transitional//en">
<html><head>
<title>Static Call Graph - [.\Objects\SpaceInvaders.axf]</title></head>
<body><HR>
<H1>Static Call Graph for image .\Objects\SpaceInvaders.axf</H1><HR>
<BR><P>#&#060CALLGRAPH&#062# ARM Linker, 5060422: Last Updated: Thu May 18 08:31:21 2017
<BR><P>
<H3>Maximum Stack Usage =        368 bytes + Unknown(Cycles, Untraceable Function Pointers)</H3><H3>
Call chain for Maximum Stack Depth:</H3>
__rt_entry_main &rArr; main &rArr; debug_printf &rArr; _doprint &rArr; mkfloatnumstr &rArr; __hardfp_modf &rArr; __aeabi_dsub
<P>
<H3>
Mutually Recursive functions
</H3> <LI><a href="#[10]">NMI_Handler</a>&nbsp;&nbsp;&nbsp;&rArr;&nbsp;&nbsp;&nbsp;<a href="#[10]">NMI_Handler</a><BR>
 <LI><a href="#[11]">HardFault_Handler</a>&nbsp;&nbsp;&nbsp;&rArr;&nbsp;&nbsp;&nbsp;<a href="#[11]">HardFault_Handler</a><BR>
 <LI><a href="#[12]">MemManage_Handler</a>&nbsp;&nbsp;&nbsp;&rArr;&nbsp;&nbsp;&nbsp;<a href="#[12]">MemManage_Handler</a><BR>
 <LI><a href="#[13]">BusFault_Handler</a>&nbsp;&nbsp;&nbsp;&rArr;&nbsp;&nbsp;&nbsp;<a href="#[13]">BusFault_Handler</a><BR>
 <LI><a href="#[14]">UsageFault_Handler</a>&nbsp;&nbsp;&nbsp;&rArr;&nbsp;&nbsp;&nbsp;<a href="#[14]">UsageFault_Handler</a><BR>
 <LI><a href="#[15]">SVC_Handler</a>&nbsp;&nbsp;&nbsp;&rArr;&nbsp;&nbsp;&nbsp;<a href="#[15]">SVC_Handler</a><BR>
 <LI><a href="#[16]">DebugMon_Handler</a>&nbsp;&nbsp;&nbsp;&rArr;&nbsp;&nbsp;&nbsp;<a href="#[16]">DebugMon_Handler</a><BR>
 <LI><a href="#[17]">PendSV_Handler</a>&nbsp;&nbsp;&nbsp;&rArr;&nbsp;&nbsp;&nbsp;<a href="#[17]">PendSV_Handler</a><BR>
 <LI><a href="#[18]">SysTick_Handler</a>&nbsp;&nbsp;&nbsp;&rArr;&nbsp;&nbsp;&nbsp;<a href="#[18]">SysTick_Handler</a><BR>
</UL>
<P>
<H3>
Function Pointers
</H3><UL>
 <LI><a href="#[40]">ADC0_IRQHandler</a> from startup_mk64f12.o(.text) referenced from startup_mk64f12.o(RESET)
 <LI><a href="#[62]">ADC1_IRQHandler</a> from startup_mk64f12.o(.text) referenced from startup_mk64f12.o(RESET)
 <LI><a href="#[13]">BusFault_Handler</a> from startup_mk64f12.o(.text) referenced from startup_mk64f12.o(RESET)
 <LI><a href="#[65]">CAN0_Bus_Off_IRQHandler</a> from startup_mk64f12.o(.text) referenced from startup_mk64f12.o(RESET)
 <LI><a href="#[66]">CAN0_Error_IRQHandler</a> from startup_mk64f12.o(.text) referenced from startup_mk64f12.o(RESET)
 <LI><a href="#[64]">CAN0_ORed_Message_buffer_IRQHandler</a> from startup_mk64f12.o(.text) referenced from startup_mk64f12.o(RESET)
 <LI><a href="#[68]">CAN0_Rx_Warning_IRQHandler</a> from startup_mk64f12.o(.text) referenced from startup_mk64f12.o(RESET)
 <LI><a href="#[67]">CAN0_Tx_Warning_IRQHandler</a> from startup_mk64f12.o(.text) referenced from startup_mk64f12.o(RESET)
 <LI><a href="#[69]">CAN0_Wake_Up_IRQHandler</a> from startup_mk64f12.o(.text) referenced from startup_mk64f12.o(RESET)
 <LI><a href="#[b]">CLOCK_SYS_FllStableDelay</a> from fsl_clock_mk64f12.o(i.CLOCK_SYS_FllStableDelay) referenced from fsl_clock_mk64f12.o(i.CLOCK_SYS_SetConfiguration)
 <LI><a href="#[41]">CMP0_IRQHandler</a> from startup_mk64f12.o(.text) referenced from startup_mk64f12.o(RESET)
 <LI><a href="#[42]">CMP1_IRQHandler</a> from startup_mk64f12.o(.text) referenced from startup_mk64f12.o(RESET)
 <LI><a href="#[5f]">CMP2_IRQHandler</a> from startup_mk64f12.o(.text) referenced from startup_mk64f12.o(RESET)
 <LI><a href="#[46]">CMT_IRQHandler</a> from startup_mk64f12.o(.text) referenced from startup_mk64f12.o(RESET)
 <LI><a href="#[51]">DAC0_IRQHandler</a> from startup_mk64f12.o(.text) referenced from startup_mk64f12.o(RESET)
 <LI><a href="#[61]">DAC1_IRQHandler</a> from startup_mk64f12.o(.text) referenced from startup_mk64f12.o(RESET)
 <LI><a href="#[19]">DMA0_IRQHandler</a> from startup_mk64f12.o(.text) referenced from startup_mk64f12.o(RESET)
 <LI><a href="#[23]">DMA10_IRQHandler</a> from startup_mk64f12.o(.text) referenced from startup_mk64f12.o(RESET)
 <LI><a href="#[24]">DMA11_IRQHandler</a> from startup_mk64f12.o(.text) referenced from startup_mk64f12.o(RESET)
 <LI><a href="#[25]">DMA12_IRQHandler</a> from startup_mk64f12.o(.text) referenced from startup_mk64f12.o(RESET)
 <LI><a href="#[26]">DMA13_IRQHandler</a> from startup_mk64f12.o(.text) referenced from startup_mk64f12.o(RESET)
 <LI><a href="#[27]">DMA14_IRQHandler</a> from startup_mk64f12.o(.text) referenced from startup_mk64f12.o(RESET)
 <LI><a href="#[28]">DMA15_IRQHandler</a> from startup_mk64f12.o(.text) referenced from startup_mk64f12.o(RESET)
 <LI><a href="#[1a]">DMA1_IRQHandler</a> from startup_mk64f12.o(.text) referenced from startup_mk64f12.o(RESET)
 <LI><a href="#[1b]">DMA2_IRQHandler</a> from startup_mk64f12.o(.text) referenced from startup_mk64f12.o(RESET)
 <LI><a href="#[1c]">DMA3_IRQHandler</a> from startup_mk64f12.o(.text) referenced from startup_mk64f12.o(RESET)
 <LI><a href="#[1d]">DMA4_IRQHandler</a> from startup_mk64f12.o(.text) referenced from startup_mk64f12.o(RESET)
 <LI><a href="#[1e]">DMA5_IRQHandler</a> from startup_mk64f12.o(.text) referenced from startup_mk64f12.o(RESET)
 <LI><a href="#[1f]">DMA6_IRQHandler</a> from startup_mk64f12.o(.text) referenced from startup_mk64f12.o(RESET)
 <LI><a href="#[20]">DMA7_IRQHandler</a> from startup_mk64f12.o(.text) referenced from startup_mk64f12.o(RESET)
 <LI><a href="#[21]">DMA8_IRQHandler</a> from startup_mk64f12.o(.text) referenced from startup_mk64f12.o(RESET)
 <LI><a href="#[22]">DMA9_IRQHandler</a> from startup_mk64f12.o(.text) referenced from startup_mk64f12.o(RESET)
 <LI><a href="#[29]">DMA_Error_IRQHandler</a> from startup_mk64f12.o(.text) referenced from startup_mk64f12.o(RESET)
 <LI><a href="#[16]">DebugMon_Handler</a> from startup_mk64f12.o(.text) referenced from startup_mk64f12.o(RESET)
 <LI><a href="#[6f]">DefaultISR</a> from startup_mk64f12.o(.text) referenced 153 times from startup_mk64f12.o(RESET)
 <LI><a href="#[6b]">ENET_1588_Timer_IRQHandler</a> from startup_mk64f12.o(.text) referenced from startup_mk64f12.o(RESET)
 <LI><a href="#[6e]">ENET_Error_IRQHandler</a> from startup_mk64f12.o(.text) referenced from startup_mk64f12.o(RESET)
 <LI><a href="#[6d]">ENET_Receive_IRQHandler</a> from startup_mk64f12.o(.text) referenced from startup_mk64f12.o(RESET)
 <LI><a href="#[6c]">ENET_Transmit_IRQHandler</a> from startup_mk64f12.o(.text) referenced from startup_mk64f12.o(RESET)
 <LI><a href="#[2b]">FTFE_IRQHandler</a> from startup_mk64f12.o(.text) referenced from startup_mk64f12.o(RESET)
 <LI><a href="#[43]">FTM0_IRQHandler</a> from startup_mk64f12.o(.text) referenced from startup_mk64f12.o(RESET)
 <LI><a href="#[44]">FTM1_IRQHandler</a> from startup_mk64f12.o(.text) referenced from startup_mk64f12.o(RESET)
 <LI><a href="#[45]">FTM2_IRQHandler</a> from startup_mk64f12.o(.text) referenced from startup_mk64f12.o(RESET)
 <LI><a href="#[60]">FTM3_IRQHandler</a> from startup_mk64f12.o(.text) referenced from startup_mk64f12.o(RESET)
 <LI><a href="#[11]">HardFault_Handler</a> from startup_mk64f12.o(.text) referenced from startup_mk64f12.o(RESET)
 <LI><a href="#[31]">I2C0_IRQHandler</a> from startup_mk64f12.o(.text) referenced from startup_mk64f12.o(RESET)
 <LI><a href="#[32]">I2C1_IRQHandler</a> from startup_mk64f12.o(.text) referenced from startup_mk64f12.o(RESET)
 <LI><a href="#[63]">I2C2_IRQHandler</a> from startup_mk64f12.o(.text) referenced from startup_mk64f12.o(RESET)
 <LI><a href="#[36]">I2S0_Rx_IRQHandler</a> from startup_mk64f12.o(.text) referenced from startup_mk64f12.o(RESET)
 <LI><a href="#[35]">I2S0_Tx_IRQHandler</a> from startup_mk64f12.o(.text) referenced from startup_mk64f12.o(RESET)
 <LI><a href="#[2e]">LLWU_IRQHandler</a> from startup_mk64f12.o(.text) referenced from startup_mk64f12.o(RESET)
 <LI><a href="#[53]">LPTMR0_IRQHandler</a> from startup_mk64f12.o(.text) referenced from startup_mk64f12.o(RESET)
 <LI><a href="#[2d]">LVD_LVW_IRQHandler</a> from startup_mk64f12.o(.text) referenced from startup_mk64f12.o(RESET)
 <LI><a href="#[52]">MCG_IRQHandler</a> from startup_mk64f12.o(.text) referenced from startup_mk64f12.o(RESET)
 <LI><a href="#[2a]">MCM_IRQHandler</a> from startup_mk64f12.o(.text) referenced from startup_mk64f12.o(RESET)
 <LI><a href="#[12]">MemManage_Handler</a> from startup_mk64f12.o(.text) referenced from startup_mk64f12.o(RESET)
 <LI><a href="#[10]">NMI_Handler</a> from startup_mk64f12.o(.text) referenced from startup_mk64f12.o(RESET)
 <LI><a href="#[4d]">PDB0_IRQHandler</a> from startup_mk64f12.o(.text) referenced from startup_mk64f12.o(RESET)
 <LI><a href="#[49]">PIT0_IRQHandler</a> from startup_mk64f12.o(.text) referenced from startup_mk64f12.o(RESET)
 <LI><a href="#[4a]">PIT1_IRQHandler</a> from startup_mk64f12.o(.text) referenced from startup_mk64f12.o(RESET)
 <LI><a href="#[4b]">PIT2_IRQHandler</a> from startup_mk64f12.o(.text) referenced from startup_mk64f12.o(RESET)
 <LI><a href="#[4c]">PIT3_IRQHandler</a> from startup_mk64f12.o(.text) referenced from startup_mk64f12.o(RESET)
 <LI><a href="#[54]">PORTA_IRQHandler</a> from startup_mk64f12.o(.text) referenced from startup_mk64f12.o(RESET)
 <LI><a href="#[55]">PORTB_IRQHandler</a> from startup_mk64f12.o(.text) referenced from startup_mk64f12.o(RESET)
 <LI><a href="#[56]">PORTC_IRQHandler</a> from startup_mk64f12.o(.text) referenced from startup_mk64f12.o(RESET)
 <LI><a href="#[57]">PORTD_IRQHandler</a> from startup_mk64f12.o(.text) referenced from startup_mk64f12.o(RESET)
 <LI><a href="#[58]">PORTE_IRQHandler</a> from startup_mk64f12.o(.text) referenced from startup_mk64f12.o(RESET)
 <LI><a href="#[17]">PendSV_Handler</a> from startup_mk64f12.o(.text) referenced from startup_mk64f12.o(RESET)
 <LI><a href="#[30]">RNG_IRQHandler</a> from startup_mk64f12.o(.text) referenced from startup_mk64f12.o(RESET)
 <LI><a href="#[47]">RTC_IRQHandler</a> from startup_mk64f12.o(.text) referenced from startup_mk64f12.o(RESET)
 <LI><a href="#[48]">RTC_Seconds_IRQHandler</a> from startup_mk64f12.o(.text) referenced from startup_mk64f12.o(RESET)
 <LI><a href="#[2c]">Read_Collision_IRQHandler</a> from startup_mk64f12.o(.text) referenced from startup_mk64f12.o(RESET)
 <LI><a href="#[50]">Reserved71_IRQHandler</a> from startup_mk64f12.o(.text) referenced from startup_mk64f12.o(RESET)
 <LI><a href="#[f]">Reset_Handler</a> from startup_mk64f12.o(.text) referenced from startup_mk64f12.o(RESET)
 <LI><a href="#[6a]">SDHC_IRQHandler</a> from startup_mk64f12.o(.text) referenced from startup_mk64f12.o(RESET)
 <LI><a href="#[33]">SPI0_IRQHandler</a> from startup_mk64f12.o(.text) referenced from startup_mk64f12.o(RESET)
 <LI><a href="#[34]">SPI1_IRQHandler</a> from startup_mk64f12.o(.text) referenced from startup_mk64f12.o(RESET)
 <LI><a href="#[5a]">SPI2_IRQHandler</a> from startup_mk64f12.o(.text) referenced from startup_mk64f12.o(RESET)
 <LI><a href="#[15]">SVC_Handler</a> from startup_mk64f12.o(.text) referenced from startup_mk64f12.o(RESET)
 <LI><a href="#[59]">SWI_IRQHandler</a> from startup_mk64f12.o(.text) referenced from startup_mk64f12.o(RESET)
 <LI><a href="#[18]">SysTick_Handler</a> from startup_mk64f12.o(.text) referenced from startup_mk64f12.o(RESET)
 <LI><a href="#[8]">SystemInit</a> from system_mk64f12.o(i.SystemInit) referenced from startup_mk64f12.o(.text)
 <LI><a href="#[39]">UART0_ERR_IRQHandler</a> from startup_mk64f12.o(.text) referenced from startup_mk64f12.o(RESET)
 <LI><a href="#[37]">UART0_LON_IRQHandler</a> from startup_mk64f12.o(.text) referenced from startup_mk64f12.o(RESET)
 <LI><a href="#[38]">UART0_RX_TX_IRQHandler</a> from startup_mk64f12.o(.text) referenced from startup_mk64f12.o(RESET)
 <LI><a href="#[3b]">UART1_ERR_IRQHandler</a> from startup_mk64f12.o(.text) referenced from startup_mk64f12.o(RESET)
 <LI><a href="#[3a]">UART1_RX_TX_IRQHandler</a> from startup_mk64f12.o(.text) referenced from startup_mk64f12.o(RESET)
 <LI><a href="#[3d]">UART2_ERR_IRQHandler</a> from startup_mk64f12.o(.text) referenced from startup_mk64f12.o(RESET)
 <LI><a href="#[3c]">UART2_RX_TX_IRQHandler</a> from startup_mk64f12.o(.text) referenced from startup_mk64f12.o(RESET)
 <LI><a href="#[3f]">UART3_ERR_IRQHandler</a> from startup_mk64f12.o(.text) referenced from startup_mk64f12.o(RESET)
 <LI><a href="#[3e]">UART3_RX_TX_IRQHandler</a> from startup_mk64f12.o(.text) referenced from startup_mk64f12.o(RESET)
 <LI><a href="#[5c]">UART4_ERR_IRQHandler</a> from startup_mk64f12.o(.text) referenced from startup_mk64f12.o(RESET)
 <LI><a href="#[5b]">UART4_RX_TX_IRQHandler</a> from startup_mk64f12.o(.text) referenced from startup_mk64f12.o(RESET)
 <LI><a href="#[5e]">UART5_ERR_IRQHandler</a> from startup_mk64f12.o(.text) referenced from startup_mk64f12.o(RESET)
 <LI><a href="#[5d]">UART5_RX_TX_IRQHandler</a> from startup_mk64f12.o(.text) referenced from startup_mk64f12.o(RESET)
 <LI><a href="#[d]">UART_HAL_ReceiveDataPolling</a> from fsl_uart_hal.o(i.UART_HAL_ReceiveDataPolling) referenced from fsl_debug_console.o(i.DbgConsole_Init)
 <LI><a href="#[c]">UART_HAL_SendDataPolling</a> from fsl_uart_hal.o(i.UART_HAL_SendDataPolling) referenced from fsl_debug_console.o(i.DbgConsole_Init)
 <LI><a href="#[4e]">USB0_IRQHandler</a> from startup_mk64f12.o(.text) referenced from startup_mk64f12.o(RESET)
 <LI><a href="#[4f]">USBDCD_IRQHandler</a> from startup_mk64f12.o(.text) referenced from startup_mk64f12.o(RESET)
 <LI><a href="#[14]">UsageFault_Handler</a> from startup_mk64f12.o(.text) referenced from startup_mk64f12.o(RESET)
 <LI><a href="#[2f]">WDOG_EWM_IRQHandler</a> from startup_mk64f12.o(.text) referenced from startup_mk64f12.o(RESET)
 <LI><a href="#[70]">__main</a> from __main.o(!!!main) referenced from startup_mk64f12.o(.text)
 <LI><a href="#[e]">debug_putc</a> from fsl_debug_console.o(i.debug_putc) referenced from fsl_debug_console.o(i.debug_printf)
 <LI><a href="#[9]">init_data_bss</a> from startup.o(i.init_data_bss) referenced from startup_mk64f12.o(.text)
</UL>
<P>
<H3>
Global Symbols
</H3>
<P><STRONG><a name="[70]"></a>__main</STRONG> (Thumb, 8 bytes, Stack size 0 bytes, __main.o(!!!main))
<BR><BR>[Calls]<UL><LI><a href="#[71]">&gt;&gt;</a>&nbsp;&nbsp;&nbsp;__scatterload
<LI><a href="#[72]">&gt;&gt;</a>&nbsp;&nbsp;&nbsp;__rt_entry
</UL>

<P><STRONG><a name="[71]"></a>__scatterload</STRONG> (Thumb, 0 bytes, Stack size unknown bytes, __scatter.o(!!!scatter))
<BR><BR>[Called By]<UL><LI><a href="#[70]">&gt;&gt;</a>&nbsp;&nbsp;&nbsp;__main
</UL>

<P><STRONG><a name="[73]"></a>__scatterload_rt2</STRONG> (Thumb, 44 bytes, Stack size unknown bytes, __scatter.o(!!!scatter), UNUSED)
<BR><BR>[Calls]<UL><LI><a href="#[72]">&gt;&gt;</a>&nbsp;&nbsp;&nbsp;__rt_entry
</UL>

<P><STRONG><a name="[e9]"></a>__scatterload_rt2_thumb_only</STRONG> (Thumb, 0 bytes, Stack size unknown bytes, __scatter.o(!!!scatter), UNUSED)

<P><STRONG><a name="[ea]"></a>__scatterload_null</STRONG> (Thumb, 0 bytes, Stack size unknown bytes, __scatter.o(!!!scatter), UNUSED)

<P><STRONG><a name="[74]"></a>__scatterload_copy</STRONG> (Thumb, 26 bytes, Stack size unknown bytes, __scatter_copy.o(!!handler_copy), UNUSED)
<BR><BR>[Calls]<UL><LI><a href="#[74]">&gt;&gt;</a>&nbsp;&nbsp;&nbsp;__scatterload_copy
</UL>
<BR>[Called By]<UL><LI><a href="#[74]">&gt;&gt;</a>&nbsp;&nbsp;&nbsp;__scatterload_copy
</UL>

<P><STRONG><a name="[eb]"></a>__scatterload_zeroinit</STRONG> (Thumb, 28 bytes, Stack size unknown bytes, __scatter_zi.o(!!handler_zi), UNUSED)

<P><STRONG><a name="[78]"></a>__rt_lib_init</STRONG> (Thumb, 0 bytes, Stack size unknown bytes, libinit.o(.ARM.Collect$$libinit$$00000000))
<BR><BR>[Called By]<UL><LI><a href="#[77]">&gt;&gt;</a>&nbsp;&nbsp;&nbsp;__rt_entry_li
</UL>

<P><STRONG><a name="[75]"></a>__rt_lib_init_fp_1</STRONG> (Thumb, 0 bytes, Stack size unknown bytes, libinit2.o(.ARM.Collect$$libinit$$00000001))
<BR><BR>[Calls]<UL><LI><a href="#[76]">&gt;&gt;</a>&nbsp;&nbsp;&nbsp;_fp_init
</UL>

<P><STRONG><a name="[ec]"></a>__rt_lib_init_alloca_1</STRONG> (Thumb, 0 bytes, Stack size unknown bytes, libinit2.o(.ARM.Collect$$libinit$$0000002E))

<P><STRONG><a name="[ed]"></a>__rt_lib_init_argv_1</STRONG> (Thumb, 0 bytes, Stack size unknown bytes, libinit2.o(.ARM.Collect$$libinit$$0000002C))

<P><STRONG><a name="[ee]"></a>__rt_lib_init_atexit_1</STRONG> (Thumb, 0 bytes, Stack size unknown bytes, libinit2.o(.ARM.Collect$$libinit$$0000001B))

<P><STRONG><a name="[ef]"></a>__rt_lib_init_clock_1</STRONG> (Thumb, 0 bytes, Stack size unknown bytes, libinit2.o(.ARM.Collect$$libinit$$00000021))

<P><STRONG><a name="[f0]"></a>__rt_lib_init_cpp_1</STRONG> (Thumb, 0 bytes, Stack size unknown bytes, libinit2.o(.ARM.Collect$$libinit$$00000032))

<P><STRONG><a name="[f1]"></a>__rt_lib_init_exceptions_1</STRONG> (Thumb, 0 bytes, Stack size unknown bytes, libinit2.o(.ARM.Collect$$libinit$$00000030))

<P><STRONG><a name="[f2]"></a>__rt_lib_init_fp_trap_1</STRONG> (Thumb, 0 bytes, Stack size unknown bytes, libinit2.o(.ARM.Collect$$libinit$$0000001F))

<P><STRONG><a name="[f3]"></a>__rt_lib_init_getenv_1</STRONG> (Thumb, 0 bytes, Stack size unknown bytes, libinit2.o(.ARM.Collect$$libinit$$00000023))

<P><STRONG><a name="[f4]"></a>__rt_lib_init_heap_1</STRONG> (Thumb, 0 bytes, Stack size unknown bytes, libinit2.o(.ARM.Collect$$libinit$$0000000A))

<P><STRONG><a name="[f5]"></a>__rt_lib_init_lc_collate_1</STRONG> (Thumb, 0 bytes, Stack size unknown bytes, libinit2.o(.ARM.Collect$$libinit$$00000011))

<P><STRONG><a name="[f6]"></a>__rt_lib_init_lc_ctype_1</STRONG> (Thumb, 0 bytes, Stack size unknown bytes, libinit2.o(.ARM.Collect$$libinit$$00000013))

<P><STRONG><a name="[f7]"></a>__rt_lib_init_lc_monetary_1</STRONG> (Thumb, 0 bytes, Stack size unknown bytes, libinit2.o(.ARM.Collect$$libinit$$00000015))

<P><STRONG><a name="[f8]"></a>__rt_lib_init_lc_numeric_1</STRONG> (Thumb, 0 bytes, Stack size unknown bytes, libinit2.o(.ARM.Collect$$libinit$$00000017))

<P><STRONG><a name="[f9]"></a>__rt_lib_init_lc_time_1</STRONG> (Thumb, 0 bytes, Stack size unknown bytes, libinit2.o(.ARM.Collect$$libinit$$00000019))

<P><STRONG><a name="[fa]"></a>__rt_lib_init_preinit_1</STRONG> (Thumb, 0 bytes, Stack size unknown bytes, libinit2.o(.ARM.Collect$$libinit$$00000004))

<P><STRONG><a name="[fb]"></a>__rt_lib_init_rand_1</STRONG> (Thumb, 0 bytes, Stack size unknown bytes, libinit2.o(.ARM.Collect$$libinit$$0000000E))

<P><STRONG><a name="[fc]"></a>__rt_lib_init_return</STRONG> (Thumb, 0 bytes, Stack size unknown bytes, libinit2.o(.ARM.Collect$$libinit$$00000033))

<P><STRONG><a name="[fd]"></a>__rt_lib_init_signal_1</STRONG> (Thumb, 0 bytes, Stack size unknown bytes, libinit2.o(.ARM.Collect$$libinit$$0000001D))

<P><STRONG><a name="[fe]"></a>__rt_lib_init_stdio_1</STRONG> (Thumb, 0 bytes, Stack size unknown bytes, libinit2.o(.ARM.Collect$$libinit$$00000025))

<P><STRONG><a name="[ff]"></a>__rt_lib_init_user_alloc_1</STRONG> (Thumb, 0 bytes, Stack size unknown bytes, libinit2.o(.ARM.Collect$$libinit$$0000000C))

<P><STRONG><a name="[7d]"></a>__rt_lib_shutdown</STRONG> (Thumb, 0 bytes, Stack size unknown bytes, libshutdown.o(.ARM.Collect$$libshutdown$$00000000))
<BR><BR>[Called By]<UL><LI><a href="#[7c]">&gt;&gt;</a>&nbsp;&nbsp;&nbsp;__rt_exit_ls
<LI><a href="#[82]">&gt;&gt;</a>&nbsp;&nbsp;&nbsp;abort
</UL>

<P><STRONG><a name="[100]"></a>__rt_lib_shutdown_cpp_1</STRONG> (Thumb, 0 bytes, Stack size unknown bytes, libshutdown2.o(.ARM.Collect$$libshutdown$$00000002))

<P><STRONG><a name="[101]"></a>__rt_lib_shutdown_fp_trap_1</STRONG> (Thumb, 0 bytes, Stack size unknown bytes, libshutdown2.o(.ARM.Collect$$libshutdown$$00000007))

<P><STRONG><a name="[102]"></a>__rt_lib_shutdown_heap_1</STRONG> (Thumb, 0 bytes, Stack size unknown bytes, libshutdown2.o(.ARM.Collect$$libshutdown$$0000000F))

<P><STRONG><a name="[103]"></a>__rt_lib_shutdown_return</STRONG> (Thumb, 0 bytes, Stack size unknown bytes, libshutdown2.o(.ARM.Collect$$libshutdown$$00000010))

<P><STRONG><a name="[104]"></a>__rt_lib_shutdown_signal_1</STRONG> (Thumb, 0 bytes, Stack size unknown bytes, libshutdown2.o(.ARM.Collect$$libshutdown$$0000000A))

<P><STRONG><a name="[105]"></a>__rt_lib_shutdown_stdio_1</STRONG> (Thumb, 0 bytes, Stack size unknown bytes, libshutdown2.o(.ARM.Collect$$libshutdown$$00000004))

<P><STRONG><a name="[106]"></a>__rt_lib_shutdown_user_alloc_1</STRONG> (Thumb, 0 bytes, Stack size unknown bytes, libshutdown2.o(.ARM.Collect$$libshutdown$$0000000C))

<P><STRONG><a name="[72]"></a>__rt_entry</STRONG> (Thumb, 0 bytes, Stack size unknown bytes, __rtentry.o(.ARM.Collect$$rtentry$$00000000))
<BR><BR>[Called By]<UL><LI><a href="#[73]">&gt;&gt;</a>&nbsp;&nbsp;&nbsp;__scatterload_rt2
<LI><a href="#[70]">&gt;&gt;</a>&nbsp;&nbsp;&nbsp;__main
</UL>

<P><STRONG><a name="[107]"></a>__rt_entry_presh_1</STRONG> (Thumb, 0 bytes, Stack size unknown bytes, __rtentry2.o(.ARM.Collect$$rtentry$$00000002))

<P><STRONG><a name="[108]"></a>__rt_entry_sh</STRONG> (Thumb, 0 bytes, Stack size unknown bytes, __rtentry7.o(.ARM.Collect$$rtentry$$00000007))

<P><STRONG><a name="[77]"></a>__rt_entry_li</STRONG> (Thumb, 0 bytes, Stack size unknown bytes, __rtentry2.o(.ARM.Collect$$rtentry$$0000000A))
<BR><BR>[Calls]<UL><LI><a href="#[78]">&gt;&gt;</a>&nbsp;&nbsp;&nbsp;__rt_lib_init
</UL>

<P><STRONG><a name="[109]"></a>__rt_entry_postsh_1</STRONG> (Thumb, 0 bytes, Stack size unknown bytes, __rtentry2.o(.ARM.Collect$$rtentry$$00000009))

<P><STRONG><a name="[79]"></a>__rt_entry_main</STRONG> (Thumb, 0 bytes, Stack size unknown bytes, __rtentry2.o(.ARM.Collect$$rtentry$$0000000D))
<BR><BR>[Stack]<UL><LI>Max Depth = 368 + Unknown Stack Size
<LI>Call Chain = __rt_entry_main &rArr; main &rArr; debug_printf &rArr; _doprint &rArr; mkfloatnumstr &rArr; __hardfp_modf &rArr; __aeabi_dsub
</UL>
<BR>[Calls]<UL><LI><a href="#[7a]">&gt;&gt;</a>&nbsp;&nbsp;&nbsp;main
<LI><a href="#[7b]">&gt;&gt;</a>&nbsp;&nbsp;&nbsp;exit
</UL>

<P><STRONG><a name="[10a]"></a>__rt_entry_postli_1</STRONG> (Thumb, 0 bytes, Stack size unknown bytes, __rtentry2.o(.ARM.Collect$$rtentry$$0000000C))

<P><STRONG><a name="[87]"></a>__rt_exit</STRONG> (Thumb, 0 bytes, Stack size unknown bytes, rtexit.o(.ARM.Collect$$rtexit$$00000000))
<BR><BR>[Called By]<UL><LI><a href="#[7b]">&gt;&gt;</a>&nbsp;&nbsp;&nbsp;exit
</UL>

<P><STRONG><a name="[7c]"></a>__rt_exit_ls</STRONG> (Thumb, 0 bytes, Stack size unknown bytes, rtexit2.o(.ARM.Collect$$rtexit$$00000003))
<BR><BR>[Calls]<UL><LI><a href="#[7d]">&gt;&gt;</a>&nbsp;&nbsp;&nbsp;__rt_lib_shutdown
</UL>

<P><STRONG><a name="[10b]"></a>__rt_exit_prels_1</STRONG> (Thumb, 0 bytes, Stack size unknown bytes, rtexit2.o(.ARM.Collect$$rtexit$$00000002))

<P><STRONG><a name="[7e]"></a>__rt_exit_exit</STRONG> (Thumb, 0 bytes, Stack size unknown bytes, rtexit2.o(.ARM.Collect$$rtexit$$00000004))
<BR><BR>[Calls]<UL><LI><a href="#[7f]">&gt;&gt;</a>&nbsp;&nbsp;&nbsp;_sys_exit
</UL>

<P><STRONG><a name="[f]"></a>Reset_Handler</STRONG> (Thumb, 18 bytes, Stack size 0 bytes, startup_mk64f12.o(.text))
<BR>[Address Reference Count : 1]<UL><LI> startup_mk64f12.o(RESET)
</UL>
<P><STRONG><a name="[10]"></a>NMI_Handler</STRONG> (Thumb, 2 bytes, Stack size 0 bytes, startup_mk64f12.o(.text))
<BR><BR>[Calls]<UL><LI><a href="#[10]">&gt;&gt;</a>&nbsp;&nbsp;&nbsp;NMI_Handler
</UL>
<BR>[Called By]<UL><LI><a href="#[10]">&gt;&gt;</a>&nbsp;&nbsp;&nbsp;NMI_Handler
</UL>
<BR>[Address Reference Count : 1]<UL><LI> startup_mk64f12.o(RESET)
</UL>
<P><STRONG><a name="[11]"></a>HardFault_Handler</STRONG> (Thumb, 2 bytes, Stack size 0 bytes, startup_mk64f12.o(.text))
<BR><BR>[Calls]<UL><LI><a href="#[11]">&gt;&gt;</a>&nbsp;&nbsp;&nbsp;HardFault_Handler
</UL>
<BR>[Called By]<UL><LI><a href="#[11]">&gt;&gt;</a>&nbsp;&nbsp;&nbsp;HardFault_Handler
</UL>
<BR>[Address Reference Count : 1]<UL><LI> startup_mk64f12.o(RESET)
</UL>
<P><STRONG><a name="[12]"></a>MemManage_Handler</STRONG> (Thumb, 2 bytes, Stack size 0 bytes, startup_mk64f12.o(.text))
<BR><BR>[Calls]<UL><LI><a href="#[12]">&gt;&gt;</a>&nbsp;&nbsp;&nbsp;MemManage_Handler
</UL>
<BR>[Called By]<UL><LI><a href="#[12]">&gt;&gt;</a>&nbsp;&nbsp;&nbsp;MemManage_Handler
</UL>
<BR>[Address Reference Count : 1]<UL><LI> startup_mk64f12.o(RESET)
</UL>
<P><STRONG><a name="[13]"></a>BusFault_Handler</STRONG> (Thumb, 2 bytes, Stack size 0 bytes, startup_mk64f12.o(.text))
<BR><BR>[Calls]<UL><LI><a href="#[13]">&gt;&gt;</a>&nbsp;&nbsp;&nbsp;BusFault_Handler
</UL>
<BR>[Called By]<UL><LI><a href="#[13]">&gt;&gt;</a>&nbsp;&nbsp;&nbsp;BusFault_Handler
</UL>
<BR>[Address Reference Count : 1]<UL><LI> startup_mk64f12.o(RESET)
</UL>
<P><STRONG><a name="[14]"></a>UsageFault_Handler</STRONG> (Thumb, 2 bytes, Stack size 0 bytes, startup_mk64f12.o(.text))
<BR><BR>[Calls]<UL><LI><a href="#[14]">&gt;&gt;</a>&nbsp;&nbsp;&nbsp;UsageFault_Handler
</UL>
<BR>[Called By]<UL><LI><a href="#[14]">&gt;&gt;</a>&nbsp;&nbsp;&nbsp;UsageFault_Handler
</UL>
<BR>[Address Reference Count : 1]<UL><LI> startup_mk64f12.o(RESET)
</UL>
<P><STRONG><a name="[15]"></a>SVC_Handler</STRONG> (Thumb, 2 bytes, Stack size 0 bytes, startup_mk64f12.o(.text))
<BR><BR>[Calls]<UL><LI><a href="#[15]">&gt;&gt;</a>&nbsp;&nbsp;&nbsp;SVC_Handler
</UL>
<BR>[Called By]<UL><LI><a href="#[15]">&gt;&gt;</a>&nbsp;&nbsp;&nbsp;SVC_Handler
</UL>
<BR>[Address Reference Count : 1]<UL><LI> startup_mk64f12.o(RESET)
</UL>
<P><STRONG><a name="[16]"></a>DebugMon_Handler</STRONG> (Thumb, 2 bytes, Stack size 0 bytes, startup_mk64f12.o(.text))
<BR><BR>[Calls]<UL><LI><a href="#[16]">&gt;&gt;</a>&nbsp;&nbsp;&nbsp;DebugMon_Handler
</UL>
<BR>[Called By]<UL><LI><a href="#[16]">&gt;&gt;</a>&nbsp;&nbsp;&nbsp;DebugMon_Handler
</UL>
<BR>[Address Reference Count : 1]<UL><LI> startup_mk64f12.o(RESET)
</UL>
<P><STRONG><a name="[17]"></a>PendSV_Handler</STRONG> (Thumb, 2 bytes, Stack size 0 bytes, startup_mk64f12.o(.text))
<BR><BR>[Calls]<UL><LI><a href="#[17]">&gt;&gt;</a>&nbsp;&nbsp;&nbsp;PendSV_Handler
</UL>
<BR>[Called By]<UL><LI><a href="#[17]">&gt;&gt;</a>&nbsp;&nbsp;&nbsp;PendSV_Handler
</UL>
<BR>[Address Reference Count : 1]<UL><LI> startup_mk64f12.o(RESET)
</UL>
<P><STRONG><a name="[18]"></a>SysTick_Handler</STRONG> (Thumb, 2 bytes, Stack size 0 bytes, startup_mk64f12.o(.text))
<BR><BR>[Calls]<UL><LI><a href="#[18]">&gt;&gt;</a>&nbsp;&nbsp;&nbsp;SysTick_Handler
</UL>
<BR>[Called By]<UL><LI><a href="#[18]">&gt;&gt;</a>&nbsp;&nbsp;&nbsp;SysTick_Handler
</UL>
<BR>[Address Reference Count : 1]<UL><LI> startup_mk64f12.o(RESET)
</UL>
<P><STRONG><a name="[40]"></a>ADC0_IRQHandler</STRONG> (Thumb, 0 bytes, Stack size 0 bytes, startup_mk64f12.o(.text))
<BR><BR>[Calls]<UL><LI><a href="#[6f]">&gt;&gt;</a>&nbsp;&nbsp;&nbsp;DefaultISR
</UL>
<BR>[Address Reference Count : 1]<UL><LI> startup_mk64f12.o(RESET)
</UL>
<P><STRONG><a name="[62]"></a>ADC1_IRQHandler</STRONG> (Thumb, 0 bytes, Stack size 0 bytes, startup_mk64f12.o(.text))
<BR>[Address Reference Count : 1]<UL><LI> startup_mk64f12.o(RESET)
</UL>
<P><STRONG><a name="[65]"></a>CAN0_Bus_Off_IRQHandler</STRONG> (Thumb, 0 bytes, Stack size 0 bytes, startup_mk64f12.o(.text))
<BR>[Address Reference Count : 1]<UL><LI> startup_mk64f12.o(RESET)
</UL>
<P><STRONG><a name="[66]"></a>CAN0_Error_IRQHandler</STRONG> (Thumb, 0 bytes, Stack size 0 bytes, startup_mk64f12.o(.text))
<BR>[Address Reference Count : 1]<UL><LI> startup_mk64f12.o(RESET)
</UL>
<P><STRONG><a name="[64]"></a>CAN0_ORed_Message_buffer_IRQHandler</STRONG> (Thumb, 0 bytes, Stack size 0 bytes, startup_mk64f12.o(.text))
<BR>[Address Reference Count : 1]<UL><LI> startup_mk64f12.o(RESET)
</UL>
<P><STRONG><a name="[68]"></a>CAN0_Rx_Warning_IRQHandler</STRONG> (Thumb, 0 bytes, Stack size 0 bytes, startup_mk64f12.o(.text))
<BR>[Address Reference Count : 1]<UL><LI> startup_mk64f12.o(RESET)
</UL>
<P><STRONG><a name="[67]"></a>CAN0_Tx_Warning_IRQHandler</STRONG> (Thumb, 0 bytes, Stack size 0 bytes, startup_mk64f12.o(.text))
<BR>[Address Reference Count : 1]<UL><LI> startup_mk64f12.o(RESET)
</UL>
<P><STRONG><a name="[69]"></a>CAN0_Wake_Up_IRQHandler</STRONG> (Thumb, 0 bytes, Stack size 0 bytes, startup_mk64f12.o(.text))
<BR>[Address Reference Count : 1]<UL><LI> startup_mk64f12.o(RESET)
</UL>
<P><STRONG><a name="[41]"></a>CMP0_IRQHandler</STRONG> (Thumb, 0 bytes, Stack size 0 bytes, startup_mk64f12.o(.text))
<BR>[Address Reference Count : 1]<UL><LI> startup_mk64f12.o(RESET)
</UL>
<P><STRONG><a name="[42]"></a>CMP1_IRQHandler</STRONG> (Thumb, 0 bytes, Stack size 0 bytes, startup_mk64f12.o(.text))
<BR>[Address Reference Count : 1]<UL><LI> startup_mk64f12.o(RESET)
</UL>
<P><STRONG><a name="[5f]"></a>CMP2_IRQHandler</STRONG> (Thumb, 0 bytes, Stack size 0 bytes, startup_mk64f12.o(.text))
<BR>[Address Reference Count : 1]<UL><LI> startup_mk64f12.o(RESET)
</UL>
<P><STRONG><a name="[46]"></a>CMT_IRQHandler</STRONG> (Thumb, 0 bytes, Stack size 0 bytes, startup_mk64f12.o(.text))
<BR>[Address Reference Count : 1]<UL><LI> startup_mk64f12.o(RESET)
</UL>
<P><STRONG><a name="[51]"></a>DAC0_IRQHandler</STRONG> (Thumb, 0 bytes, Stack size 0 bytes, startup_mk64f12.o(.text))
<BR>[Address Reference Count : 1]<UL><LI> startup_mk64f12.o(RESET)
</UL>
<P><STRONG><a name="[61]"></a>DAC1_IRQHandler</STRONG> (Thumb, 0 bytes, Stack size 0 bytes, startup_mk64f12.o(.text))
<BR>[Address Reference Count : 1]<UL><LI> startup_mk64f12.o(RESET)
</UL>
<P><STRONG><a name="[19]"></a>DMA0_IRQHandler</STRONG> (Thumb, 0 bytes, Stack size 0 bytes, startup_mk64f12.o(.text))
<BR>[Address Reference Count : 1]<UL><LI> startup_mk64f12.o(RESET)
</UL>
<P><STRONG><a name="[23]"></a>DMA10_IRQHandler</STRONG> (Thumb, 0 bytes, Stack size 0 bytes, startup_mk64f12.o(.text))
<BR>[Address Reference Count : 1]<UL><LI> startup_mk64f12.o(RESET)
</UL>
<P><STRONG><a name="[24]"></a>DMA11_IRQHandler</STRONG> (Thumb, 0 bytes, Stack size 0 bytes, startup_mk64f12.o(.text))
<BR>[Address Reference Count : 1]<UL><LI> startup_mk64f12.o(RESET)
</UL>
<P><STRONG><a name="[25]"></a>DMA12_IRQHandler</STRONG> (Thumb, 0 bytes, Stack size 0 bytes, startup_mk64f12.o(.text))
<BR>[Address Reference Count : 1]<UL><LI> startup_mk64f12.o(RESET)
</UL>
<P><STRONG><a name="[26]"></a>DMA13_IRQHandler</STRONG> (Thumb, 0 bytes, Stack size 0 bytes, startup_mk64f12.o(.text))
<BR>[Address Reference Count : 1]<UL><LI> startup_mk64f12.o(RESET)
</UL>
<P><STRONG><a name="[27]"></a>DMA14_IRQHandler</STRONG> (Thumb, 0 bytes, Stack size 0 bytes, startup_mk64f12.o(.text))
<BR>[Address Reference Count : 1]<UL><LI> startup_mk64f12.o(RESET)
</UL>
<P><STRONG><a name="[28]"></a>DMA15_IRQHandler</STRONG> (Thumb, 0 bytes, Stack size 0 bytes, startup_mk64f12.o(.text))
<BR>[Address Reference Count : 1]<UL><LI> startup_mk64f12.o(RESET)
</UL>
<P><STRONG><a name="[1a]"></a>DMA1_IRQHandler</STRONG> (Thumb, 0 bytes, Stack size 0 bytes, startup_mk64f12.o(.text))
<BR>[Address Reference Count : 1]<UL><LI> startup_mk64f12.o(RESET)
</UL>
<P><STRONG><a name="[1b]"></a>DMA2_IRQHandler</STRONG> (Thumb, 0 bytes, Stack size 0 bytes, startup_mk64f12.o(.text))
<BR>[Address Reference Count : 1]<UL><LI> startup_mk64f12.o(RESET)
</UL>
<P><STRONG><a name="[1c]"></a>DMA3_IRQHandler</STRONG> (Thumb, 0 bytes, Stack size 0 bytes, startup_mk64f12.o(.text))
<BR>[Address Reference Count : 1]<UL><LI> startup_mk64f12.o(RESET)
</UL>
<P><STRONG><a name="[1d]"></a>DMA4_IRQHandler</STRONG> (Thumb, 0 bytes, Stack size 0 bytes, startup_mk64f12.o(.text))
<BR>[Address Reference Count : 1]<UL><LI> startup_mk64f12.o(RESET)
</UL>
<P><STRONG><a name="[1e]"></a>DMA5_IRQHandler</STRONG> (Thumb, 0 bytes, Stack size 0 bytes, startup_mk64f12.o(.text))
<BR>[Address Reference Count : 1]<UL><LI> startup_mk64f12.o(RESET)
</UL>
<P><STRONG><a name="[1f]"></a>DMA6_IRQHandler</STRONG> (Thumb, 0 bytes, Stack size 0 bytes, startup_mk64f12.o(.text))
<BR>[Address Reference Count : 1]<UL><LI> startup_mk64f12.o(RESET)
</UL>
<P><STRONG><a name="[20]"></a>DMA7_IRQHandler</STRONG> (Thumb, 0 bytes, Stack size 0 bytes, startup_mk64f12.o(.text))
<BR>[Address Reference Count : 1]<UL><LI> startup_mk64f12.o(RESET)
</UL>
<P><STRONG><a name="[21]"></a>DMA8_IRQHandler</STRONG> (Thumb, 0 bytes, Stack size 0 bytes, startup_mk64f12.o(.text))
<BR>[Address Reference Count : 1]<UL><LI> startup_mk64f12.o(RESET)
</UL>
<P><STRONG><a name="[22]"></a>DMA9_IRQHandler</STRONG> (Thumb, 0 bytes, Stack size 0 bytes, startup_mk64f12.o(.text))
<BR>[Address Reference Count : 1]<UL><LI> startup_mk64f12.o(RESET)
</UL>
<P><STRONG><a name="[29]"></a>DMA_Error_IRQHandler</STRONG> (Thumb, 0 bytes, Stack size 0 bytes, startup_mk64f12.o(.text))
<BR>[Address Reference Count : 1]<UL><LI> startup_mk64f12.o(RESET)
</UL>
<P><STRONG><a name="[6f]"></a>DefaultISR</STRONG> (Thumb, 0 bytes, Stack size 0 bytes, startup_mk64f12.o(.text))
<BR><BR>[Called By]<UL><LI><a href="#[40]">&gt;&gt;</a>&nbsp;&nbsp;&nbsp;ADC0_IRQHandler
</UL>
<BR>[Address Reference Count : 1]<UL><LI> startup_mk64f12.o(RESET)
</UL>
<P><STRONG><a name="[6b]"></a>ENET_1588_Timer_IRQHandler</STRONG> (Thumb, 0 bytes, Stack size 0 bytes, startup_mk64f12.o(.text))
<BR>[Address Reference Count : 1]<UL><LI> startup_mk64f12.o(RESET)
</UL>
<P><STRONG><a name="[6e]"></a>ENET_Error_IRQHandler</STRONG> (Thumb, 0 bytes, Stack size 0 bytes, startup_mk64f12.o(.text))
<BR>[Address Reference Count : 1]<UL><LI> startup_mk64f12.o(RESET)
</UL>
<P><STRONG><a name="[6d]"></a>ENET_Receive_IRQHandler</STRONG> (Thumb, 0 bytes, Stack size 0 bytes, startup_mk64f12.o(.text))
<BR>[Address Reference Count : 1]<UL><LI> startup_mk64f12.o(RESET)
</UL>
<P><STRONG><a name="[6c]"></a>ENET_Transmit_IRQHandler</STRONG> (Thumb, 0 bytes, Stack size 0 bytes, startup_mk64f12.o(.text))
<BR>[Address Reference Count : 1]<UL><LI> startup_mk64f12.o(RESET)
</UL>
<P><STRONG><a name="[2b]"></a>FTFE_IRQHandler</STRONG> (Thumb, 0 bytes, Stack size 0 bytes, startup_mk64f12.o(.text))
<BR>[Address Reference Count : 1]<UL><LI> startup_mk64f12.o(RESET)
</UL>
<P><STRONG><a name="[43]"></a>FTM0_IRQHandler</STRONG> (Thumb, 0 bytes, Stack size 0 bytes, startup_mk64f12.o(.text))
<BR>[Address Reference Count : 1]<UL><LI> startup_mk64f12.o(RESET)
</UL>
<P><STRONG><a name="[44]"></a>FTM1_IRQHandler</STRONG> (Thumb, 0 bytes, Stack size 0 bytes, startup_mk64f12.o(.text))
<BR>[Address Reference Count : 1]<UL><LI> startup_mk64f12.o(RESET)
</UL>
<P><STRONG><a name="[45]"></a>FTM2_IRQHandler</STRONG> (Thumb, 0 bytes, Stack size 0 bytes, startup_mk64f12.o(.text))
<BR>[Address Reference Count : 1]<UL><LI> startup_mk64f12.o(RESET)
</UL>
<P><STRONG><a name="[60]"></a>FTM3_IRQHandler</STRONG> (Thumb, 0 bytes, Stack size 0 bytes, startup_mk64f12.o(.text))
<BR>[Address Reference Count : 1]<UL><LI> startup_mk64f12.o(RESET)
</UL>
<P><STRONG><a name="[31]"></a>I2C0_IRQHandler</STRONG> (Thumb, 0 bytes, Stack size 0 bytes, startup_mk64f12.o(.text))
<BR>[Address Reference Count : 1]<UL><LI> startup_mk64f12.o(RESET)
</UL>
<P><STRONG><a name="[32]"></a>I2C1_IRQHandler</STRONG> (Thumb, 0 bytes, Stack size 0 bytes, startup_mk64f12.o(.text))
<BR>[Address Reference Count : 1]<UL><LI> startup_mk64f12.o(RESET)
</UL>
<P><STRONG><a name="[63]"></a>I2C2_IRQHandler</STRONG> (Thumb, 0 bytes, Stack size 0 bytes, startup_mk64f12.o(.text))
<BR>[Address Reference Count : 1]<UL><LI> startup_mk64f12.o(RESET)
</UL>
<P><STRONG><a name="[36]"></a>I2S0_Rx_IRQHandler</STRONG> (Thumb, 0 bytes, Stack size 0 bytes, startup_mk64f12.o(.text))
<BR>[Address Reference Count : 1]<UL><LI> startup_mk64f12.o(RESET)
</UL>
<P><STRONG><a name="[35]"></a>I2S0_Tx_IRQHandler</STRONG> (Thumb, 0 bytes, Stack size 0 bytes, startup_mk64f12.o(.text))
<BR>[Address Reference Count : 1]<UL><LI> startup_mk64f12.o(RESET)
</UL>
<P><STRONG><a name="[2e]"></a>LLWU_IRQHandler</STRONG> (Thumb, 0 bytes, Stack size 0 bytes, startup_mk64f12.o(.text))
<BR>[Address Reference Count : 1]<UL><LI> startup_mk64f12.o(RESET)
</UL>
<P><STRONG><a name="[53]"></a>LPTMR0_IRQHandler</STRONG> (Thumb, 0 bytes, Stack size 0 bytes, startup_mk64f12.o(.text))
<BR>[Address Reference Count : 1]<UL><LI> startup_mk64f12.o(RESET)
</UL>
<P><STRONG><a name="[2d]"></a>LVD_LVW_IRQHandler</STRONG> (Thumb, 0 bytes, Stack size 0 bytes, startup_mk64f12.o(.text))
<BR>[Address Reference Count : 1]<UL><LI> startup_mk64f12.o(RESET)
</UL>
<P><STRONG><a name="[52]"></a>MCG_IRQHandler</STRONG> (Thumb, 0 bytes, Stack size 0 bytes, startup_mk64f12.o(.text))
<BR>[Address Reference Count : 1]<UL><LI> startup_mk64f12.o(RESET)
</UL>
<P><STRONG><a name="[2a]"></a>MCM_IRQHandler</STRONG> (Thumb, 0 bytes, Stack size 0 bytes, startup_mk64f12.o(.text))
<BR>[Address Reference Count : 1]<UL><LI> startup_mk64f12.o(RESET)
</UL>
<P><STRONG><a name="[4d]"></a>PDB0_IRQHandler</STRONG> (Thumb, 0 bytes, Stack size 0 bytes, startup_mk64f12.o(.text))
<BR>[Address Reference Count : 1]<UL><LI> startup_mk64f12.o(RESET)
</UL>
<P><STRONG><a name="[49]"></a>PIT0_IRQHandler</STRONG> (Thumb, 0 bytes, Stack size 0 bytes, startup_mk64f12.o(.text))
<BR>[Address Reference Count : 1]<UL><LI> startup_mk64f12.o(RESET)
</UL>
<P><STRONG><a name="[4a]"></a>PIT1_IRQHandler</STRONG> (Thumb, 0 bytes, Stack size 0 bytes, startup_mk64f12.o(.text))
<BR>[Address Reference Count : 1]<UL><LI> startup_mk64f12.o(RESET)
</UL>
<P><STRONG><a name="[4b]"></a>PIT2_IRQHandler</STRONG> (Thumb, 0 bytes, Stack size 0 bytes, startup_mk64f12.o(.text))
<BR>[Address Reference Count : 1]<UL><LI> startup_mk64f12.o(RESET)
</UL>
<P><STRONG><a name="[4c]"></a>PIT3_IRQHandler</STRONG> (Thumb, 0 bytes, Stack size 0 bytes, startup_mk64f12.o(.text))
<BR>[Address Reference Count : 1]<UL><LI> startup_mk64f12.o(RESET)
</UL>
<P><STRONG><a name="[54]"></a>PORTA_IRQHandler</STRONG> (Thumb, 0 bytes, Stack size 0 bytes, startup_mk64f12.o(.text))
<BR>[Address Reference Count : 1]<UL><LI> startup_mk64f12.o(RESET)
</UL>
<P><STRONG><a name="[55]"></a>PORTB_IRQHandler</STRONG> (Thumb, 0 bytes, Stack size 0 bytes, startup_mk64f12.o(.text))
<BR>[Address Reference Count : 1]<UL><LI> startup_mk64f12.o(RESET)
</UL>
<P><STRONG><a name="[56]"></a>PORTC_IRQHandler</STRONG> (Thumb, 0 bytes, Stack size 0 bytes, startup_mk64f12.o(.text))
<BR>[Address Reference Count : 1]<UL><LI> startup_mk64f12.o(RESET)
</UL>
<P><STRONG><a name="[57]"></a>PORTD_IRQHandler</STRONG> (Thumb, 0 bytes, Stack size 0 bytes, startup_mk64f12.o(.text))
<BR>[Address Reference Count : 1]<UL><LI> startup_mk64f12.o(RESET)
</UL>
<P><STRONG><a name="[58]"></a>PORTE_IRQHandler</STRONG> (Thumb, 0 bytes, Stack size 0 bytes, startup_mk64f12.o(.text))
<BR>[Address Reference Count : 1]<UL><LI> startup_mk64f12.o(RESET)
</UL>
<P><STRONG><a name="[30]"></a>RNG_IRQHandler</STRONG> (Thumb, 0 bytes, Stack size 0 bytes, startup_mk64f12.o(.text))
<BR>[Address Reference Count : 1]<UL><LI> startup_mk64f12.o(RESET)
</UL>
<P><STRONG><a name="[47]"></a>RTC_IRQHandler</STRONG> (Thumb, 0 bytes, Stack size 0 bytes, startup_mk64f12.o(.text))
<BR>[Address Reference Count : 1]<UL><LI> startup_mk64f12.o(RESET)
</UL>
<P><STRONG><a name="[48]"></a>RTC_Seconds_IRQHandler</STRONG> (Thumb, 0 bytes, Stack size 0 bytes, startup_mk64f12.o(.text))
<BR>[Address Reference Count : 1]<UL><LI> startup_mk64f12.o(RESET)
</UL>
<P><STRONG><a name="[2c]"></a>Read_Collision_IRQHandler</STRONG> (Thumb, 0 bytes, Stack size 0 bytes, startup_mk64f12.o(.text))
<BR>[Address Reference Count : 1]<UL><LI> startup_mk64f12.o(RESET)
</UL>
<P><STRONG><a name="[50]"></a>Reserved71_IRQHandler</STRONG> (Thumb, 0 bytes, Stack size 0 bytes, startup_mk64f12.o(.text))
<BR>[Address Reference Count : 1]<UL><LI> startup_mk64f12.o(RESET)
</UL>
<P><STRONG><a name="[6a]"></a>SDHC_IRQHandler</STRONG> (Thumb, 0 bytes, Stack size 0 bytes, startup_mk64f12.o(.text))
<BR>[Address Reference Count : 1]<UL><LI> startup_mk64f12.o(RESET)
</UL>
<P><STRONG><a name="[33]"></a>SPI0_IRQHandler</STRONG> (Thumb, 0 bytes, Stack size 0 bytes, startup_mk64f12.o(.text))
<BR>[Address Reference Count : 1]<UL><LI> startup_mk64f12.o(RESET)
</UL>
<P><STRONG><a name="[34]"></a>SPI1_IRQHandler</STRONG> (Thumb, 0 bytes, Stack size 0 bytes, startup_mk64f12.o(.text))
<BR>[Address Reference Count : 1]<UL><LI> startup_mk64f12.o(RESET)
</UL>
<P><STRONG><a name="[5a]"></a>SPI2_IRQHandler</STRONG> (Thumb, 0 bytes, Stack size 0 bytes, startup_mk64f12.o(.text))
<BR>[Address Reference Count : 1]<UL><LI> startup_mk64f12.o(RESET)
</UL>
<P><STRONG><a name="[59]"></a>SWI_IRQHandler</STRONG> (Thumb, 0 bytes, Stack size 0 bytes, startup_mk64f12.o(.text))
<BR>[Address Reference Count : 1]<UL><LI> startup_mk64f12.o(RESET)
</UL>
<P><STRONG><a name="[39]"></a>UART0_ERR_IRQHandler</STRONG> (Thumb, 0 bytes, Stack size 0 bytes, startup_mk64f12.o(.text))
<BR>[Address Reference Count : 1]<UL><LI> startup_mk64f12.o(RESET)
</UL>
<P><STRONG><a name="[37]"></a>UART0_LON_IRQHandler</STRONG> (Thumb, 0 bytes, Stack size 0 bytes, startup_mk64f12.o(.text))
<BR>[Address Reference Count : 1]<UL><LI> startup_mk64f12.o(RESET)
</UL>
<P><STRONG><a name="[38]"></a>UART0_RX_TX_IRQHandler</STRONG> (Thumb, 0 bytes, Stack size 0 bytes, startup_mk64f12.o(.text))
<BR>[Address Reference Count : 1]<UL><LI> startup_mk64f12.o(RESET)
</UL>
<P><STRONG><a name="[3b]"></a>UART1_ERR_IRQHandler</STRONG> (Thumb, 0 bytes, Stack size 0 bytes, startup_mk64f12.o(.text))
<BR>[Address Reference Count : 1]<UL><LI> startup_mk64f12.o(RESET)
</UL>
<P><STRONG><a name="[3a]"></a>UART1_RX_TX_IRQHandler</STRONG> (Thumb, 0 bytes, Stack size 0 bytes, startup_mk64f12.o(.text))
<BR>[Address Reference Count : 1]<UL><LI> startup_mk64f12.o(RESET)
</UL>
<P><STRONG><a name="[3d]"></a>UART2_ERR_IRQHandler</STRONG> (Thumb, 0 bytes, Stack size 0 bytes, startup_mk64f12.o(.text))
<BR>[Address Reference Count : 1]<UL><LI> startup_mk64f12.o(RESET)
</UL>
<P><STRONG><a name="[3c]"></a>UART2_RX_TX_IRQHandler</STRONG> (Thumb, 0 bytes, Stack size 0 bytes, startup_mk64f12.o(.text))
<BR>[Address Reference Count : 1]<UL><LI> startup_mk64f12.o(RESET)
</UL>
<P><STRONG><a name="[3f]"></a>UART3_ERR_IRQHandler</STRONG> (Thumb, 0 bytes, Stack size 0 bytes, startup_mk64f12.o(.text))
<BR>[Address Reference Count : 1]<UL><LI> startup_mk64f12.o(RESET)
</UL>
<P><STRONG><a name="[3e]"></a>UART3_RX_TX_IRQHandler</STRONG> (Thumb, 0 bytes, Stack size 0 bytes, startup_mk64f12.o(.text))
<BR>[Address Reference Count : 1]<UL><LI> startup_mk64f12.o(RESET)
</UL>
<P><STRONG><a name="[5c]"></a>UART4_ERR_IRQHandler</STRONG> (Thumb, 0 bytes, Stack size 0 bytes, startup_mk64f12.o(.text))
<BR>[Address Reference Count : 1]<UL><LI> startup_mk64f12.o(RESET)
</UL>
<P><STRONG><a name="[5b]"></a>UART4_RX_TX_IRQHandler</STRONG> (Thumb, 0 bytes, Stack size 0 bytes, startup_mk64f12.o(.text))
<BR>[Address Reference Count : 1]<UL><LI> startup_mk64f12.o(RESET)
</UL>
<P><STRONG><a name="[5e]"></a>UART5_ERR_IRQHandler</STRONG> (Thumb, 0 bytes, Stack size 0 bytes, startup_mk64f12.o(.text))
<BR>[Address Reference Count : 1]<UL><LI> startup_mk64f12.o(RESET)
</UL>
<P><STRONG><a name="[5d]"></a>UART5_RX_TX_IRQHandler</STRONG> (Thumb, 0 bytes, Stack size 0 bytes, startup_mk64f12.o(.text))
<BR>[Address Reference Count : 1]<UL><LI> startup_mk64f12.o(RESET)
</UL>
<P><STRONG><a name="[4e]"></a>USB0_IRQHandler</STRONG> (Thumb, 0 bytes, Stack size 0 bytes, startup_mk64f12.o(.text))
<BR>[Address Reference Count : 1]<UL><LI> startup_mk64f12.o(RESET)
</UL>
<P><STRONG><a name="[4f]"></a>USBDCD_IRQHandler</STRONG> (Thumb, 0 bytes, Stack size 0 bytes, startup_mk64f12.o(.text))
<BR>[Address Reference Count : 1]<UL><LI> startup_mk64f12.o(RESET)
</UL>
<P><STRONG><a name="[2f]"></a>WDOG_EWM_IRQHandler</STRONG> (Thumb, 0 bytes, Stack size 0 bytes, startup_mk64f12.o(.text))
<BR>[Address Reference Count : 1]<UL><LI> startup_mk64f12.o(RESET)
</UL>
<P><STRONG><a name="[80]"></a>__aeabi_assert</STRONG> (Thumb, 86 bytes, Stack size 16 bytes, assert.o(.text))
<BR><BR>[Stack]<UL><LI>Max Depth = 64 + Unknown Stack Size
<LI>Call Chain = __aeabi_assert &rArr; abort &rArr; __rt_SIGABRT &rArr; __rt_SIGABRT_inner &rArr; __default_signal_display &rArr; _ttywrch
</UL>
<BR>[Calls]<UL><LI><a href="#[81]">&gt;&gt;</a>&nbsp;&nbsp;&nbsp;__assert_puts
<LI><a href="#[82]">&gt;&gt;</a>&nbsp;&nbsp;&nbsp;abort
</UL>
<BR>[Called By]<UL><LI><a href="#[a6]">&gt;&gt;</a>&nbsp;&nbsp;&nbsp;CLOCK_SYS_EnablePortClock
<LI><a href="#[bf]">&gt;&gt;</a>&nbsp;&nbsp;&nbsp;PORT_HAL_SetMuxMode
<LI><a href="#[8c]">&gt;&gt;</a>&nbsp;&nbsp;&nbsp;CLOCK_SYS_SetConfiguration
<LI><a href="#[8e]">&gt;&gt;</a>&nbsp;&nbsp;&nbsp;CLOCK_SYS_RtcOscInit
<LI><a href="#[8d]">&gt;&gt;</a>&nbsp;&nbsp;&nbsp;CLOCK_SYS_OscInit
<LI><a href="#[89]">&gt;&gt;</a>&nbsp;&nbsp;&nbsp;BOARD_ClockInit
<LI><a href="#[a8]">&gt;&gt;</a>&nbsp;&nbsp;&nbsp;CLOCK_SYS_EnableUartClock
</UL>

<P><STRONG><a name="[10c]"></a>__assert</STRONG> (Thumb, 0 bytes, Stack size 16 bytes, assert.o(.text), UNUSED)

<P><STRONG><a name="[c9]"></a>strlen</STRONG> (Thumb, 62 bytes, Stack size 8 bytes, strlen.o(.text))
<BR><BR>[Stack]<UL><LI>Max Depth = 8<LI>Call Chain = strlen
</UL>
<BR>[Called By]<UL><LI><a href="#[c4]">&gt;&gt;</a>&nbsp;&nbsp;&nbsp;_doprint
</UL>

<P><STRONG><a name="[bc]"></a>__aeabi_memcpy4</STRONG> (Thumb, 0 bytes, Stack size 8 bytes, rt_memcpy_w.o(.text))
<BR><BR>[Stack]<UL><LI>Max Depth = 8<LI>Call Chain = __aeabi_memcpy4
</UL>
<BR>[Called By]<UL><LI><a href="#[bb]">&gt;&gt;</a>&nbsp;&nbsp;&nbsp;DbgConsole_Init
</UL>

<P><STRONG><a name="[10d]"></a>__aeabi_memcpy8</STRONG> (Thumb, 0 bytes, Stack size 8 bytes, rt_memcpy_w.o(.text), UNUSED)

<P><STRONG><a name="[10e]"></a>__rt_memcpy_w</STRONG> (Thumb, 100 bytes, Stack size 8 bytes, rt_memcpy_w.o(.text), UNUSED)

<P><STRONG><a name="[10f]"></a>_memcpy_lastbytes_aligned</STRONG> (Thumb, 0 bytes, Stack size unknown bytes, rt_memcpy_w.o(.text), UNUSED)

<P><STRONG><a name="[82]"></a>abort</STRONG> (Thumb, 22 bytes, Stack size 8 bytes, abort.o(.text))
<BR><BR>[Stack]<UL><LI>Max Depth = 48 + Unknown Stack Size
<LI>Call Chain = abort &rArr; __rt_SIGABRT &rArr; __rt_SIGABRT_inner &rArr; __default_signal_display &rArr; _ttywrch
</UL>
<BR>[Calls]<UL><LI><a href="#[7d]">&gt;&gt;</a>&nbsp;&nbsp;&nbsp;__rt_lib_shutdown
<LI><a href="#[83]">&gt;&gt;</a>&nbsp;&nbsp;&nbsp;__rt_SIGABRT
<LI><a href="#[7f]">&gt;&gt;</a>&nbsp;&nbsp;&nbsp;_sys_exit
</UL>
<BR>[Called By]<UL><LI><a href="#[80]">&gt;&gt;</a>&nbsp;&nbsp;&nbsp;__aeabi_assert
</UL>

<P><STRONG><a name="[81]"></a>__assert_puts</STRONG> (Thumb, 20 bytes, Stack size 8 bytes, assert_puts.o(.text))
<BR><BR>[Stack]<UL><LI>Max Depth = 16<LI>Call Chain = __assert_puts &rArr; _ttywrch
</UL>
<BR>[Calls]<UL><LI><a href="#[84]">&gt;&gt;</a>&nbsp;&nbsp;&nbsp;_ttywrch
</UL>
<BR>[Called By]<UL><LI><a href="#[80]">&gt;&gt;</a>&nbsp;&nbsp;&nbsp;__aeabi_assert
</UL>

<P><STRONG><a name="[84]"></a>_ttywrch</STRONG> (Thumb, 14 bytes, Stack size 8 bytes, sys_wrch.o(.text))
<BR><BR>[Stack]<UL><LI>Max Depth = 8<LI>Call Chain = _ttywrch
</UL>
<BR>[Called By]<UL><LI><a href="#[88]">&gt;&gt;</a>&nbsp;&nbsp;&nbsp;__default_signal_display
<LI><a href="#[81]">&gt;&gt;</a>&nbsp;&nbsp;&nbsp;__assert_puts
</UL>

<P><STRONG><a name="[7f]"></a>_sys_exit</STRONG> (Thumb, 8 bytes, Stack size 0 bytes, sys_exit.o(.text))
<BR><BR>[Called By]<UL><LI><a href="#[7e]">&gt;&gt;</a>&nbsp;&nbsp;&nbsp;__rt_exit_exit
<LI><a href="#[86]">&gt;&gt;</a>&nbsp;&nbsp;&nbsp;__sig_exit
<LI><a href="#[82]">&gt;&gt;</a>&nbsp;&nbsp;&nbsp;abort
</UL>

<P><STRONG><a name="[83]"></a>__rt_SIGABRT</STRONG> (Thumb, 14 bytes, Stack size 8 bytes, defsig_abrt_outer.o(.text))
<BR><BR>[Stack]<UL><LI>Max Depth = 40<LI>Call Chain = __rt_SIGABRT &rArr; __rt_SIGABRT_inner &rArr; __default_signal_display &rArr; _ttywrch
</UL>
<BR>[Calls]<UL><LI><a href="#[85]">&gt;&gt;</a>&nbsp;&nbsp;&nbsp;__rt_SIGABRT_inner
<LI><a href="#[86]">&gt;&gt;</a>&nbsp;&nbsp;&nbsp;__sig_exit
</UL>
<BR>[Called By]<UL><LI><a href="#[82]">&gt;&gt;</a>&nbsp;&nbsp;&nbsp;abort
</UL>

<P><STRONG><a name="[110]"></a>__I$use$semihosting</STRONG> (Thumb, 0 bytes, Stack size 0 bytes, use_no_semi.o(.text), UNUSED)

<P><STRONG><a name="[111]"></a>__use_no_semihosting_swi</STRONG> (Thumb, 2 bytes, Stack size 0 bytes, use_no_semi.o(.text), UNUSED)

<P><STRONG><a name="[112]"></a>__semihosting_library_function</STRONG> (Thumb, 0 bytes, Stack size 8 bytes, indicate_semi.o(.text), UNUSED)

<P><STRONG><a name="[7b]"></a>exit</STRONG> (Thumb, 18 bytes, Stack size 8 bytes, exit.o(.text))
<BR><BR>[Stack]<UL><LI>Max Depth = 8 + Unknown Stack Size
<LI>Call Chain = exit
</UL>
<BR>[Calls]<UL><LI><a href="#[87]">&gt;&gt;</a>&nbsp;&nbsp;&nbsp;__rt_exit
</UL>
<BR>[Called By]<UL><LI><a href="#[79]">&gt;&gt;</a>&nbsp;&nbsp;&nbsp;__rt_entry_main
</UL>

<P><STRONG><a name="[86]"></a>__sig_exit</STRONG> (Thumb, 10 bytes, Stack size 0 bytes, defsig_exit.o(.text))
<BR><BR>[Calls]<UL><LI><a href="#[7f]">&gt;&gt;</a>&nbsp;&nbsp;&nbsp;_sys_exit
</UL>
<BR>[Called By]<UL><LI><a href="#[83]">&gt;&gt;</a>&nbsp;&nbsp;&nbsp;__rt_SIGABRT
</UL>

<P><STRONG><a name="[85]"></a>__rt_SIGABRT_inner</STRONG> (Thumb, 14 bytes, Stack size 8 bytes, defsig_abrt_inner.o(.text))
<BR><BR>[Stack]<UL><LI>Max Depth = 32<LI>Call Chain = __rt_SIGABRT_inner &rArr; __default_signal_display &rArr; _ttywrch
</UL>
<BR>[Calls]<UL><LI><a href="#[88]">&gt;&gt;</a>&nbsp;&nbsp;&nbsp;__default_signal_display
</UL>
<BR>[Called By]<UL><LI><a href="#[83]">&gt;&gt;</a>&nbsp;&nbsp;&nbsp;__rt_SIGABRT
</UL>

<P><STRONG><a name="[88]"></a>__default_signal_display</STRONG> (Thumb, 50 bytes, Stack size 16 bytes, defsig_general.o(.text))
<BR><BR>[Stack]<UL><LI>Max Depth = 24<LI>Call Chain = __default_signal_display &rArr; _ttywrch
</UL>
<BR>[Calls]<UL><LI><a href="#[84]">&gt;&gt;</a>&nbsp;&nbsp;&nbsp;_ttywrch
</UL>
<BR>[Called By]<UL><LI><a href="#[85]">&gt;&gt;</a>&nbsp;&nbsp;&nbsp;__rt_SIGABRT_inner
</UL>

<P><STRONG><a name="[cf]"></a>ADCRead_H</STRONG> (Thumb, 42 bytes, Stack size 0 bytes, framework.o(i.ADCRead_H))
<BR><BR>[Called By]<UL><LI><a href="#[7a]">&gt;&gt;</a>&nbsp;&nbsp;&nbsp;main
</UL>

<P><STRONG><a name="[d0]"></a>ADCRead_V</STRONG> (Thumb, 42 bytes, Stack size 0 bytes, framework.o(i.ADCRead_V))
<BR><BR>[Called By]<UL><LI><a href="#[7a]">&gt;&gt;</a>&nbsp;&nbsp;&nbsp;main
</UL>

<P><STRONG><a name="[89]"></a>BOARD_ClockInit</STRONG> (Thumb, 72 bytes, Stack size 16 bytes, board.o(i.BOARD_ClockInit))
<BR><BR>[Stack]<UL><LI>Max Depth = 144 + Unknown Stack Size
<LI>Call Chain = BOARD_ClockInit &rArr; CLOCK_SYS_SetConfiguration &rArr; CLOCK_SYS_SetMcgMode &rArr; CLOCK_HAL_SetPbeMode &rArr; CLOCK_HAL_GetMcgMode
</UL>
<BR>[Calls]<UL><LI><a href="#[8c]">&gt;&gt;</a>&nbsp;&nbsp;&nbsp;CLOCK_SYS_SetConfiguration
<LI><a href="#[8b]">&gt;&gt;</a>&nbsp;&nbsp;&nbsp;BOARD_InitRtcOsc
<LI><a href="#[8a]">&gt;&gt;</a>&nbsp;&nbsp;&nbsp;BOARD_InitOsc0
<LI><a href="#[80]">&gt;&gt;</a>&nbsp;&nbsp;&nbsp;__aeabi_assert
</UL>
<BR>[Called By]<UL><LI><a href="#[cd]">&gt;&gt;</a>&nbsp;&nbsp;&nbsp;hardware_init
</UL>

<P><STRONG><a name="[8a]"></a>BOARD_InitOsc0</STRONG> (Thumb, 20 bytes, Stack size 24 bytes, board.o(i.BOARD_InitOsc0))
<BR><BR>[Stack]<UL><LI>Max Depth = 104 + Unknown Stack Size
<LI>Call Chain = BOARD_InitOsc0 &rArr; CLOCK_SYS_OscInit &rArr; __aeabi_assert &rArr; abort &rArr; __rt_SIGABRT &rArr; __rt_SIGABRT_inner &rArr; __default_signal_display &rArr; _ttywrch
</UL>
<BR>[Calls]<UL><LI><a href="#[8d]">&gt;&gt;</a>&nbsp;&nbsp;&nbsp;CLOCK_SYS_OscInit
</UL>
<BR>[Called By]<UL><LI><a href="#[89]">&gt;&gt;</a>&nbsp;&nbsp;&nbsp;BOARD_ClockInit
</UL>

<P><STRONG><a name="[8b]"></a>BOARD_InitRtcOsc</STRONG> (Thumb, 20 bytes, Stack size 16 bytes, board.o(i.BOARD_InitRtcOsc))
<BR><BR>[Stack]<UL><LI>Max Depth = 104 + Unknown Stack Size
<LI>Call Chain = BOARD_InitRtcOsc &rArr; CLOCK_SYS_RtcOscInit &rArr; __aeabi_assert &rArr; abort &rArr; __rt_SIGABRT &rArr; __rt_SIGABRT_inner &rArr; __default_signal_display &rArr; _ttywrch
</UL>
<BR>[Calls]<UL><LI><a href="#[8e]">&gt;&gt;</a>&nbsp;&nbsp;&nbsp;CLOCK_SYS_RtcOscInit
</UL>
<BR>[Called By]<UL><LI><a href="#[89]">&gt;&gt;</a>&nbsp;&nbsp;&nbsp;BOARD_ClockInit
</UL>

<P><STRONG><a name="[b8]"></a>CLOCK_HAL_EnablePll0InFllMode</STRONG> (Thumb, 64 bytes, Stack size 12 bytes, fsl_mcg_hal.o(i.CLOCK_HAL_EnablePll0InFllMode))
<BR><BR>[Stack]<UL><LI>Max Depth = 12<LI>Call Chain = CLOCK_HAL_EnablePll0InFllMode
</UL>
<BR>[Called By]<UL><LI><a href="#[b2]">&gt;&gt;</a>&nbsp;&nbsp;&nbsp;CLOCK_SYS_SetMcgMode
</UL>

<P><STRONG><a name="[8f]"></a>CLOCK_HAL_GetFllClk</STRONG> (Thumb, 82 bytes, Stack size 24 bytes, fsl_mcg_hal.o(i.CLOCK_HAL_GetFllClk))
<BR><BR>[Stack]<UL><LI>Max Depth = 68<LI>Call Chain = CLOCK_HAL_GetFllClk &rArr; CLOCK_HAL_GetFllRefClk &rArr; CLOCK_HAL_TestFllExternalRefFreq
</UL>
<BR>[Calls]<UL><LI><a href="#[91]">&gt;&gt;</a>&nbsp;&nbsp;&nbsp;CLOCK_HAL_TestFllFreq
<LI><a href="#[90]">&gt;&gt;</a>&nbsp;&nbsp;&nbsp;CLOCK_HAL_GetFllRefClk
</UL>
<BR>[Called By]<UL><LI><a href="#[99]">&gt;&gt;</a>&nbsp;&nbsp;&nbsp;CLOCK_HAL_GetOutClk
</UL>

<P><STRONG><a name="[90]"></a>CLOCK_HAL_GetFllRefClk</STRONG> (Thumb, 72 bytes, Stack size 32 bytes, fsl_mcg_hal.o(i.CLOCK_HAL_GetFllRefClk))
<BR><BR>[Stack]<UL><LI>Max Depth = 44<LI>Call Chain = CLOCK_HAL_GetFllRefClk &rArr; CLOCK_HAL_TestFllExternalRefFreq
</UL>
<BR>[Calls]<UL><LI><a href="#[93]">&gt;&gt;</a>&nbsp;&nbsp;&nbsp;CLOCK_HAL_TestFllExternalRefFreq
<LI><a href="#[92]">&gt;&gt;</a>&nbsp;&nbsp;&nbsp;CLOCK_HAL_GetMcgExternalClkFreq
</UL>
<BR>[Called By]<UL><LI><a href="#[8f]">&gt;&gt;</a>&nbsp;&nbsp;&nbsp;CLOCK_HAL_GetFllClk
</UL>

<P><STRONG><a name="[9b]"></a>CLOCK_HAL_GetInternalRefClk</STRONG> (Thumb, 52 bytes, Stack size 0 bytes, fsl_mcg_hal.o(i.CLOCK_HAL_GetInternalRefClk))
<BR><BR>[Called By]<UL><LI><a href="#[99]">&gt;&gt;</a>&nbsp;&nbsp;&nbsp;CLOCK_HAL_GetOutClk
</UL>

<P><STRONG><a name="[95]"></a>CLOCK_HAL_GetMcgMode</STRONG> (Thumb, 150 bytes, Stack size 32 bytes, fsl_mcg_hal_modes.o(i.CLOCK_HAL_GetMcgMode))
<BR><BR>[Stack]<UL><LI>Max Depth = 32<LI>Call Chain = CLOCK_HAL_GetMcgMode
</UL>
<BR>[Calls]<UL><LI><a href="#[98]">&gt;&gt;</a>&nbsp;&nbsp;&nbsp;CLOCK_HAL_IsPllSelected
<LI><a href="#[97]">&gt;&gt;</a>&nbsp;&nbsp;&nbsp;CLOCK_HAL_GetFllSrc
<LI><a href="#[96]">&gt;&gt;</a>&nbsp;&nbsp;&nbsp;CLOCK_HAL_GetClkOutStat
</UL>
<BR>[Called By]<UL><LI><a href="#[a3]">&gt;&gt;</a>&nbsp;&nbsp;&nbsp;CLOCK_HAL_SetPbeMode
<LI><a href="#[a0]">&gt;&gt;</a>&nbsp;&nbsp;&nbsp;CLOCK_HAL_SetFbiMode
<LI><a href="#[9f]">&gt;&gt;</a>&nbsp;&nbsp;&nbsp;CLOCK_HAL_SetFbeMode
<LI><a href="#[b2]">&gt;&gt;</a>&nbsp;&nbsp;&nbsp;CLOCK_SYS_SetMcgMode
</UL>

<P><STRONG><a name="[99]"></a>CLOCK_HAL_GetOutClk</STRONG> (Thumb, 78 bytes, Stack size 16 bytes, fsl_mcg_hal.o(i.CLOCK_HAL_GetOutClk))
<BR><BR>[Stack]<UL><LI>Max Depth = 84<LI>Call Chain = CLOCK_HAL_GetOutClk &rArr; CLOCK_HAL_GetFllClk &rArr; CLOCK_HAL_GetFllRefClk &rArr; CLOCK_HAL_TestFllExternalRefFreq
</UL>
<BR>[Calls]<UL><LI><a href="#[9a]">&gt;&gt;</a>&nbsp;&nbsp;&nbsp;CLOCK_HAL_GetPll0Clk
<LI><a href="#[9b]">&gt;&gt;</a>&nbsp;&nbsp;&nbsp;CLOCK_HAL_GetInternalRefClk
<LI><a href="#[8f]">&gt;&gt;</a>&nbsp;&nbsp;&nbsp;CLOCK_HAL_GetFllClk
<LI><a href="#[92]">&gt;&gt;</a>&nbsp;&nbsp;&nbsp;CLOCK_HAL_GetMcgExternalClkFreq
</UL>
<BR>[Called By]<UL><LI><a href="#[ab]">&gt;&gt;</a>&nbsp;&nbsp;&nbsp;CLOCK_SYS_GetSystemClockFreq
<LI><a href="#[a9]">&gt;&gt;</a>&nbsp;&nbsp;&nbsp;CLOCK_SYS_GetCoreClockFreq
<LI><a href="#[aa]">&gt;&gt;</a>&nbsp;&nbsp;&nbsp;CLOCK_SYS_GetBusClockFreq
</UL>

<P><STRONG><a name="[9a]"></a>CLOCK_HAL_GetPll0Clk</STRONG> (Thumb, 68 bytes, Stack size 16 bytes, fsl_mcg_hal.o(i.CLOCK_HAL_GetPll0Clk))
<BR><BR>[Stack]<UL><LI>Max Depth = 32<LI>Call Chain = CLOCK_HAL_GetPll0Clk &rArr; CLOCK_HAL_GetPll0RefFreq &rArr; CLOCK_HAL_GetMcgExternalClkFreq
</UL>
<BR>[Calls]<UL><LI><a href="#[9c]">&gt;&gt;</a>&nbsp;&nbsp;&nbsp;CLOCK_HAL_GetPll0RefFreq
</UL>
<BR>[Called By]<UL><LI><a href="#[99]">&gt;&gt;</a>&nbsp;&nbsp;&nbsp;CLOCK_HAL_GetOutClk
</UL>

<P><STRONG><a name="[9c]"></a>CLOCK_HAL_GetPll0RefFreq</STRONG> (Thumb, 12 bytes, Stack size 8 bytes, fsl_mcg_hal.o(i.CLOCK_HAL_GetPll0RefFreq))
<BR><BR>[Stack]<UL><LI>Max Depth = 16<LI>Call Chain = CLOCK_HAL_GetPll0RefFreq &rArr; CLOCK_HAL_GetMcgExternalClkFreq
</UL>
<BR>[Calls]<UL><LI><a href="#[92]">&gt;&gt;</a>&nbsp;&nbsp;&nbsp;CLOCK_HAL_GetMcgExternalClkFreq
</UL>
<BR>[Called By]<UL><LI><a href="#[9a]">&gt;&gt;</a>&nbsp;&nbsp;&nbsp;CLOCK_HAL_GetPll0Clk
</UL>

<P><STRONG><a name="[9f]"></a>CLOCK_HAL_SetFbeMode</STRONG> (Thumb, 228 bytes, Stack size 40 bytes, fsl_mcg_hal_modes.o(i.CLOCK_HAL_SetFbeMode))
<BR><BR>[Stack]<UL><LI>Max Depth = 72<LI>Call Chain = CLOCK_HAL_SetFbeMode &rArr; CLOCK_HAL_GetMcgMode
</UL>
<BR>[Calls]<UL><LI><a href="#[95]">&gt;&gt;</a>&nbsp;&nbsp;&nbsp;CLOCK_HAL_GetMcgMode
<LI><a href="#[98]">&gt;&gt;</a>&nbsp;&nbsp;&nbsp;CLOCK_HAL_IsPllSelected
<LI><a href="#[9e]">&gt;&gt;</a>&nbsp;&nbsp;&nbsp;CLOCK_HAL_IsOsc0Stable
<LI><a href="#[97]">&gt;&gt;</a>&nbsp;&nbsp;&nbsp;CLOCK_HAL_GetFllSrc
<LI><a href="#[96]">&gt;&gt;</a>&nbsp;&nbsp;&nbsp;CLOCK_HAL_GetClkOutStat
<LI><a href="#[94]">&gt;&gt;</a>&nbsp;&nbsp;&nbsp;CLOCK_HAL_TestOscFreq
</UL>
<BR>[Called By]<UL><LI><a href="#[b2]">&gt;&gt;</a>&nbsp;&nbsp;&nbsp;CLOCK_SYS_SetMcgMode
</UL>

<P><STRONG><a name="[a0]"></a>CLOCK_HAL_SetFbiMode</STRONG> (Thumb, 170 bytes, Stack size 32 bytes, fsl_mcg_hal_modes.o(i.CLOCK_HAL_SetFbiMode))
<BR><BR>[Stack]<UL><LI>Max Depth = 64<LI>Call Chain = CLOCK_HAL_SetFbiMode &rArr; CLOCK_HAL_GetMcgMode
</UL>
<BR>[Calls]<UL><LI><a href="#[95]">&gt;&gt;</a>&nbsp;&nbsp;&nbsp;CLOCK_HAL_GetMcgMode
<LI><a href="#[a2]">&gt;&gt;</a>&nbsp;&nbsp;&nbsp;CLOCK_HAL_GetInternalRefClkMode
<LI><a href="#[97]">&gt;&gt;</a>&nbsp;&nbsp;&nbsp;CLOCK_HAL_GetFllSrc
<LI><a href="#[96]">&gt;&gt;</a>&nbsp;&nbsp;&nbsp;CLOCK_HAL_GetClkOutStat
<LI><a href="#[a1]">&gt;&gt;</a>&nbsp;&nbsp;&nbsp;CLOCK_HAL_UpdateFastClkInternalRefDiv
</UL>
<BR>[Called By]<UL><LI><a href="#[b2]">&gt;&gt;</a>&nbsp;&nbsp;&nbsp;CLOCK_SYS_SetMcgMode
</UL>

<P><STRONG><a name="[af]"></a>CLOCK_HAL_SetOsc0Mode</STRONG> (Thumb, 36 bytes, Stack size 12 bytes, fsl_mcg_hal.o(i.CLOCK_HAL_SetOsc0Mode))
<BR><BR>[Stack]<UL><LI>Max Depth = 12<LI>Call Chain = CLOCK_HAL_SetOsc0Mode
</UL>
<BR>[Called By]<UL><LI><a href="#[8d]">&gt;&gt;</a>&nbsp;&nbsp;&nbsp;CLOCK_SYS_OscInit
</UL>

<P><STRONG><a name="[b1]"></a>CLOCK_HAL_SetOutDiv</STRONG> (Thumb, 56 bytes, Stack size 16 bytes, fsl_sim_hal_mk64f12.o(i.CLOCK_HAL_SetOutDiv))
<BR><BR>[Stack]<UL><LI>Max Depth = 16<LI>Call Chain = CLOCK_HAL_SetOutDiv
</UL>
<BR>[Called By]<UL><LI><a href="#[8c]">&gt;&gt;</a>&nbsp;&nbsp;&nbsp;CLOCK_SYS_SetConfiguration
<LI><a href="#[b3]">&gt;&gt;</a>&nbsp;&nbsp;&nbsp;CLOCK_SYS_SetSimConfigration
</UL>

<P><STRONG><a name="[a3]"></a>CLOCK_HAL_SetPbeMode</STRONG> (Thumb, 228 bytes, Stack size 40 bytes, fsl_mcg_hal_modes.o(i.CLOCK_HAL_SetPbeMode))
<BR><BR>[Stack]<UL><LI>Max Depth = 72<LI>Call Chain = CLOCK_HAL_SetPbeMode &rArr; CLOCK_HAL_GetMcgMode
</UL>
<BR>[Calls]<UL><LI><a href="#[95]">&gt;&gt;</a>&nbsp;&nbsp;&nbsp;CLOCK_HAL_GetMcgMode
<LI><a href="#[9d]">&gt;&gt;</a>&nbsp;&nbsp;&nbsp;CLOCK_HAL_PrepareOsc
<LI><a href="#[98]">&gt;&gt;</a>&nbsp;&nbsp;&nbsp;CLOCK_HAL_IsPllSelected
<LI><a href="#[96]">&gt;&gt;</a>&nbsp;&nbsp;&nbsp;CLOCK_HAL_GetClkOutStat
<LI><a href="#[94]">&gt;&gt;</a>&nbsp;&nbsp;&nbsp;CLOCK_HAL_TestOscFreq
</UL>
<BR>[Called By]<UL><LI><a href="#[b2]">&gt;&gt;</a>&nbsp;&nbsp;&nbsp;CLOCK_SYS_SetMcgMode
</UL>

<P><STRONG><a name="[93]"></a>CLOCK_HAL_TestFllExternalRefFreq</STRONG> (Thumb, 70 bytes, Stack size 12 bytes, fsl_mcg_hal.o(i.CLOCK_HAL_TestFllExternalRefFreq))
<BR><BR>[Stack]<UL><LI>Max Depth = 12<LI>Call Chain = CLOCK_HAL_TestFllExternalRefFreq
</UL>
<BR>[Called By]<UL><LI><a href="#[90]">&gt;&gt;</a>&nbsp;&nbsp;&nbsp;CLOCK_HAL_GetFllRefClk
</UL>

<P><STRONG><a name="[91]"></a>CLOCK_HAL_TestFllFreq</STRONG> (Thumb, 50 bytes, Stack size 8 bytes, fsl_mcg_hal.o(i.CLOCK_HAL_TestFllFreq))
<BR><BR>[Stack]<UL><LI>Max Depth = 8<LI>Call Chain = CLOCK_HAL_TestFllFreq
</UL>
<BR>[Called By]<UL><LI><a href="#[8f]">&gt;&gt;</a>&nbsp;&nbsp;&nbsp;CLOCK_HAL_GetFllClk
</UL>

<P><STRONG><a name="[94]"></a>CLOCK_HAL_TestOscFreq</STRONG> (Thumb, 38 bytes, Stack size 0 bytes, fsl_mcg_hal.o(i.CLOCK_HAL_TestOscFreq))
<BR><BR>[Called By]<UL><LI><a href="#[a3]">&gt;&gt;</a>&nbsp;&nbsp;&nbsp;CLOCK_HAL_SetPbeMode
<LI><a href="#[9f]">&gt;&gt;</a>&nbsp;&nbsp;&nbsp;CLOCK_HAL_SetFbeMode
<LI><a href="#[92]">&gt;&gt;</a>&nbsp;&nbsp;&nbsp;CLOCK_HAL_GetMcgExternalClkFreq
</UL>

<P><STRONG><a name="[a1]"></a>CLOCK_HAL_UpdateFastClkInternalRefDiv</STRONG> (Thumb, 104 bytes, Stack size 16 bytes, fsl_mcg_hal.o(i.CLOCK_HAL_UpdateFastClkInternalRefDiv))
<BR><BR>[Stack]<UL><LI>Max Depth = 16<LI>Call Chain = CLOCK_HAL_UpdateFastClkInternalRefDiv
</UL>
<BR>[Calls]<UL><LI><a href="#[a4]">&gt;&gt;</a>&nbsp;&nbsp;&nbsp;CLOCK_HAL_SetInternalRefClkMode
<LI><a href="#[a5]">&gt;&gt;</a>&nbsp;&nbsp;&nbsp;CLOCK_HAL_GetInternalRefClkMode
</UL>
<BR>[Called By]<UL><LI><a href="#[a0]">&gt;&gt;</a>&nbsp;&nbsp;&nbsp;CLOCK_HAL_SetFbiMode
<LI><a href="#[b2]">&gt;&gt;</a>&nbsp;&nbsp;&nbsp;CLOCK_SYS_SetMcgMode
</UL>

<P><STRONG><a name="[a6]"></a>CLOCK_SYS_EnablePortClock</STRONG> (Thumb, 34 bytes, Stack size 8 bytes, fsl_clock_mk64f12.o(i.CLOCK_SYS_EnablePortClock))
<BR><BR>[Stack]<UL><LI>Max Depth = 72 + Unknown Stack Size
<LI>Call Chain = CLOCK_SYS_EnablePortClock &rArr; __aeabi_assert &rArr; abort &rArr; __rt_SIGABRT &rArr; __rt_SIGABRT_inner &rArr; __default_signal_display &rArr; _ttywrch
</UL>
<BR>[Calls]<UL><LI><a href="#[a7]">&gt;&gt;</a>&nbsp;&nbsp;&nbsp;SIM_HAL_EnableClock
<LI><a href="#[80]">&gt;&gt;</a>&nbsp;&nbsp;&nbsp;__aeabi_assert
</UL>
<BR>[Called By]<UL><LI><a href="#[cd]">&gt;&gt;</a>&nbsp;&nbsp;&nbsp;hardware_init
</UL>

<P><STRONG><a name="[a8]"></a>CLOCK_SYS_EnableUartClock</STRONG> (Thumb, 34 bytes, Stack size 8 bytes, fsl_clock_mk64f12.o(i.CLOCK_SYS_EnableUartClock))
<BR><BR>[Stack]<UL><LI>Max Depth = 72 + Unknown Stack Size
<LI>Call Chain = CLOCK_SYS_EnableUartClock &rArr; __aeabi_assert &rArr; abort &rArr; __rt_SIGABRT &rArr; __rt_SIGABRT_inner &rArr; __default_signal_display &rArr; _ttywrch
</UL>
<BR>[Calls]<UL><LI><a href="#[a7]">&gt;&gt;</a>&nbsp;&nbsp;&nbsp;SIM_HAL_EnableClock
<LI><a href="#[80]">&gt;&gt;</a>&nbsp;&nbsp;&nbsp;__aeabi_assert
</UL>
<BR>[Called By]<UL><LI><a href="#[bb]">&gt;&gt;</a>&nbsp;&nbsp;&nbsp;DbgConsole_Init
</UL>

<P><STRONG><a name="[aa]"></a>CLOCK_SYS_GetBusClockFreq</STRONG> (Thumb, 26 bytes, Stack size 8 bytes, fsl_clock_mk64f12.o(i.CLOCK_SYS_GetBusClockFreq))
<BR><BR>[Stack]<UL><LI>Max Depth = 92<LI>Call Chain = CLOCK_SYS_GetBusClockFreq &rArr; CLOCK_HAL_GetOutClk &rArr; CLOCK_HAL_GetFllClk &rArr; CLOCK_HAL_GetFllRefClk &rArr; CLOCK_HAL_TestFllExternalRefFreq
</UL>
<BR>[Calls]<UL><LI><a href="#[99]">&gt;&gt;</a>&nbsp;&nbsp;&nbsp;CLOCK_HAL_GetOutClk
</UL>
<BR>[Called By]<UL><LI><a href="#[ac]">&gt;&gt;</a>&nbsp;&nbsp;&nbsp;CLOCK_SYS_GetUartFreq
</UL>

<P><STRONG><a name="[a9]"></a>CLOCK_SYS_GetCoreClockFreq</STRONG> (Thumb, 24 bytes, Stack size 8 bytes, fsl_clock_mk64f12.o(i.CLOCK_SYS_GetCoreClockFreq))
<BR><BR>[Stack]<UL><LI>Max Depth = 92<LI>Call Chain = CLOCK_SYS_GetCoreClockFreq &rArr; CLOCK_HAL_GetOutClk &rArr; CLOCK_HAL_GetFllClk &rArr; CLOCK_HAL_GetFllRefClk &rArr; CLOCK_HAL_TestFllExternalRefFreq
</UL>
<BR>[Calls]<UL><LI><a href="#[99]">&gt;&gt;</a>&nbsp;&nbsp;&nbsp;CLOCK_HAL_GetOutClk
</UL>
<BR>[Called By]<UL><LI><a href="#[8c]">&gt;&gt;</a>&nbsp;&nbsp;&nbsp;CLOCK_SYS_SetConfiguration
<LI><a href="#[b]">&gt;&gt;</a>&nbsp;&nbsp;&nbsp;CLOCK_SYS_FllStableDelay
</UL>

<P><STRONG><a name="[ab]"></a>CLOCK_SYS_GetSystemClockFreq</STRONG> (Thumb, 24 bytes, Stack size 8 bytes, fsl_clock_mk64f12.o(i.CLOCK_SYS_GetSystemClockFreq))
<BR><BR>[Stack]<UL><LI>Max Depth = 92<LI>Call Chain = CLOCK_SYS_GetSystemClockFreq &rArr; CLOCK_HAL_GetOutClk &rArr; CLOCK_HAL_GetFllClk &rArr; CLOCK_HAL_GetFllRefClk &rArr; CLOCK_HAL_TestFllExternalRefFreq
</UL>
<BR>[Calls]<UL><LI><a href="#[99]">&gt;&gt;</a>&nbsp;&nbsp;&nbsp;CLOCK_HAL_GetOutClk
</UL>
<BR>[Called By]<UL><LI><a href="#[ac]">&gt;&gt;</a>&nbsp;&nbsp;&nbsp;CLOCK_SYS_GetUartFreq
</UL>

<P><STRONG><a name="[ac]"></a>CLOCK_SYS_GetUartFreq</STRONG> (Thumb, 46 bytes, Stack size 8 bytes, fsl_clock_mk64f12.o(i.CLOCK_SYS_GetUartFreq))
<BR><BR>[Stack]<UL><LI>Max Depth = 100<LI>Call Chain = CLOCK_SYS_GetUartFreq &rArr; CLOCK_SYS_GetSystemClockFreq &rArr; CLOCK_HAL_GetOutClk &rArr; CLOCK_HAL_GetFllClk &rArr; CLOCK_HAL_GetFllRefClk &rArr; CLOCK_HAL_TestFllExternalRefFreq
</UL>
<BR>[Calls]<UL><LI><a href="#[ab]">&gt;&gt;</a>&nbsp;&nbsp;&nbsp;CLOCK_SYS_GetSystemClockFreq
<LI><a href="#[aa]">&gt;&gt;</a>&nbsp;&nbsp;&nbsp;CLOCK_SYS_GetBusClockFreq
</UL>
<BR>[Called By]<UL><LI><a href="#[bb]">&gt;&gt;</a>&nbsp;&nbsp;&nbsp;DbgConsole_Init
</UL>

<P><STRONG><a name="[8d]"></a>CLOCK_SYS_OscInit</STRONG> (Thumb, 160 bytes, Stack size 16 bytes, fsl_clock_manager.o(i.CLOCK_SYS_OscInit))
<BR><BR>[Stack]<UL><LI>Max Depth = 80 + Unknown Stack Size
<LI>Call Chain = CLOCK_SYS_OscInit &rArr; __aeabi_assert &rArr; abort &rArr; __rt_SIGABRT &rArr; __rt_SIGABRT_inner &rArr; __default_signal_display &rArr; _ttywrch
</UL>
<BR>[Calls]<UL><LI><a href="#[ad]">&gt;&gt;</a>&nbsp;&nbsp;&nbsp;OSC_HAL_SetCapacitor
<LI><a href="#[af]">&gt;&gt;</a>&nbsp;&nbsp;&nbsp;CLOCK_HAL_SetOsc0Mode
<LI><a href="#[ae]">&gt;&gt;</a>&nbsp;&nbsp;&nbsp;CLOCK_SYS_SetOscerConfigration
<LI><a href="#[80]">&gt;&gt;</a>&nbsp;&nbsp;&nbsp;__aeabi_assert
</UL>
<BR>[Called By]<UL><LI><a href="#[8a]">&gt;&gt;</a>&nbsp;&nbsp;&nbsp;BOARD_InitOsc0
</UL>

<P><STRONG><a name="[8e]"></a>CLOCK_SYS_RtcOscInit</STRONG> (Thumb, 204 bytes, Stack size 24 bytes, fsl_clock_manager.o(i.CLOCK_SYS_RtcOscInit))
<BR><BR>[Stack]<UL><LI>Max Depth = 88 + Unknown Stack Size
<LI>Call Chain = CLOCK_SYS_RtcOscInit &rArr; __aeabi_assert &rArr; abort &rArr; __rt_SIGABRT &rArr; __rt_SIGABRT_inner &rArr; __default_signal_display &rArr; _ttywrch
</UL>
<BR>[Calls]<UL><LI><a href="#[b0]">&gt;&gt;</a>&nbsp;&nbsp;&nbsp;RTC_HAL_SetOscillatorCmd
<LI><a href="#[80]">&gt;&gt;</a>&nbsp;&nbsp;&nbsp;__aeabi_assert
</UL>
<BR>[Called By]<UL><LI><a href="#[8b]">&gt;&gt;</a>&nbsp;&nbsp;&nbsp;BOARD_InitRtcOsc
</UL>

<P><STRONG><a name="[8c]"></a>CLOCK_SYS_SetConfiguration</STRONG> (Thumb, 72 bytes, Stack size 16 bytes, fsl_clock_mk64f12.o(i.CLOCK_SYS_SetConfiguration))
<BR><BR>[Stack]<UL><LI>Max Depth = 128 + Unknown Stack Size
<LI>Call Chain = CLOCK_SYS_SetConfiguration &rArr; CLOCK_SYS_SetMcgMode &rArr; CLOCK_HAL_SetPbeMode &rArr; CLOCK_HAL_GetMcgMode
</UL>
<BR>[Calls]<UL><LI><a href="#[b1]">&gt;&gt;</a>&nbsp;&nbsp;&nbsp;CLOCK_HAL_SetOutDiv
<LI><a href="#[ae]">&gt;&gt;</a>&nbsp;&nbsp;&nbsp;CLOCK_SYS_SetOscerConfigration
<LI><a href="#[b2]">&gt;&gt;</a>&nbsp;&nbsp;&nbsp;CLOCK_SYS_SetMcgMode
<LI><a href="#[a9]">&gt;&gt;</a>&nbsp;&nbsp;&nbsp;CLOCK_SYS_GetCoreClockFreq
<LI><a href="#[b3]">&gt;&gt;</a>&nbsp;&nbsp;&nbsp;CLOCK_SYS_SetSimConfigration
<LI><a href="#[80]">&gt;&gt;</a>&nbsp;&nbsp;&nbsp;__aeabi_assert
</UL>
<BR>[Called By]<UL><LI><a href="#[89]">&gt;&gt;</a>&nbsp;&nbsp;&nbsp;BOARD_ClockInit
</UL>

<P><STRONG><a name="[b2]"></a>CLOCK_SYS_SetMcgMode</STRONG> (Thumb, 340 bytes, Stack size 40 bytes, fsl_clock_manager.o(i.CLOCK_SYS_SetMcgMode))
<BR><BR>[Stack]<UL><LI>Max Depth = 112<LI>Call Chain = CLOCK_SYS_SetMcgMode &rArr; CLOCK_HAL_SetPbeMode &rArr; CLOCK_HAL_GetMcgMode
</UL>
<BR>[Calls]<UL><LI><a href="#[a3]">&gt;&gt;</a>&nbsp;&nbsp;&nbsp;CLOCK_HAL_SetPbeMode
<LI><a href="#[a0]">&gt;&gt;</a>&nbsp;&nbsp;&nbsp;CLOCK_HAL_SetFbiMode
<LI><a href="#[9f]">&gt;&gt;</a>&nbsp;&nbsp;&nbsp;CLOCK_HAL_SetFbeMode
<LI><a href="#[95]">&gt;&gt;</a>&nbsp;&nbsp;&nbsp;CLOCK_HAL_GetMcgMode
<LI><a href="#[a1]">&gt;&gt;</a>&nbsp;&nbsp;&nbsp;CLOCK_HAL_UpdateFastClkInternalRefDiv
<LI><a href="#[b8]">&gt;&gt;</a>&nbsp;&nbsp;&nbsp;CLOCK_HAL_EnablePll0InFllMode
<LI><a href="#[b4]">&gt;&gt;</a>&nbsp;&nbsp;&nbsp;CLOCK_SYS_SetMcgPeeToFbe
<LI><a href="#[b5]">&gt;&gt;</a>&nbsp;&nbsp;&nbsp;CLOCK_HAL_SetLowPowerModeCmd
<LI><a href="#[b6]">&gt;&gt;</a>&nbsp;&nbsp;&nbsp;CLOCK_HAL_SetClkOutSrc
<LI><a href="#[b7]">&gt;&gt;</a>&nbsp;&nbsp;&nbsp;CLOCK_HAL_GetClkOutStat
</UL>
<BR>[Called By]<UL><LI><a href="#[8c]">&gt;&gt;</a>&nbsp;&nbsp;&nbsp;CLOCK_SYS_SetConfiguration
</UL>

<P><STRONG><a name="[ae]"></a>CLOCK_SYS_SetOscerConfigration</STRONG> (Thumb, 32 bytes, Stack size 16 bytes, fsl_clock_manager.o(i.CLOCK_SYS_SetOscerConfigration))
<BR><BR>[Stack]<UL><LI>Max Depth = 16<LI>Call Chain = CLOCK_SYS_SetOscerConfigration
</UL>
<BR>[Calls]<UL><LI><a href="#[ba]">&gt;&gt;</a>&nbsp;&nbsp;&nbsp;OSC_HAL_SetExternalRefClkInStopModeCmd
<LI><a href="#[b9]">&gt;&gt;</a>&nbsp;&nbsp;&nbsp;OSC_HAL_SetExternalRefClkCmd
</UL>
<BR>[Called By]<UL><LI><a href="#[8c]">&gt;&gt;</a>&nbsp;&nbsp;&nbsp;CLOCK_SYS_SetConfiguration
<LI><a href="#[8d]">&gt;&gt;</a>&nbsp;&nbsp;&nbsp;CLOCK_SYS_OscInit
</UL>

<P><STRONG><a name="[bb]"></a>DbgConsole_Init</STRONG> (Thumb, 172 bytes, Stack size 48 bytes, fsl_debug_console.o(i.DbgConsole_Init))
<BR><BR>[Stack]<UL><LI>Max Depth = 148 + Unknown Stack Size
<LI>Call Chain = DbgConsole_Init &rArr; CLOCK_SYS_GetUartFreq &rArr; CLOCK_SYS_GetSystemClockFreq &rArr; CLOCK_HAL_GetOutClk &rArr; CLOCK_HAL_GetFllClk &rArr; CLOCK_HAL_GetFllRefClk &rArr; CLOCK_HAL_TestFllExternalRefFreq
</UL>
<BR>[Calls]<UL><LI><a href="#[ac]">&gt;&gt;</a>&nbsp;&nbsp;&nbsp;CLOCK_SYS_GetUartFreq
<LI><a href="#[a8]">&gt;&gt;</a>&nbsp;&nbsp;&nbsp;CLOCK_SYS_EnableUartClock
<LI><a href="#[be]">&gt;&gt;</a>&nbsp;&nbsp;&nbsp;UART_HAL_SetParityMode
<LI><a href="#[bd]">&gt;&gt;</a>&nbsp;&nbsp;&nbsp;UART_HAL_SetBaudRate
<LI><a href="#[bc]">&gt;&gt;</a>&nbsp;&nbsp;&nbsp;__aeabi_memcpy4
</UL>
<BR>[Called By]<UL><LI><a href="#[cb]">&gt;&gt;</a>&nbsp;&nbsp;&nbsp;dbg_uart_init
</UL>

<P><STRONG><a name="[ad]"></a>OSC_HAL_SetCapacitor</STRONG> (Thumb, 12 bytes, Stack size 0 bytes, fsl_osc_hal.o(i.OSC_HAL_SetCapacitor))
<BR><BR>[Called By]<UL><LI><a href="#[8d]">&gt;&gt;</a>&nbsp;&nbsp;&nbsp;CLOCK_SYS_OscInit
</UL>

<P><STRONG><a name="[ce]"></a>PIN_Initialize</STRONG> (Thumb, 122 bytes, Stack size 0 bytes, utils.o(i.PIN_Initialize))
<BR><BR>[Called By]<UL><LI><a href="#[7a]">&gt;&gt;</a>&nbsp;&nbsp;&nbsp;main
</UL>

<P><STRONG><a name="[8]"></a>SystemInit</STRONG> (Thumb, 34 bytes, Stack size 0 bytes, system_mk64f12.o(i.SystemInit))
<BR>[Address Reference Count : 1]<UL><LI> startup_mk64f12.o(.text)
</UL>
<P><STRONG><a name="[c0]"></a>UART_HAL_Getchar</STRONG> (Thumb, 12 bytes, Stack size 0 bytes, fsl_uart_hal.o(i.UART_HAL_Getchar))
<BR><BR>[Called By]<UL><LI><a href="#[d]">&gt;&gt;</a>&nbsp;&nbsp;&nbsp;UART_HAL_ReceiveDataPolling
</UL>

<P><STRONG><a name="[c1]"></a>UART_HAL_Putchar</STRONG> (Thumb, 10 bytes, Stack size 0 bytes, fsl_uart_hal.o(i.UART_HAL_Putchar))
<BR><BR>[Called By]<UL><LI><a href="#[c]">&gt;&gt;</a>&nbsp;&nbsp;&nbsp;UART_HAL_SendDataPolling
</UL>

<P><STRONG><a name="[d]"></a>UART_HAL_ReceiveDataPolling</STRONG> (Thumb, 86 bytes, Stack size 24 bytes, fsl_uart_hal.o(i.UART_HAL_ReceiveDataPolling))
<BR><BR>[Stack]<UL><LI>Max Depth = 24<LI>Call Chain = UART_HAL_ReceiveDataPolling
</UL>
<BR>[Calls]<UL><LI><a href="#[c0]">&gt;&gt;</a>&nbsp;&nbsp;&nbsp;UART_HAL_Getchar
</UL>
<BR>[Address Reference Count : 1]<UL><LI> fsl_debug_console.o(i.DbgConsole_Init)
</UL>
<P><STRONG><a name="[c]"></a>UART_HAL_SendDataPolling</STRONG> (Thumb, 46 bytes, Stack size 16 bytes, fsl_uart_hal.o(i.UART_HAL_SendDataPolling))
<BR><BR>[Stack]<UL><LI>Max Depth = 16<LI>Call Chain = UART_HAL_SendDataPolling
</UL>
<BR>[Calls]<UL><LI><a href="#[c1]">&gt;&gt;</a>&nbsp;&nbsp;&nbsp;UART_HAL_Putchar
</UL>
<BR>[Address Reference Count : 1]<UL><LI> fsl_debug_console.o(i.DbgConsole_Init)
</UL>
<P><STRONG><a name="[bd]"></a>UART_HAL_SetBaudRate</STRONG> (Thumb, 68 bytes, Stack size 16 bytes, fsl_uart_hal.o(i.UART_HAL_SetBaudRate))
<BR><BR>[Stack]<UL><LI>Max Depth = 16<LI>Call Chain = UART_HAL_SetBaudRate
</UL>
<BR>[Called By]<UL><LI><a href="#[bb]">&gt;&gt;</a>&nbsp;&nbsp;&nbsp;DbgConsole_Init
</UL>

<P><STRONG><a name="[be]"></a>UART_HAL_SetParityMode</STRONG> (Thumb, 28 bytes, Stack size 0 bytes, fsl_uart_hal.o(i.UART_HAL_SetParityMode))
<BR><BR>[Called By]<UL><LI><a href="#[bb]">&gt;&gt;</a>&nbsp;&nbsp;&nbsp;DbgConsole_Init
</UL>

<P><STRONG><a name="[c2]"></a>__hardfp_modf</STRONG> (Thumb, 202 bytes, Stack size 24 bytes, modf.o(i.__hardfp_modf))
<BR><BR>[Stack]<UL><LI>Max Depth = 56<LI>Call Chain = __hardfp_modf &rArr; __aeabi_dsub
</UL>
<BR>[Calls]<UL><LI><a href="#[c3]">&gt;&gt;</a>&nbsp;&nbsp;&nbsp;__aeabi_dsub
</UL>
<BR>[Called By]<UL><LI><a href="#[c7]">&gt;&gt;</a>&nbsp;&nbsp;&nbsp;mkfloatnumstr
</UL>

<P><STRONG><a name="[c4]"></a>_doprint</STRONG> (Thumb, 1644 bytes, Stack size 160 bytes, print_scan.o(i._doprint))
<BR><BR>[Stack]<UL><LI>Max Depth = 336<LI>Call Chain = _doprint &rArr; mkfloatnumstr &rArr; __hardfp_modf &rArr; __aeabi_dsub
</UL>
<BR>[Calls]<UL><LI><a href="#[c8]">&gt;&gt;</a>&nbsp;&nbsp;&nbsp;__aeabi_cdcmple
<LI><a href="#[c9]">&gt;&gt;</a>&nbsp;&nbsp;&nbsp;strlen
<LI><a href="#[c5]">&gt;&gt;</a>&nbsp;&nbsp;&nbsp;mknumstr
<LI><a href="#[c7]">&gt;&gt;</a>&nbsp;&nbsp;&nbsp;mkfloatnumstr
<LI><a href="#[c6]">&gt;&gt;</a>&nbsp;&nbsp;&nbsp;fput_pad
</UL>
<BR>[Called By]<UL><LI><a href="#[cc]">&gt;&gt;</a>&nbsp;&nbsp;&nbsp;debug_printf
</UL>

<P><STRONG><a name="[ca]"></a>configure_uart_pins</STRONG> (Thumb, 62 bytes, Stack size 8 bytes, pin_mux.o(i.configure_uart_pins))
<BR><BR>[Stack]<UL><LI>Max Depth = 88 + Unknown Stack Size
<LI>Call Chain = configure_uart_pins &rArr; PORT_HAL_SetMuxMode &rArr; __aeabi_assert &rArr; abort &rArr; __rt_SIGABRT &rArr; __rt_SIGABRT_inner &rArr; __default_signal_display &rArr; _ttywrch
</UL>
<BR>[Calls]<UL><LI><a href="#[bf]">&gt;&gt;</a>&nbsp;&nbsp;&nbsp;PORT_HAL_SetMuxMode
</UL>
<BR>[Called By]<UL><LI><a href="#[cb]">&gt;&gt;</a>&nbsp;&nbsp;&nbsp;dbg_uart_init
</UL>

<P><STRONG><a name="[cb]"></a>dbg_uart_init</STRONG> (Thumb, 22 bytes, Stack size 8 bytes, board.o(i.dbg_uart_init))
<BR><BR>[Stack]<UL><LI>Max Depth = 156 + Unknown Stack Size
<LI>Call Chain = dbg_uart_init &rArr; DbgConsole_Init &rArr; CLOCK_SYS_GetUartFreq &rArr; CLOCK_SYS_GetSystemClockFreq &rArr; CLOCK_HAL_GetOutClk &rArr; CLOCK_HAL_GetFllClk &rArr; CLOCK_HAL_GetFllRefClk &rArr; CLOCK_HAL_TestFllExternalRefFreq
</UL>
<BR>[Calls]<UL><LI><a href="#[ca]">&gt;&gt;</a>&nbsp;&nbsp;&nbsp;configure_uart_pins
<LI><a href="#[bb]">&gt;&gt;</a>&nbsp;&nbsp;&nbsp;DbgConsole_Init
</UL>
<BR>[Called By]<UL><LI><a href="#[cd]">&gt;&gt;</a>&nbsp;&nbsp;&nbsp;hardware_init
</UL>

<P><STRONG><a name="[cc]"></a>debug_printf</STRONG> (Thumb, 52 bytes, Stack size 32 bytes, fsl_debug_console.o(i.debug_printf))
<BR><BR>[Stack]<UL><LI>Max Depth = 368<LI>Call Chain = debug_printf &rArr; _doprint &rArr; mkfloatnumstr &rArr; __hardfp_modf &rArr; __aeabi_dsub
</UL>
<BR>[Calls]<UL><LI><a href="#[c4]">&gt;&gt;</a>&nbsp;&nbsp;&nbsp;_doprint
</UL>
<BR>[Called By]<UL><LI><a href="#[7a]">&gt;&gt;</a>&nbsp;&nbsp;&nbsp;main
</UL>

<P><STRONG><a name="[d1]"></a>delay</STRONG> (Thumb, 16 bytes, Stack size 0 bytes, utils.o(i.delay))
<BR><BR>[Called By]<UL><LI><a href="#[7a]">&gt;&gt;</a>&nbsp;&nbsp;&nbsp;main
</UL>

<P><STRONG><a name="[cd]"></a>hardware_init</STRONG> (Thumb, 24 bytes, Stack size 8 bytes, hardware_init.o(i.hardware_init))
<BR><BR>[Stack]<UL><LI>Max Depth = 164 + Unknown Stack Size
<LI>Call Chain = hardware_init &rArr; dbg_uart_init &rArr; DbgConsole_Init &rArr; CLOCK_SYS_GetUartFreq &rArr; CLOCK_SYS_GetSystemClockFreq &rArr; CLOCK_HAL_GetOutClk &rArr; CLOCK_HAL_GetFllClk &rArr; CLOCK_HAL_GetFllRefClk &rArr; CLOCK_HAL_TestFllExternalRefFreq
</UL>
<BR>[Calls]<UL><LI><a href="#[a6]">&gt;&gt;</a>&nbsp;&nbsp;&nbsp;CLOCK_SYS_EnablePortClock
<LI><a href="#[cb]">&gt;&gt;</a>&nbsp;&nbsp;&nbsp;dbg_uart_init
<LI><a href="#[89]">&gt;&gt;</a>&nbsp;&nbsp;&nbsp;BOARD_ClockInit
</UL>
<BR>[Called By]<UL><LI><a href="#[7a]">&gt;&gt;</a>&nbsp;&nbsp;&nbsp;main
</UL>

<P><STRONG><a name="[9]"></a>init_data_bss</STRONG> (Thumb, 54 bytes, Stack size 0 bytes, startup.o(i.init_data_bss))
<BR>[Address Reference Count : 1]<UL><LI> startup_mk64f12.o(.text)
</UL>
<P><STRONG><a name="[7a]"></a>main</STRONG> (Thumb, 310 bytes, Stack size 0 bytes, framework.o(i.main))
<BR><BR>[Stack]<UL><LI>Max Depth = 368 + Unknown Stack Size
<LI>Call Chain = main &rArr; debug_printf &rArr; _doprint &rArr; mkfloatnumstr &rArr; __hardfp_modf &rArr; __aeabi_dsub
</UL>
<BR>[Calls]<UL><LI><a href="#[cd]">&gt;&gt;</a>&nbsp;&nbsp;&nbsp;hardware_init
<LI><a href="#[d1]">&gt;&gt;</a>&nbsp;&nbsp;&nbsp;delay
<LI><a href="#[cc]">&gt;&gt;</a>&nbsp;&nbsp;&nbsp;debug_printf
<LI><a href="#[ce]">&gt;&gt;</a>&nbsp;&nbsp;&nbsp;PIN_Initialize
<LI><a href="#[d0]">&gt;&gt;</a>&nbsp;&nbsp;&nbsp;ADCRead_V
<LI><a href="#[cf]">&gt;&gt;</a>&nbsp;&nbsp;&nbsp;ADCRead_H
</UL>
<BR>[Called By]<UL><LI><a href="#[79]">&gt;&gt;</a>&nbsp;&nbsp;&nbsp;__rt_entry_main
</UL>

<P><STRONG><a name="[d5]"></a>__aeabi_dadd</STRONG> (Thumb, 0 bytes, Stack size 16 bytes, daddsub_clz.o(x$fpl$dadd))
<BR><BR>[Stack]<UL><LI>Max Depth = 16<LI>Call Chain = __aeabi_dadd
</UL>
<BR>[Called By]<UL><LI><a href="#[c7]">&gt;&gt;</a>&nbsp;&nbsp;&nbsp;mkfloatnumstr
</UL>

<P><STRONG><a name="[db]"></a>_dadd</STRONG> (Thumb, 332 bytes, Stack size 16 bytes, daddsub_clz.o(x$fpl$dadd), UNUSED)
<BR><BR>[Calls]<UL><LI><a href="#[dd]">&gt;&gt;</a>&nbsp;&nbsp;&nbsp;__fpl_dretinf
<LI><a href="#[de]">&gt;&gt;</a>&nbsp;&nbsp;&nbsp;__fpl_dnaninf
<LI><a href="#[dc]">&gt;&gt;</a>&nbsp;&nbsp;&nbsp;_dsub1
</UL>

<P><STRONG><a name="[e1]"></a>__fpl_dcmp_Inf</STRONG> (Thumb, 24 bytes, Stack size 0 bytes, dcmpi.o(x$fpl$dcmpinf), UNUSED)
<BR><BR>[Called By]<UL><LI><a href="#[e3]">&gt;&gt;</a>&nbsp;&nbsp;&nbsp;_dcmple
<LI><a href="#[e0]">&gt;&gt;</a>&nbsp;&nbsp;&nbsp;_dcmpeq
</UL>

<P><STRONG><a name="[d6]"></a>__aeabi_ddiv</STRONG> (Thumb, 0 bytes, Stack size 32 bytes, ddiv.o(x$fpl$ddiv))
<BR><BR>[Stack]<UL><LI>Max Depth = 32<LI>Call Chain = __aeabi_ddiv
</UL>
<BR>[Called By]<UL><LI><a href="#[c7]">&gt;&gt;</a>&nbsp;&nbsp;&nbsp;mkfloatnumstr
</UL>

<P><STRONG><a name="[df]"></a>_ddiv</STRONG> (Thumb, 552 bytes, Stack size 32 bytes, ddiv.o(x$fpl$ddiv), UNUSED)
<BR><BR>[Calls]<UL><LI><a href="#[dd]">&gt;&gt;</a>&nbsp;&nbsp;&nbsp;__fpl_dretinf
<LI><a href="#[de]">&gt;&gt;</a>&nbsp;&nbsp;&nbsp;__fpl_dnaninf
</UL>

<P><STRONG><a name="[d2]"></a>__aeabi_cdcmpeq</STRONG> (Thumb, 0 bytes, Stack size 32 bytes, deqf.o(x$fpl$deqf))
<BR><BR>[Stack]<UL><LI>Max Depth = 32<LI>Call Chain = __aeabi_cdcmpeq
</UL>
<BR>[Called By]<UL><LI><a href="#[c7]">&gt;&gt;</a>&nbsp;&nbsp;&nbsp;mkfloatnumstr
</UL>

<P><STRONG><a name="[e0]"></a>_dcmpeq</STRONG> (Thumb, 120 bytes, Stack size 32 bytes, deqf.o(x$fpl$deqf), UNUSED)
<BR><BR>[Calls]<UL><LI><a href="#[de]">&gt;&gt;</a>&nbsp;&nbsp;&nbsp;__fpl_dnaninf
<LI><a href="#[e1]">&gt;&gt;</a>&nbsp;&nbsp;&nbsp;__fpl_dcmp_Inf
</UL>

<P><STRONG><a name="[da]"></a>__aeabi_d2iz</STRONG> (Thumb, 0 bytes, Stack size 32 bytes, dfix.o(x$fpl$dfix))
<BR><BR>[Stack]<UL><LI>Max Depth = 32<LI>Call Chain = __aeabi_d2iz
</UL>
<BR>[Called By]<UL><LI><a href="#[c7]">&gt;&gt;</a>&nbsp;&nbsp;&nbsp;mkfloatnumstr
</UL>

<P><STRONG><a name="[e2]"></a>_dfix</STRONG> (Thumb, 94 bytes, Stack size 32 bytes, dfix.o(x$fpl$dfix), UNUSED)
<BR><BR>[Calls]<UL><LI><a href="#[de]">&gt;&gt;</a>&nbsp;&nbsp;&nbsp;__fpl_dnaninf
</UL>

<P><STRONG><a name="[d3]"></a>__aeabi_i2d</STRONG> (Thumb, 0 bytes, Stack size 0 bytes, dflt_clz.o(x$fpl$dflt))
<BR><BR>[Called By]<UL><LI><a href="#[c7]">&gt;&gt;</a>&nbsp;&nbsp;&nbsp;mkfloatnumstr
</UL>

<P><STRONG><a name="[113]"></a>_dflt</STRONG> (Thumb, 46 bytes, Stack size 0 bytes, dflt_clz.o(x$fpl$dflt), UNUSED)

<P><STRONG><a name="[d8]"></a>__aeabi_ul2d</STRONG> (Thumb, 0 bytes, Stack size 8 bytes, dfltll_clz.o(x$fpl$dfltull))
<BR><BR>[Stack]<UL><LI>Max Depth = 8<LI>Call Chain = __aeabi_ul2d
</UL>
<BR>[Called By]<UL><LI><a href="#[c7]">&gt;&gt;</a>&nbsp;&nbsp;&nbsp;mkfloatnumstr
</UL>

<P><STRONG><a name="[114]"></a>_ll_uto_d</STRONG> (Thumb, 138 bytes, Stack size 8 bytes, dfltll_clz.o(x$fpl$dfltull), UNUSED)

<P><STRONG><a name="[c8]"></a>__aeabi_cdcmple</STRONG> (Thumb, 0 bytes, Stack size 32 bytes, dleqf.o(x$fpl$dleqf))
<BR><BR>[Stack]<UL><LI>Max Depth = 32<LI>Call Chain = __aeabi_cdcmple
</UL>
<BR>[Called By]<UL><LI><a href="#[c4]">&gt;&gt;</a>&nbsp;&nbsp;&nbsp;_doprint
</UL>

<P><STRONG><a name="[e3]"></a>_dcmple</STRONG> (Thumb, 120 bytes, Stack size 32 bytes, dleqf.o(x$fpl$dleqf), UNUSED)
<BR><BR>[Calls]<UL><LI><a href="#[de]">&gt;&gt;</a>&nbsp;&nbsp;&nbsp;__fpl_dnaninf
<LI><a href="#[e1]">&gt;&gt;</a>&nbsp;&nbsp;&nbsp;__fpl_dcmp_Inf
</UL>

<P><STRONG><a name="[115]"></a>__fpl_dcmple_InfNaN</STRONG> (Thumb, 0 bytes, Stack size unknown bytes, dleqf.o(x$fpl$dleqf), UNUSED)

<P><STRONG><a name="[d4]"></a>__aeabi_dmul</STRONG> (Thumb, 0 bytes, Stack size 32 bytes, dmul.o(x$fpl$dmul))
<BR><BR>[Stack]<UL><LI>Max Depth = 32<LI>Call Chain = __aeabi_dmul
</UL>
<BR>[Called By]<UL><LI><a href="#[c7]">&gt;&gt;</a>&nbsp;&nbsp;&nbsp;mkfloatnumstr
</UL>

<P><STRONG><a name="[e4]"></a>_dmul</STRONG> (Thumb, 332 bytes, Stack size 32 bytes, dmul.o(x$fpl$dmul), UNUSED)
<BR><BR>[Calls]<UL><LI><a href="#[dd]">&gt;&gt;</a>&nbsp;&nbsp;&nbsp;__fpl_dretinf
<LI><a href="#[de]">&gt;&gt;</a>&nbsp;&nbsp;&nbsp;__fpl_dnaninf
</UL>

<P><STRONG><a name="[de]"></a>__fpl_dnaninf</STRONG> (Thumb, 156 bytes, Stack size 16 bytes, dnaninf.o(x$fpl$dnaninf), UNUSED)
<BR><BR>[Called By]<UL><LI><a href="#[e4]">&gt;&gt;</a>&nbsp;&nbsp;&nbsp;_dmul
<LI><a href="#[e3]">&gt;&gt;</a>&nbsp;&nbsp;&nbsp;_dcmple
<LI><a href="#[e8]">&gt;&gt;</a>&nbsp;&nbsp;&nbsp;_ll_ufrom_d
<LI><a href="#[e2]">&gt;&gt;</a>&nbsp;&nbsp;&nbsp;_dfix
<LI><a href="#[e0]">&gt;&gt;</a>&nbsp;&nbsp;&nbsp;_dcmpeq
<LI><a href="#[df]">&gt;&gt;</a>&nbsp;&nbsp;&nbsp;_ddiv
<LI><a href="#[e7]">&gt;&gt;</a>&nbsp;&nbsp;&nbsp;_dsub
<LI><a href="#[db]">&gt;&gt;</a>&nbsp;&nbsp;&nbsp;_dadd
</UL>

<P><STRONG><a name="[dd]"></a>__fpl_dretinf</STRONG> (Thumb, 12 bytes, Stack size 0 bytes, dretinf.o(x$fpl$dretinf), UNUSED)
<BR><BR>[Called By]<UL><LI><a href="#[e4]">&gt;&gt;</a>&nbsp;&nbsp;&nbsp;_dmul
<LI><a href="#[df]">&gt;&gt;</a>&nbsp;&nbsp;&nbsp;_ddiv
<LI><a href="#[db]">&gt;&gt;</a>&nbsp;&nbsp;&nbsp;_dadd
</UL>

<P><STRONG><a name="[d9]"></a>__aeabi_drsub</STRONG> (Thumb, 0 bytes, Stack size 8 bytes, daddsub_clz.o(x$fpl$drsb))
<BR><BR>[Stack]<UL><LI>Max Depth = 8<LI>Call Chain = __aeabi_drsub
</UL>
<BR>[Called By]<UL><LI><a href="#[c7]">&gt;&gt;</a>&nbsp;&nbsp;&nbsp;mkfloatnumstr
</UL>

<P><STRONG><a name="[e5]"></a>_drsb</STRONG> (Thumb, 22 bytes, Stack size 8 bytes, daddsub_clz.o(x$fpl$drsb), UNUSED)
<BR><BR>[Calls]<UL><LI><a href="#[dc]">&gt;&gt;</a>&nbsp;&nbsp;&nbsp;_dsub1
<LI><a href="#[e6]">&gt;&gt;</a>&nbsp;&nbsp;&nbsp;_dadd1
</UL>

<P><STRONG><a name="[c3]"></a>__aeabi_dsub</STRONG> (Thumb, 0 bytes, Stack size 32 bytes, daddsub_clz.o(x$fpl$dsub))
<BR><BR>[Stack]<UL><LI>Max Depth = 32<LI>Call Chain = __aeabi_dsub
</UL>
<BR>[Called By]<UL><LI><a href="#[c2]">&gt;&gt;</a>&nbsp;&nbsp;&nbsp;__hardfp_modf
</UL>

<P><STRONG><a name="[e7]"></a>_dsub</STRONG> (Thumb, 464 bytes, Stack size 32 bytes, daddsub_clz.o(x$fpl$dsub), UNUSED)
<BR><BR>[Calls]<UL><LI><a href="#[de]">&gt;&gt;</a>&nbsp;&nbsp;&nbsp;__fpl_dnaninf
<LI><a href="#[e6]">&gt;&gt;</a>&nbsp;&nbsp;&nbsp;_dadd1
</UL>

<P><STRONG><a name="[76]"></a>_fp_init</STRONG> (Thumb, 10 bytes, Stack size 0 bytes, fpinit.o(x$fpl$fpinit))
<BR><BR>[Called By]<UL><LI><a href="#[75]">&gt;&gt;</a>&nbsp;&nbsp;&nbsp;__rt_lib_init_fp_1
</UL>

<P><STRONG><a name="[116]"></a>__fplib_config_fpu_vfp</STRONG> (Thumb, 0 bytes, Stack size unknown bytes, fpinit.o(x$fpl$fpinit), UNUSED)

<P><STRONG><a name="[117]"></a>__fplib_config_pureend_doubles</STRONG> (Thumb, 0 bytes, Stack size unknown bytes, fpinit.o(x$fpl$fpinit), UNUSED)

<P><STRONG><a name="[d7]"></a>__aeabi_d2ulz</STRONG> (Thumb, 0 bytes, Stack size 32 bytes, dfixull.o(x$fpl$llufromd))
<BR><BR>[Stack]<UL><LI>Max Depth = 32<LI>Call Chain = __aeabi_d2ulz
</UL>
<BR>[Called By]<UL><LI><a href="#[c7]">&gt;&gt;</a>&nbsp;&nbsp;&nbsp;mkfloatnumstr
</UL>

<P><STRONG><a name="[e8]"></a>_ll_ufrom_d</STRONG> (Thumb, 120 bytes, Stack size 32 bytes, dfixull.o(x$fpl$llufromd), UNUSED)
<BR><BR>[Calls]<UL><LI><a href="#[de]">&gt;&gt;</a>&nbsp;&nbsp;&nbsp;__fpl_dnaninf
</UL>
<P>
<H3>
Local Symbols
</H3>
<P><STRONG><a name="[bf]"></a>PORT_HAL_SetMuxMode</STRONG> (Thumb, 48 bytes, Stack size 16 bytes, pin_mux.o(i.PORT_HAL_SetMuxMode))
<BR><BR>[Stack]<UL><LI>Max Depth = 80 + Unknown Stack Size
<LI>Call Chain = PORT_HAL_SetMuxMode &rArr; __aeabi_assert &rArr; abort &rArr; __rt_SIGABRT &rArr; __rt_SIGABRT_inner &rArr; __default_signal_display &rArr; _ttywrch
</UL>
<BR>[Calls]<UL><LI><a href="#[80]">&gt;&gt;</a>&nbsp;&nbsp;&nbsp;__aeabi_assert
</UL>
<BR>[Called By]<UL><LI><a href="#[ca]">&gt;&gt;</a>&nbsp;&nbsp;&nbsp;configure_uart_pins
</UL>

<P><STRONG><a name="[a5]"></a>CLOCK_HAL_GetInternalRefClkMode</STRONG> (Thumb, 14 bytes, Stack size 0 bytes, fsl_mcg_hal.o(i.CLOCK_HAL_GetInternalRefClkMode))
<BR><BR>[Called By]<UL><LI><a href="#[a1]">&gt;&gt;</a>&nbsp;&nbsp;&nbsp;CLOCK_HAL_UpdateFastClkInternalRefDiv
</UL>

<P><STRONG><a name="[92]"></a>CLOCK_HAL_GetMcgExternalClkFreq</STRONG> (Thumb, 18 bytes, Stack size 8 bytes, fsl_mcg_hal.o(i.CLOCK_HAL_GetMcgExternalClkFreq))
<BR><BR>[Stack]<UL><LI>Max Depth = 8<LI>Call Chain = CLOCK_HAL_GetMcgExternalClkFreq
</UL>
<BR>[Calls]<UL><LI><a href="#[94]">&gt;&gt;</a>&nbsp;&nbsp;&nbsp;CLOCK_HAL_TestOscFreq
</UL>
<BR>[Called By]<UL><LI><a href="#[9c]">&gt;&gt;</a>&nbsp;&nbsp;&nbsp;CLOCK_HAL_GetPll0RefFreq
<LI><a href="#[99]">&gt;&gt;</a>&nbsp;&nbsp;&nbsp;CLOCK_HAL_GetOutClk
<LI><a href="#[90]">&gt;&gt;</a>&nbsp;&nbsp;&nbsp;CLOCK_HAL_GetFllRefClk
</UL>

<P><STRONG><a name="[a4]"></a>CLOCK_HAL_SetInternalRefClkMode</STRONG> (Thumb, 12 bytes, Stack size 0 bytes, fsl_mcg_hal.o(i.CLOCK_HAL_SetInternalRefClkMode))
<BR><BR>[Called By]<UL><LI><a href="#[a1]">&gt;&gt;</a>&nbsp;&nbsp;&nbsp;CLOCK_HAL_UpdateFastClkInternalRefDiv
</UL>

<P><STRONG><a name="[96]"></a>CLOCK_HAL_GetClkOutStat</STRONG> (Thumb, 10 bytes, Stack size 0 bytes, fsl_mcg_hal_modes.o(i.CLOCK_HAL_GetClkOutStat))
<BR><BR>[Called By]<UL><LI><a href="#[a3]">&gt;&gt;</a>&nbsp;&nbsp;&nbsp;CLOCK_HAL_SetPbeMode
<LI><a href="#[a0]">&gt;&gt;</a>&nbsp;&nbsp;&nbsp;CLOCK_HAL_SetFbiMode
<LI><a href="#[9f]">&gt;&gt;</a>&nbsp;&nbsp;&nbsp;CLOCK_HAL_SetFbeMode
<LI><a href="#[95]">&gt;&gt;</a>&nbsp;&nbsp;&nbsp;CLOCK_HAL_GetMcgMode
</UL>

<P><STRONG><a name="[97]"></a>CLOCK_HAL_GetFllSrc</STRONG> (Thumb, 14 bytes, Stack size 0 bytes, fsl_mcg_hal_modes.o(i.CLOCK_HAL_GetFllSrc))
<BR><BR>[Called By]<UL><LI><a href="#[a0]">&gt;&gt;</a>&nbsp;&nbsp;&nbsp;CLOCK_HAL_SetFbiMode
<LI><a href="#[9f]">&gt;&gt;</a>&nbsp;&nbsp;&nbsp;CLOCK_HAL_SetFbeMode
<LI><a href="#[95]">&gt;&gt;</a>&nbsp;&nbsp;&nbsp;CLOCK_HAL_GetMcgMode
</UL>

<P><STRONG><a name="[a2]"></a>CLOCK_HAL_GetInternalRefClkMode</STRONG> (Thumb, 14 bytes, Stack size 0 bytes, fsl_mcg_hal_modes.o(i.CLOCK_HAL_GetInternalRefClkMode))
<BR><BR>[Called By]<UL><LI><a href="#[a0]">&gt;&gt;</a>&nbsp;&nbsp;&nbsp;CLOCK_HAL_SetFbiMode
</UL>

<P><STRONG><a name="[9e]"></a>CLOCK_HAL_IsOsc0Stable</STRONG> (Thumb, 22 bytes, Stack size 0 bytes, fsl_mcg_hal_modes.o(i.CLOCK_HAL_IsOsc0Stable))
<BR><BR>[Called By]<UL><LI><a href="#[9f]">&gt;&gt;</a>&nbsp;&nbsp;&nbsp;CLOCK_HAL_SetFbeMode
<LI><a href="#[9d]">&gt;&gt;</a>&nbsp;&nbsp;&nbsp;CLOCK_HAL_PrepareOsc
</UL>

<P><STRONG><a name="[98]"></a>CLOCK_HAL_IsPllSelected</STRONG> (Thumb, 22 bytes, Stack size 0 bytes, fsl_mcg_hal_modes.o(i.CLOCK_HAL_IsPllSelected))
<BR><BR>[Called By]<UL><LI><a href="#[a3]">&gt;&gt;</a>&nbsp;&nbsp;&nbsp;CLOCK_HAL_SetPbeMode
<LI><a href="#[9f]">&gt;&gt;</a>&nbsp;&nbsp;&nbsp;CLOCK_HAL_SetFbeMode
<LI><a href="#[95]">&gt;&gt;</a>&nbsp;&nbsp;&nbsp;CLOCK_HAL_GetMcgMode
</UL>

<P><STRONG><a name="[9d]"></a>CLOCK_HAL_PrepareOsc</STRONG> (Thumb, 42 bytes, Stack size 16 bytes, fsl_mcg_hal_modes.o(i.CLOCK_HAL_PrepareOsc))
<BR><BR>[Stack]<UL><LI>Max Depth = 16<LI>Call Chain = CLOCK_HAL_PrepareOsc
</UL>
<BR>[Calls]<UL><LI><a href="#[9e]">&gt;&gt;</a>&nbsp;&nbsp;&nbsp;CLOCK_HAL_IsOsc0Stable
</UL>
<BR>[Called By]<UL><LI><a href="#[a3]">&gt;&gt;</a>&nbsp;&nbsp;&nbsp;CLOCK_HAL_SetPbeMode
</UL>

<P><STRONG><a name="[b]"></a>CLOCK_SYS_FllStableDelay</STRONG> (Thumb, 30 bytes, Stack size 8 bytes, fsl_clock_mk64f12.o(i.CLOCK_SYS_FllStableDelay))
<BR><BR>[Stack]<UL><LI>Max Depth = 100<LI>Call Chain = CLOCK_SYS_FllStableDelay &rArr; CLOCK_SYS_GetCoreClockFreq &rArr; CLOCK_HAL_GetOutClk &rArr; CLOCK_HAL_GetFllClk &rArr; CLOCK_HAL_GetFllRefClk &rArr; CLOCK_HAL_TestFllExternalRefFreq
</UL>
<BR>[Calls]<UL><LI><a href="#[a9]">&gt;&gt;</a>&nbsp;&nbsp;&nbsp;CLOCK_SYS_GetCoreClockFreq
</UL>
<BR>[Address Reference Count : 1]<UL><LI> fsl_clock_mk64f12.o(i.CLOCK_SYS_SetConfiguration)
</UL>
<P><STRONG><a name="[b3]"></a>CLOCK_SYS_SetSimConfigration</STRONG> (Thumb, 54 bytes, Stack size 16 bytes, fsl_clock_mk64f12.o(i.CLOCK_SYS_SetSimConfigration))
<BR><BR>[Stack]<UL><LI>Max Depth = 32<LI>Call Chain = CLOCK_SYS_SetSimConfigration &rArr; CLOCK_HAL_SetOutDiv
</UL>
<BR>[Calls]<UL><LI><a href="#[b1]">&gt;&gt;</a>&nbsp;&nbsp;&nbsp;CLOCK_HAL_SetOutDiv
</UL>
<BR>[Called By]<UL><LI><a href="#[8c]">&gt;&gt;</a>&nbsp;&nbsp;&nbsp;CLOCK_SYS_SetConfiguration
</UL>

<P><STRONG><a name="[a7]"></a>SIM_HAL_EnableClock</STRONG> (Thumb, 34 bytes, Stack size 8 bytes, fsl_clock_mk64f12.o(i.SIM_HAL_EnableClock))
<BR><BR>[Stack]<UL><LI>Max Depth = 8<LI>Call Chain = SIM_HAL_EnableClock
</UL>
<BR>[Called By]<UL><LI><a href="#[a6]">&gt;&gt;</a>&nbsp;&nbsp;&nbsp;CLOCK_SYS_EnablePortClock
<LI><a href="#[a8]">&gt;&gt;</a>&nbsp;&nbsp;&nbsp;CLOCK_SYS_EnableUartClock
</UL>

<P><STRONG><a name="[b7]"></a>CLOCK_HAL_GetClkOutStat</STRONG> (Thumb, 10 bytes, Stack size 0 bytes, fsl_clock_manager.o(i.CLOCK_HAL_GetClkOutStat))
<BR><BR>[Called By]<UL><LI><a href="#[b4]">&gt;&gt;</a>&nbsp;&nbsp;&nbsp;CLOCK_SYS_SetMcgPeeToFbe
<LI><a href="#[b2]">&gt;&gt;</a>&nbsp;&nbsp;&nbsp;CLOCK_SYS_SetMcgMode
</UL>

<P><STRONG><a name="[b6]"></a>CLOCK_HAL_SetClkOutSrc</STRONG> (Thumb, 10 bytes, Stack size 0 bytes, fsl_clock_manager.o(i.CLOCK_HAL_SetClkOutSrc))
<BR><BR>[Called By]<UL><LI><a href="#[b4]">&gt;&gt;</a>&nbsp;&nbsp;&nbsp;CLOCK_SYS_SetMcgPeeToFbe
<LI><a href="#[b2]">&gt;&gt;</a>&nbsp;&nbsp;&nbsp;CLOCK_SYS_SetMcgMode
</UL>

<P><STRONG><a name="[b5]"></a>CLOCK_HAL_SetLowPowerModeCmd</STRONG> (Thumb, 12 bytes, Stack size 0 bytes, fsl_clock_manager.o(i.CLOCK_HAL_SetLowPowerModeCmd))
<BR><BR>[Called By]<UL><LI><a href="#[b2]">&gt;&gt;</a>&nbsp;&nbsp;&nbsp;CLOCK_SYS_SetMcgMode
</UL>

<P><STRONG><a name="[b4]"></a>CLOCK_SYS_SetMcgPeeToFbe</STRONG> (Thumb, 66 bytes, Stack size 8 bytes, fsl_clock_manager.o(i.CLOCK_SYS_SetMcgPeeToFbe))
<BR><BR>[Stack]<UL><LI>Max Depth = 8<LI>Call Chain = CLOCK_SYS_SetMcgPeeToFbe
</UL>
<BR>[Calls]<UL><LI><a href="#[b6]">&gt;&gt;</a>&nbsp;&nbsp;&nbsp;CLOCK_HAL_SetClkOutSrc
<LI><a href="#[b7]">&gt;&gt;</a>&nbsp;&nbsp;&nbsp;CLOCK_HAL_GetClkOutStat
</UL>
<BR>[Called By]<UL><LI><a href="#[b2]">&gt;&gt;</a>&nbsp;&nbsp;&nbsp;CLOCK_SYS_SetMcgMode
</UL>

<P><STRONG><a name="[b9]"></a>OSC_HAL_SetExternalRefClkCmd</STRONG> (Thumb, 10 bytes, Stack size 0 bytes, fsl_clock_manager.o(i.OSC_HAL_SetExternalRefClkCmd))
<BR><BR>[Called By]<UL><LI><a href="#[ae]">&gt;&gt;</a>&nbsp;&nbsp;&nbsp;CLOCK_SYS_SetOscerConfigration
</UL>

<P><STRONG><a name="[ba]"></a>OSC_HAL_SetExternalRefClkInStopModeCmd</STRONG> (Thumb, 10 bytes, Stack size 0 bytes, fsl_clock_manager.o(i.OSC_HAL_SetExternalRefClkInStopModeCmd))
<BR><BR>[Called By]<UL><LI><a href="#[ae]">&gt;&gt;</a>&nbsp;&nbsp;&nbsp;CLOCK_SYS_SetOscerConfigration
</UL>

<P><STRONG><a name="[b0]"></a>RTC_HAL_SetOscillatorCmd</STRONG> (Thumb, 14 bytes, Stack size 0 bytes, fsl_clock_manager.o(i.RTC_HAL_SetOscillatorCmd))
<BR><BR>[Called By]<UL><LI><a href="#[8e]">&gt;&gt;</a>&nbsp;&nbsp;&nbsp;CLOCK_SYS_RtcOscInit
</UL>

<P><STRONG><a name="[e]"></a>debug_putc</STRONG> (Thumb, 38 bytes, Stack size 16 bytes, fsl_debug_console.o(i.debug_putc))
<BR><BR>[Stack]<UL><LI>Max Depth = 16<LI>Call Chain = debug_putc
</UL>
<BR>[Address Reference Count : 1]<UL><LI> fsl_debug_console.o(i.debug_printf)
</UL>
<P><STRONG><a name="[c6]"></a>fput_pad</STRONG> (Thumb, 48 bytes, Stack size 40 bytes, print_scan.o(i.fput_pad))
<BR><BR>[Stack]<UL><LI>Max Depth = 40<LI>Call Chain = fput_pad
</UL>
<BR>[Called By]<UL><LI><a href="#[c4]">&gt;&gt;</a>&nbsp;&nbsp;&nbsp;_doprint
</UL>

<P><STRONG><a name="[c7]"></a>mkfloatnumstr</STRONG> (Thumb, 348 bytes, Stack size 120 bytes, print_scan.o(i.mkfloatnumstr))
<BR><BR>[Stack]<UL><LI>Max Depth = 176<LI>Call Chain = mkfloatnumstr &rArr; __hardfp_modf &rArr; __aeabi_dsub
</UL>
<BR>[Calls]<UL><LI><a href="#[c2]">&gt;&gt;</a>&nbsp;&nbsp;&nbsp;__hardfp_modf
<LI><a href="#[d4]">&gt;&gt;</a>&nbsp;&nbsp;&nbsp;__aeabi_dmul
<LI><a href="#[d8]">&gt;&gt;</a>&nbsp;&nbsp;&nbsp;__aeabi_ul2d
<LI><a href="#[d3]">&gt;&gt;</a>&nbsp;&nbsp;&nbsp;__aeabi_i2d
<LI><a href="#[d7]">&gt;&gt;</a>&nbsp;&nbsp;&nbsp;__aeabi_d2ulz
<LI><a href="#[da]">&gt;&gt;</a>&nbsp;&nbsp;&nbsp;__aeabi_d2iz
<LI><a href="#[d2]">&gt;&gt;</a>&nbsp;&nbsp;&nbsp;__aeabi_cdcmpeq
<LI><a href="#[d6]">&gt;&gt;</a>&nbsp;&nbsp;&nbsp;__aeabi_ddiv
<LI><a href="#[d9]">&gt;&gt;</a>&nbsp;&nbsp;&nbsp;__aeabi_drsub
<LI><a href="#[d5]">&gt;&gt;</a>&nbsp;&nbsp;&nbsp;__aeabi_dadd
</UL>
<BR>[Called By]<UL><LI><a href="#[c4]">&gt;&gt;</a>&nbsp;&nbsp;&nbsp;_doprint
</UL>

<P><STRONG><a name="[c5]"></a>mknumstr</STRONG> (Thumb, 166 bytes, Stack size 36 bytes, print_scan.o(i.mknumstr))
<BR><BR>[Stack]<UL><LI>Max Depth = 36<LI>Call Chain = mknumstr
</UL>
<BR>[Called By]<UL><LI><a href="#[c4]">&gt;&gt;</a>&nbsp;&nbsp;&nbsp;_doprint
</UL>

<P><STRONG><a name="[e6]"></a>_dadd1</STRONG> (Thumb, 0 bytes, Stack size unknown bytes, daddsub_clz.o(x$fpl$dadd), UNUSED)
<BR><BR>[Called By]<UL><LI><a href="#[e7]">&gt;&gt;</a>&nbsp;&nbsp;&nbsp;_dsub
<LI><a href="#[e5]">&gt;&gt;</a>&nbsp;&nbsp;&nbsp;_drsb
</UL>

<P><STRONG><a name="[dc]"></a>_dsub1</STRONG> (Thumb, 0 bytes, Stack size unknown bytes, daddsub_clz.o(x$fpl$dsub), UNUSED)
<BR><BR>[Called By]<UL><LI><a href="#[e5]">&gt;&gt;</a>&nbsp;&nbsp;&nbsp;_drsb
<LI><a href="#[db]">&gt;&gt;</a>&nbsp;&nbsp;&nbsp;_dadd
</UL>
<P>
<H3>
Undefined Global Symbols
</H3><HR></body></html>
